ladder   ladder_p6a_mcm1  (full, twobranch-mcm1)
betas    0.012, 0.03
steps    50,000 per point  ->  100,000 total
warm     yes (each point starts from the previous)
seed     checkpoints/ladder_p5  (same beta, weights only)
out      checkpoints/ladder_p6a_mcm1

[1/2] beta 0.012 (lambda*255^2 = 780)  warm start from ladder_p5/beta0.012
----------------------------------------------------------------------
warm-start final.pt (twobranch-split @ step 50,000)
           117 tensors loaded, 16 initialised fresh (e.g. branch_y.mcm.nets.0.fuse.0.weight)

run      ladder_p6a_mcm1/beta0.012
device   mps (Apple Metal)
beta     0.012  (== compressai lambda*255^2 780)
steps    0 -> 50,000   batch 8  crop 256
out      checkpoints/ladder_p6a_mcm1/beta0.012

TwoBranchCodec  internal 420  split-hyper+mcm1  luma=160/160  chroma=96/96  concat=256
  part                    params   kMAC/pxl
  g_a_y                2,051,840       47.8
  g_s_y                2,180,513      254.0
  h_a_y                1,152,800        1.5
  h_s_y                2,075,040        1.4
  g_a_uv               1,241,248       14.6
  g_s_uv               1,801,954       66.4
  h_a_uv                 415,200        0.5
  h_s_uv                 747,360        0.5
  eb_y                     9,760           
  eb_uv                    5,856           
  h_scale_y              642,720        0.2
  mcm_y                1,844,480        1.8
  h_scale_uv             232,032        0.1
  TOTAL               14,400,803      388.6   (54.9 MiB fp32)
  decoder                             324.2   <- compare to paper SOP 8 / BOP 28 / HOP 215
  tables               271.2 KiB

    200/50,000  loss   2.2017  bpp 0.9372  psnr  30.58  aux    10.03  lr 2.00e-05   1.98 it/s  eta  7.00 h  Y/U/V 31.78/39.82/39.84  chroma 24.7%
    400/50,000  loss   2.1935  bpp 0.9340  psnr  30.60  aux     9.64  lr 4.00e-05   2.03 it/s  eta  6.78 h  Y/U/V 31.76/39.92/39.93  chroma 24.7%
    600/50,000  loss   2.1918  bpp 0.9240  psnr  30.64  aux    10.39  lr 6.00e-05   2.03 it/s  eta  6.75 h  Y/U/V 31.84/39.92/39.83  chroma 24.8%
    800/50,000  loss   2.2829  bpp 0.9444  psnr  30.34  aux    11.51  lr 8.00e-05   2.03 it/s  eta  6.72 h  Y/U/V 31.64/39.22/39.33  chroma 24.7%
  1,000/50,000  loss   2.2884  bpp 0.9365  psnr  30.19  aux    19.66  lr 1.00e-04   2.03 it/s  eta  6.70 h  Y/U/V 31.46/39.07/39.30  chroma 24.8%
  1,200/50,000  loss   2.3595  bpp 0.9421  psnr  30.15  aux    23.31  lr 1.00e-04   2.03 it/s  eta  6.67 h  Y/U/V 31.46/39.16/38.98  chroma 24.8%
  1,400/50,000  loss   2.2941  bpp 0.9345  psnr  30.37  aux    27.96  lr 1.00e-04   2.03 it/s  eta  6.64 h  Y/U/V 31.69/39.57/39.17  chroma 24.6%
  1,600/50,000  loss   2.3131  bpp 0.9326  psnr  30.24  aux    31.09  lr 1.00e-04   2.03 it/s  eta  6.62 h  Y/U/V 31.64/38.95/38.87  chroma 25.3%
  1,800/50,000  loss   2.3314  bpp 0.9366  psnr  30.15  aux    29.64  lr 1.00e-04   2.03 it/s  eta  6.59 h  Y/U/V 31.49/39.10/38.92  chroma 25.0%
  2,000/50,000  loss   2.2726  bpp 0.9202  psnr  30.34  aux    28.13  lr 1.00e-04   2.03 it/s  eta  6.56 h  Y/U/V 31.73/39.16/38.99  chroma 25.0%
/Users/nizam/JPEC AI/.venv/lib/python3.12/site-packages/compressai/models/video/google.py:353: FutureWarning: `torch.cuda.amp.autocast(args...)` is deprecated. Please use `torch.amp.autocast('cuda', args...)` instead.
  @amp.autocast(enabled=False)
        rtcheck  act 0.7303  vs est  +1.55%  vs est_q  -0.42%  (sigma grid +1.98%)  oor y 0.000% z 0.030% (uv y 0.000% z 1.201%)  worst z +15 B (+1.3%)  yhat exact  psnr 36.48  ok
        valid    loss   3.0556  bpp 0.9397  psnr  31.17
  2,200/50,000  loss   2.3462  bpp 0.9379  psnr  30.14  aux    31.26  lr 1.00e-04   1.91 it/s  eta  6.96 h  Y/U/V 31.47/39.11/38.96  chroma 24.9%
  2,400/50,000  loss   2.3411  bpp 0.9444  psnr  30.09  aux    33.49  lr 1.00e-04   2.03 it/s  eta  6.51 h  Y/U/V 31.38/38.96/39.17  chroma 24.8%
  2,600/50,000  loss   2.3404  bpp 0.9341  psnr  30.10  aux    29.09  lr 1.00e-04   2.03 it/s  eta  6.48 h  Y/U/V 31.46/38.80/38.97  chroma 25.1%
  2,800/50,000  loss   2.3017  bpp 0.9260  psnr  30.39  aux    32.72  lr 1.00e-04   2.03 it/s  eta  6.46 h  Y/U/V 31.64/39.48/39.40  chroma 24.8%
  3,000/50,000  loss   2.3290  bpp 0.9362  psnr  30.24  aux    30.57  lr 1.00e-04   2.03 it/s  eta  6.43 h  Y/U/V 31.52/39.29/39.14  chroma 24.8%
  3,200/50,000  loss   2.3818  bpp 0.9332  psnr  29.94  aux    27.58  lr 1.00e-04   2.03 it/s  eta  6.40 h  Y/U/V 31.29/39.04/38.70  chroma 25.1%
  3,400/50,000  loss   2.3500  bpp 0.9380  psnr  30.22  aux    30.52  lr 1.00e-04   2.03 it/s  eta  6.38 h  Y/U/V 31.56/39.24/38.96  chroma 25.0%
  3,600/50,000  loss   2.3336  bpp 0.9408  psnr  30.14  aux    37.37  lr 1.00e-04   2.03 it/s  eta  6.35 h  Y/U/V 31.44/39.02/39.07  chroma 25.0%
  3,800/50,000  loss   2.3688  bpp 0.9416  psnr  30.05  aux    30.20  lr 1.00e-04   2.03 it/s  eta  6.32 h  Y/U/V 31.40/38.98/38.89  chroma 24.8%
  4,000/50,000  loss   2.2861  bpp 0.9154  psnr  30.37  aux    23.77  lr 1.00e-04   2.03 it/s  eta  6.29 h  Y/U/V 31.79/39.04/39.26  chroma 25.2%
        rtcheck  act 0.7088  vs est  +1.95%  vs est_q  +0.22%  (sigma grid +1.72%)  oor y 0.000% z 0.017% (uv y 0.000% z 1.519%)  worst z_uv +84 B (+4.0%)  yhat exact  psnr 36.59  **
        valid    loss   2.8709  bpp 0.9204  psnr  31.01
  4,200/50,000  loss   2.3100  bpp 0.9241  psnr  30.12  aux    19.25  lr 1.00e-04   1.97 it/s  eta  6.45 h  Y/U/V 31.49/39.09/38.85  chroma 25.0%
  4,400/50,000  loss   2.3727  bpp 0.9395  psnr  30.05  aux    29.51  lr 1.00e-04   2.03 it/s  eta  6.24 h  Y/U/V 31.36/38.96/39.04  chroma 24.9%
  4,600/50,000  loss   2.2991  bpp 0.9271  psnr  30.37  aux    28.77  lr 1.00e-04   2.03 it/s  eta  6.21 h  Y/U/V 31.64/39.45/39.39  chroma 25.0%
  4,800/50,000  loss   2.3477  bpp 0.9378  psnr  30.11  aux    29.10  lr 1.00e-04   2.03 it/s  eta  6.18 h  Y/U/V 31.52/38.81/38.81  chroma 25.2%
  5,000/50,000  loss   2.3060  bpp 0.9283  psnr  30.31  aux    28.69  lr 1.00e-04   2.03 it/s  eta  6.16 h  Y/U/V 31.67/39.15/39.12  chroma 25.1%
  5,200/50,000  loss   2.3696  bpp 0.9483  psnr  30.07  aux    31.43  lr 1.00e-04   2.03 it/s  eta  6.12 h  Y/U/V 31.41/39.01/38.82  chroma 24.9%
  5,400/50,000  loss   2.2632  bpp 0.9217  psnr  30.52  aux    31.90  lr 1.00e-04   2.03 it/s  eta  6.10 h  Y/U/V 31.85/39.48/39.36  chroma 25.0%
  5,600/50,000  loss   2.3458  bpp 0.9425  psnr  30.11  aux    24.32  lr 1.00e-04   2.03 it/s  eta  6.07 h  Y/U/V 31.48/38.94/38.79  chroma 25.0%
  5,800/50,000  loss   2.3457  bpp 0.9434  psnr  30.18  aux    32.98  lr 1.00e-04   2.03 it/s  eta  6.04 h  Y/U/V 31.49/39.09/39.23  chroma 24.7%
  6,000/50,000  loss   2.2958  bpp 0.9329  psnr  30.28  aux    25.97  lr 1.00e-04   2.03 it/s  eta  6.01 h  Y/U/V 31.74/39.01/38.76  chroma 25.2%
        rtcheck  act 0.7065  vs est  +1.43%  vs est_q  +0.17%  (sigma grid +1.25%)  oor y 0.000% z 0.013% (uv y 0.000% z 1.440%)  worst z_uv +59 B (+2.7%)  yhat exact  psnr 35.67  **
        valid    loss   2.9512  bpp 0.9237  psnr  30.90
  6,200/50,000  loss   2.3361  bpp 0.9377  psnr  30.22  aux    27.98  lr 1.00e-04   1.98 it/s  eta  6.14 h  Y/U/V 31.60/39.09/38.95  chroma 25.1%
  6,400/50,000  loss   2.2888  bpp 0.9244  psnr  30.34  aux    25.27  lr 1.00e-04   2.03 it/s  eta  5.95 h  Y/U/V 31.70/39.27/38.94  chroma 25.1%
  6,600/50,000  loss   2.2758  bpp 0.9265  psnr  30.42  aux    30.10  lr 1.00e-04   2.03 it/s  eta  5.93 h  Y/U/V 31.83/39.32/39.14  chroma 25.2%
  6,800/50,000  loss   2.3179  bpp 0.9453  psnr  30.24  aux    34.57  lr 1.00e-04   2.03 it/s  eta  5.90 h  Y/U/V 31.61/39.00/38.97  chroma 25.0%
  7,000/50,000  loss   2.3377  bpp 0.9296  psnr  30.19  aux    19.95  lr 1.00e-04   2.03 it/s  eta  5.88 h  Y/U/V 31.55/39.06/38.79  chroma 25.0%
  7,200/50,000  loss   2.3488  bpp 0.9444  psnr  30.17  aux    34.77  lr 1.00e-04   2.03 it/s  eta  5.85 h  Y/U/V 31.47/38.95/39.24  chroma 24.8%
  7,400/50,000  loss   2.2934  bpp 0.9293  psnr  30.27  aux    26.13  lr 1.00e-04   2.03 it/s  eta  5.82 h  Y/U/V 31.66/39.24/38.98  chroma 25.1%
  7,600/50,000  loss   2.2877  bpp 0.9366  psnr  30.41  aux    29.93  lr 1.00e-04   2.03 it/s  eta  5.79 h  Y/U/V 31.75/39.31/39.23  chroma 24.9%
  7,800/50,000  loss   2.3531  bpp 0.9415  psnr  30.13  aux    26.80  lr 1.00e-04   2.03 it/s  eta  5.77 h  Y/U/V 31.46/38.95/39.13  chroma 25.0%
  8,000/50,000  loss   2.2843  bpp 0.9336  psnr  30.32  aux    28.78  lr 1.00e-04   2.03 it/s  eta  5.74 h  Y/U/V 31.61/39.28/39.16  chroma 24.9%
        rtcheck  act 0.7138  vs est  +2.56%  vs est_q  +0.39%  (sigma grid +2.17%)  oor y 0.000% z 0.000% (uv y 0.000% z 1.526%)  worst z_uv +174 B (+11.9%)  yhat exact  psnr 34.90  **
        valid    loss   2.9021  bpp 0.9268  psnr  30.52
  8,200/50,000  loss   2.3020  bpp 0.9432  psnr  30.30  aux    27.65  lr 1.00e-04   1.98 it/s  eta  5.87 h  Y/U/V 31.66/39.10/39.18  chroma 25.1%
  8,400/50,000  loss   2.2930  bpp 0.9293  psnr  30.31  aux    25.85  lr 1.00e-04   2.03 it/s  eta  5.68 h  Y/U/V 31.70/39.12/39.06  chroma 25.2%
  8,600/50,000  loss   2.3262  bpp 0.9413  psnr  30.18  aux    23.19  lr 1.00e-04   2.03 it/s  eta  5.66 h  Y/U/V 31.53/39.10/39.02  chroma 25.0%
  8,800/50,000  loss   2.2662  bpp 0.9317  psnr  30.42  aux    26.93  lr 1.00e-04   2.03 it/s  eta  5.63 h  Y/U/V 31.76/39.35/39.12  chroma 25.0%
  9,000/50,000  loss   2.3379  bpp 0.9438  psnr  30.10  aux    30.89  lr 1.00e-04   2.03 it/s  eta  5.60 h  Y/U/V 31.44/38.96/39.03  chroma 24.8%
  9,200/50,000  loss   2.2798  bpp 0.9318  psnr  30.35  aux    30.72  lr 1.00e-04   2.03 it/s  eta  5.57 h  Y/U/V 31.79/38.93/38.91  chroma 25.4%
  9,400/50,000  loss   2.3073  bpp 0.9431  psnr  30.29  aux    29.14  lr 1.00e-04   2.03 it/s  eta  5.55 h  Y/U/V 31.71/39.00/38.90  chroma 25.2%
  9,600/50,000  loss   2.2627  bpp 0.9362  psnr  30.46  aux    26.44  lr 1.00e-04   2.03 it/s  eta  5.52 h  Y/U/V 31.76/39.31/39.33  chroma 24.8%
  9,800/50,000  loss   2.3161  bpp 0.9378  psnr  30.22  aux    29.35  lr 1.00e-04   2.03 it/s  eta  5.49 h  Y/U/V 31.55/39.28/39.20  chroma 25.0%
 10,000/50,000  loss   2.2633  bpp 0.9294  psnr  30.50  aux    27.09  lr 1.00e-04   2.03 it/s  eta  5.46 h  Y/U/V 31.83/39.32/39.44  chroma 25.1%
        rtcheck  act 0.7120  vs est  +1.29%  vs est_q  -0.20%  (sigma grid +1.49%)  oor y 0.000% z 0.000% (uv y 0.000% z 1.013%)  worst y +12 B (+0.0%)  yhat exact  psnr 36.84  ok
        valid    loss   2.7947  bpp 0.9358  psnr  31.46
 10,200/50,000  loss   2.2848  bpp 0.9423  psnr  30.40  aux    30.74  lr 1.00e-04   1.97 it/s  eta  5.60 h  Y/U/V 31.76/39.24/39.10  chroma 25.2%
 10,400/50,000  loss   2.3259  bpp 0.9439  psnr  30.24  aux    24.43  lr 1.00e-04   2.03 it/s  eta  5.41 h  Y/U/V 31.60/39.01/38.99  chroma 25.0%
 10,600/50,000  loss   2.2885  bpp 0.9430  psnr  30.39  aux    24.76  lr 1.00e-04   2.03 it/s  eta  5.39 h  Y/U/V 31.80/39.05/39.21  chroma 25.1%
 10,800/50,000  loss   2.2729  bpp 0.9360  psnr  30.32  aux    28.40  lr 1.00e-04   2.03 it/s  eta  5.36 h  Y/U/V 31.78/38.93/38.78  chroma 25.2%
 11,000/50,000  loss   2.2898  bpp 0.9295  psnr  30.39  aux    29.62  lr 1.00e-04   2.03 it/s  eta  5.33 h  Y/U/V 31.67/39.51/39.29  chroma 25.1%
 11,200/50,000  loss   2.3325  bpp 0.9494  psnr  30.17  aux    32.16  lr 1.00e-04   2.03 it/s  eta  5.30 h  Y/U/V 31.50/39.17/38.95  chroma 24.7%
 11,400/50,000  loss   2.2789  bpp 0.9368  psnr  30.41  aux    27.96  lr 1.00e-04   2.03 it/s  eta  5.28 h  Y/U/V 31.76/39.28/39.23  chroma 25.1%
 11,600/50,000  loss   2.2788  bpp 0.9369  psnr  30.44  aux    31.40  lr 1.00e-04   2.03 it/s  eta  5.25 h  Y/U/V 31.78/39.29/39.27  chroma 25.1%
 11,800/50,000  loss   2.2724  bpp 0.9352  psnr  30.28  aux    23.57  lr 1.00e-04   2.03 it/s  eta  5.22 h  Y/U/V 31.61/39.17/39.10  chroma 25.2%
 12,000/50,000  loss   2.3449  bpp 0.9480  psnr  30.05  aux    27.17  lr 1.00e-04   2.03 it/s  eta  5.19 h  Y/U/V 31.49/38.83/38.70  chroma 24.9%
        rtcheck  act 0.7019  vs est  +2.15%  vs est_q  +0.39%  (sigma grid +1.76%)  oor y 0.000% z 0.000% (uv y 0.000% z 1.526%)  worst z_uv +175 B (+11.4%)  yhat exact  psnr 34.45  **
        valid    loss   2.9018  bpp 0.9199  psnr  30.10
 12,200/50,000  loss   2.3060  bpp 0.9476  psnr  30.33  aux    29.25  lr 1.00e-04   1.98 it/s  eta  5.30 h  Y/U/V 31.68/39.20/39.13  chroma 25.0%
 12,400/50,000  loss   2.2761  bpp 0.9316  psnr  30.46  aux    29.20  lr 1.00e-04   2.03 it/s  eta  5.14 h  Y/U/V 31.85/39.45/38.96  chroma 25.0%
 12,600/50,000  loss   2.2672  bpp 0.9393  psnr  30.42  aux    29.61  lr 1.00e-04   2.03 it/s  eta  5.11 h  Y/U/V 31.86/39.04/38.93  chroma 25.3%
 12,800/50,000  loss   2.2751  bpp 0.9422  psnr  30.39  aux    26.99  lr 1.00e-04   2.03 it/s  eta  5.09 h  Y/U/V 31.70/39.29/39.27  chroma 25.0%
 13,000/50,000  loss   2.3626  bpp 0.9547  psnr  30.09  aux    26.35  lr 1.00e-04   2.03 it/s  eta  5.06 h  Y/U/V 31.53/38.87/38.74  chroma 24.9%
 13,200/50,000  loss   2.2659  bpp 0.9323  psnr  30.42  aux    26.51  lr 1.00e-04   2.03 it/s  eta  5.03 h  Y/U/V 31.91/39.00/38.95  chroma 25.4%
 13,400/50,000  loss   2.2733  bpp 0.9339  psnr  30.37  aux    27.25  lr 1.00e-04   2.03 it/s  eta  5.00 h  Y/U/V 31.69/39.17/39.44  chroma 25.1%
 13,600/50,000  loss   2.2429  bpp 0.9386  psnr  30.60  aux    30.15  lr 1.00e-04   2.03 it/s  eta  4.97 h  Y/U/V 31.86/39.54/39.75  chroma 25.0%
 13,800/50,000  loss   2.2629  bpp 0.9376  psnr  30.51  aux    27.11  lr 1.00e-04   2.03 it/s  eta  4.95 h  Y/U/V 31.86/39.34/39.38  chroma 25.0%
 14,000/50,000  loss   2.2632  bpp 0.9408  psnr  30.39  aux    32.51  lr 1.00e-04   2.03 it/s  eta  4.92 h  Y/U/V 31.73/39.38/39.10  chroma 25.0%
        rtcheck  act 0.7002  vs est  +1.52%  vs est_q  +0.28%  (sigma grid +1.23%)  oor y 0.000% z 0.000% (uv y 0.000% z 1.432%)  worst z_uv +117 B (+6.9%)  yhat exact  psnr 36.54  **
        valid    loss   2.8508  bpp 0.9314  psnr  31.12
 14,200/50,000  loss   2.3227  bpp 0.9548  psnr  30.16  aux    32.62  lr 1.00e-04   1.98 it/s  eta  5.02 h  Y/U/V 31.48/39.01/39.18  chroma 24.9%
 14,400/50,000  loss   2.2696  bpp 0.9355  psnr  30.45  aux    26.93  lr 1.00e-04   2.03 it/s  eta  4.87 h  Y/U/V 31.97/39.04/38.84  chroma 25.4%
 14,600/50,000  loss   2.2963  bpp 0.9558  psnr  30.34  aux    34.71  lr 1.00e-04   2.03 it/s  eta  4.84 h  Y/U/V 31.60/39.13/39.40  chroma 25.0%
 14,800/50,000  loss   2.2568  bpp 0.9294  psnr  30.37  aux    26.61  lr 1.00e-04   2.03 it/s  eta  4.81 h  Y/U/V 31.70/39.25/39.29  chroma 25.0%
 15,000/50,000  loss   2.2487  bpp 0.9466  psnr  30.55  aux    30.85  lr 1.00e-04   2.03 it/s  eta  4.78 h  Y/U/V 31.91/39.43/39.24  chroma 25.2%
 15,200/50,000  loss   2.2288  bpp 0.9383  psnr  30.59  aux    30.10  lr 1.00e-04   2.03 it/s  eta  4.76 h  Y/U/V 31.90/39.56/39.46  chroma 25.2%
 15,400/50,000  loss   2.2753  bpp 0.9380  psnr  30.42  aux    25.81  lr 1.00e-04   2.03 it/s  eta  4.73 h  Y/U/V 31.79/39.13/39.29  chroma 25.2%
 15,600/50,000  loss   2.2753  bpp 0.9340  psnr  30.38  aux    24.63  lr 1.00e-04   2.03 it/s  eta  4.70 h  Y/U/V 31.81/38.95/39.03  chroma 25.4%
 15,800/50,000  loss   2.2577  bpp 0.9409  psnr  30.44  aux    23.78  lr 1.00e-04   2.03 it/s  eta  4.67 h  Y/U/V 31.84/39.47/39.17  chroma 24.8%
 16,000/50,000  loss   2.3120  bpp 0.9597  psnr  30.31  aux    33.33  lr 1.00e-04   2.03 it/s  eta  4.65 h  Y/U/V 31.64/39.21/39.00  chroma 25.1%
        rtcheck  act 0.6867  vs est  +1.62%  vs est_q  +0.28%  (sigma grid +1.34%)  oor y 0.000% z 0.000% (uv y 0.000% z 1.367%)  worst z_uv +111 B (+7.2%)  yhat exact  psnr 36.39  **
        valid    loss   2.8167  bpp 0.9173  psnr  31.23
 16,200/50,000  loss   2.2207  bpp 0.9329  psnr  30.67  aux    28.95  lr 1.00e-04   1.98 it/s  eta  4.74 h  Y/U/V 32.12/39.35/39.20  chroma 25.3%
 16,400/50,000  loss   2.2692  bpp 0.9456  psnr  30.39  aux    30.01  lr 1.00e-04   2.03 it/s  eta  4.59 h  Y/U/V 31.75/39.28/39.11  chroma 25.0%
 16,600/50,000  loss   2.3115  bpp 0.9452  psnr  30.21  aux    26.26  lr 1.00e-04   2.03 it/s  eta  4.56 h  Y/U/V 31.63/38.77/39.09  chroma 25.3%
 16,800/50,000  loss   2.2508  bpp 0.9469  psnr  30.51  aux    29.54  lr 1.00e-04   2.00 it/s  eta  4.61 h  Y/U/V 31.88/39.35/39.14  chroma 24.8%
 17,000/50,000  loss   2.2884  bpp 0.9477  psnr  30.35  aux    27.12  lr 1.00e-04   1.95 it/s  eta  4.69 h  Y/U/V 31.73/39.19/38.99  chroma 24.7%
 17,200/50,000  loss   2.2554  bpp 0.9417  psnr  30.53  aux    25.30  lr 1.00e-04   2.00 it/s  eta  4.56 h  Y/U/V 32.01/39.12/38.99  chroma 25.5%
 17,400/50,000  loss   2.2395  bpp 0.9387  psnr  30.68  aux    28.52  lr 1.00e-04   2.00 it/s  eta  4.53 h  Y/U/V 31.99/39.51/39.53  chroma 25.1%
 17,600/50,000  loss   2.2784  bpp 0.9467  psnr  30.30  aux    31.15  lr 1.00e-04   1.97 it/s  eta  4.58 h  Y/U/V 31.58/39.29/39.26  chroma 25.0%
 17,800/50,000  loss   2.2426  bpp 0.9423  psnr  30.54  aux    26.41  lr 1.00e-04   1.99 it/s  eta  4.49 h  Y/U/V 31.95/39.11/39.28  chroma 25.3%
 18,000/50,000  loss   2.1966  bpp 0.9331  psnr  30.69  aux    28.99  lr 1.00e-04   2.00 it/s  eta  4.45 h  Y/U/V 32.11/39.34/39.29  chroma 25.2%
        rtcheck  act 0.6938  vs est  +1.44%  vs est_q  +0.15%  (sigma grid +1.29%)  oor y 0.000% z 0.000% (uv y 0.000% z 1.223%)  worst z_uv +48 B (+3.0%)  yhat exact  psnr 36.20  **
        valid    loss   2.7626  bpp 0.9222  psnr  31.30
 18,200/50,000  loss   2.3036  bpp 0.9530  psnr  30.31  aux    27.15  lr 1.00e-04   1.93 it/s  eta  4.59 h  Y/U/V 31.79/38.88/38.93  chroma 25.1%
 18,400/50,000  loss   2.2816  bpp 0.9481  psnr  30.33  aux    25.41  lr 1.00e-04   1.99 it/s  eta  4.41 h  Y/U/V 31.71/39.24/39.12  chroma 25.0%
 18,600/50,000  loss   2.2765  bpp 0.9468  psnr  30.34  aux    28.21  lr 1.00e-04   2.02 it/s  eta  4.32 h  Y/U/V 31.78/38.98/38.91  chroma 25.1%
 18,800/50,000  loss   2.2708  bpp 0.9481  psnr  30.45  aux    25.91  lr 1.00e-04   1.99 it/s  eta  4.34 h  Y/U/V 31.91/39.15/38.94  chroma 25.3%
 19,000/50,000  loss   2.2827  bpp 0.9446  psnr  30.37  aux    27.93  lr 1.00e-04   2.00 it/s  eta  4.30 h  Y/U/V 31.72/39.14/39.21  chroma 24.8%
 19,200/50,000  loss   2.2281  bpp 0.9404  psnr  30.49  aux    29.41  lr 1.00e-04   2.00 it/s  eta  4.27 h  Y/U/V 31.94/39.33/38.90  chroma 25.3%
 19,400/50,000  loss   2.2372  bpp 0.9451  psnr  30.72  aux    28.92  lr 1.00e-04   2.02 it/s  eta  4.21 h  Y/U/V 32.06/39.69/39.54  chroma 25.2%
 19,600/50,000  loss   2.2235  bpp 0.9434  psnr  30.69  aux    32.28  lr 1.00e-04   2.02 it/s  eta  4.19 h  Y/U/V 32.08/39.33/39.47  chroma 25.1%
 19,800/50,000  loss   2.2790  bpp 0.9461  psnr  30.36  aux    27.55  lr 1.00e-04   1.93 it/s  eta  4.35 h  Y/U/V 31.72/39.06/39.22  chroma 25.0%
 20,000/50,000  loss   2.2817  bpp 0.9454  psnr  30.41  aux    27.76  lr 1.00e-04   1.87 it/s  eta  4.45 h  Y/U/V 31.80/39.19/39.14  chroma 25.2%
        rtcheck  act 0.6991  vs est  +1.63%  vs est_q  +0.14%  (sigma grid +1.49%)  oor y 0.000% z 0.000% (uv y 0.000% z 1.172%)  worst z_uv +44 B (+2.8%)  yhat exact  psnr 34.60  **
        valid    loss   2.8413  bpp 0.9340  psnr  30.69
 20,200/50,000  loss   2.2867  bpp 0.9445  psnr  30.38  aux    23.71  lr 1.00e-04   1.83 it/s  eta  4.53 h  Y/U/V 31.80/38.92/39.07  chroma 25.2%
 20,400/50,000  loss   2.2763  bpp 0.9514  psnr  30.37  aux    29.13  lr 1.00e-04   1.89 it/s  eta  4.34 h  Y/U/V 31.75/39.20/39.13  chroma 24.9%
 20,600/50,000  loss   2.2033  bpp 0.9359  psnr  30.78  aux    30.38  lr 1.00e-04   2.00 it/s  eta  4.08 h  Y/U/V 32.23/39.46/39.43  chroma 25.4%
 20,800/50,000  loss   2.2418  bpp 0.9507  psnr  30.56  aux    30.03  lr 1.00e-04   1.93 it/s  eta  4.20 h  Y/U/V 31.98/39.26/39.10  chroma 25.0%
 21,000/50,000  loss   2.2903  bpp 0.9491  psnr  30.39  aux    32.71  lr 1.00e-04   1.98 it/s  eta  4.08 h  Y/U/V 31.80/39.19/39.03  chroma 25.3%
 21,200/50,000  loss   2.2083  bpp 0.9350  psnr  30.59  aux    33.18  lr 1.00e-04   2.03 it/s  eta  3.94 h  Y/U/V 31.99/39.18/39.45  chroma 25.1%
 21,400/50,000  loss   2.2386  bpp 0.9495  psnr  30.68  aux    29.54  lr 1.00e-04   2.01 it/s  eta  3.95 h  Y/U/V 32.16/39.31/39.16  chroma 25.3%
 21,600/50,000  loss   2.2409  bpp 0.9533  psnr  30.50  aux    27.10  lr 1.00e-04   2.03 it/s  eta  3.89 h  Y/U/V 31.78/39.43/39.54  chroma 24.9%
 21,800/50,000  loss   2.2606  bpp 0.9536  psnr  30.37  aux    27.65  lr 1.00e-04   2.02 it/s  eta  3.87 h  Y/U/V 31.65/39.25/39.37  chroma 25.0%
 22,000/50,000  loss   2.2107  bpp 0.9330  psnr  30.62  aux    26.13  lr 1.00e-04   2.03 it/s  eta  3.83 h  Y/U/V 32.17/39.31/38.92  chroma 25.5%
        rtcheck  act 0.6900  vs est  +1.37%  vs est_q  +0.16%  (sigma grid +1.21%)  oor y 0.000% z 0.000% (uv y 0.000% z 1.172%)  worst z_uv +58 B (+3.9%)  yhat exact  psnr 36.61  **
        valid    loss   2.7320  bpp 0.9210  psnr  31.16
 22,200/50,000  loss   2.2761  bpp 0.9576  psnr  30.37  aux    21.58  lr 1.00e-04   1.97 it/s  eta  3.92 h  Y/U/V 31.83/38.93/38.90  chroma 24.9%
 22,400/50,000  loss   2.2620  bpp 0.9455  psnr  30.50  aux    25.70  lr 1.00e-04   2.03 it/s  eta  3.77 h  Y/U/V 31.88/39.34/39.08  chroma 25.2%
 22,600/50,000  loss   2.2429  bpp 0.9460  psnr  30.60  aux    34.14  lr 1.00e-04   2.03 it/s  eta  3.75 h  Y/U/V 31.99/39.43/39.33  chroma 25.2%
 22,800/50,000  loss   2.2153  bpp 0.9430  psnr  30.67  aux    36.50  lr 1.00e-04   2.03 it/s  eta  3.72 h  Y/U/V 32.00/39.50/39.55  chroma 25.0%
 23,000/50,000  loss   2.2545  bpp 0.9544  psnr  30.46  aux    28.14  lr 1.00e-04   2.03 it/s  eta  3.69 h  Y/U/V 31.92/38.89/39.05  chroma 25.2%
 23,200/50,000  loss   2.2853  bpp 0.9580  psnr  30.42  aux    29.84  lr 1.00e-04   2.03 it/s  eta  3.67 h  Y/U/V 31.85/39.10/39.01  chroma 25.2%
 23,400/50,000  loss   2.2366  bpp 0.9463  psnr  30.62  aux    30.39  lr 1.00e-04   2.03 it/s  eta  3.64 h  Y/U/V 32.03/39.24/39.50  chroma 25.2%
 23,600/50,000  loss   2.2455  bpp 0.9508  psnr  30.68  aux    32.63  lr 1.00e-04   2.03 it/s  eta  3.61 h  Y/U/V 32.03/39.51/39.46  chroma 25.1%
 23,800/50,000  loss   2.2397  bpp 0.9501  psnr  30.60  aux    27.97  lr 1.00e-04   2.03 it/s  eta  3.58 h  Y/U/V 31.95/39.66/39.25  chroma 24.9%
 24,000/50,000  loss   2.2424  bpp 0.9504  psnr  30.48  aux    28.74  lr 1.00e-04   2.03 it/s  eta  3.56 h  Y/U/V 31.88/39.14/39.21  chroma 25.2%
        rtcheck  act 0.6897  vs est  +1.05%  vs est_q  -0.13%  (sigma grid +1.18%)  oor y 0.000% z 0.000% (uv y 0.000% z 0.723%)  worst y +13 B (+0.0%)  yhat exact  psnr 36.64  ok
        valid    loss   2.6963  bpp 0.9287  psnr  31.64
 24,200/50,000  loss   2.2734  bpp 0.9631  psnr  30.54  aux    32.05  lr 1.00e-04   1.97 it/s  eta  3.63 h  Y/U/V 31.94/39.36/39.12  chroma 25.0%
 24,400/50,000  loss   2.2460  bpp 0.9546  psnr  30.64  aux    34.76  lr 1.00e-04   2.03 it/s  eta  3.50 h  Y/U/V 31.96/39.62/39.45  chroma 24.9%
 24,600/50,000  loss   2.2038  bpp 0.9410  psnr  30.65  aux    18.57  lr 1.00e-04   2.03 it/s  eta  3.47 h  Y/U/V 32.15/39.39/39.22  chroma 25.4%
 24,800/50,000  loss   2.2031  bpp 0.9408  psnr  30.74  aux    23.59  lr 1.00e-04   2.03 it/s  eta  3.45 h  Y/U/V 32.15/39.46/39.40  chroma 25.2%
 25,000/50,000  loss   2.2094  bpp 0.9529  psnr  30.69  aux    26.38  lr 1.00e-04   2.03 it/s  eta  3.42 h  Y/U/V 32.14/39.31/39.25  chroma 25.2%
 25,200/50,000  loss   2.2357  bpp 0.9482  psnr  30.53  aux    26.97  lr 1.00e-04   2.03 it/s  eta  3.39 h  Y/U/V 31.99/39.14/39.13  chroma 25.4%
 25,400/50,000  loss   2.2074  bpp 0.9356  psnr  30.73  aux    28.81  lr 1.00e-04   2.03 it/s  eta  3.37 h  Y/U/V 32.17/39.58/39.38  chroma 25.1%
 25,600/50,000  loss   2.2629  bpp 0.9684  psnr  30.54  aux    32.64  lr 1.00e-04   2.03 it/s  eta  3.34 h  Y/U/V 31.91/39.42/39.36  chroma 24.8%
 25,800/50,000  loss   2.2712  bpp 0.9608  psnr  30.37  aux    30.59  lr 1.00e-04   1.98 it/s  eta  3.40 h  Y/U/V 31.85/38.76/38.88  chroma 25.2%
 26,000/50,000  loss   2.2364  bpp 0.9549  psnr  30.70  aux    28.73  lr 1.00e-04   1.99 it/s  eta  3.34 h  Y/U/V 32.07/39.46/39.49  chroma 25.0%
        rtcheck  act 0.7048  vs est  +1.27%  vs est_q  +0.01%  (sigma grid +1.26%)  oor y 0.000% z 0.000% (uv y 0.000% z 0.825%)  worst y +18 B (+0.0%)  yhat exact  psnr 36.98  ok
        valid    loss   2.7328  bpp 0.9376  psnr  31.47
 26,200/50,000  loss   2.1754  bpp 0.9371  psnr  30.86  aux    32.33  lr 1.00e-04   1.94 it/s  eta  3.41 h  Y/U/V 32.22/39.65/39.73  chroma 25.2%
 26,400/50,000  loss   2.2247  bpp 0.9536  psnr  30.64  aux    31.68  lr 1.00e-04   2.02 it/s  eta  3.24 h  Y/U/V 32.04/39.48/39.18  chroma 25.0%
 26,600/50,000  loss   2.2529  bpp 0.9663  psnr  30.43  aux    24.46  lr 1.00e-04   1.99 it/s  eta  3.27 h  Y/U/V 31.82/39.17/39.29  chroma 24.8%
 26,800/50,000  loss   2.2502  bpp 0.9460  psnr  30.47  aux    21.25  lr 1.00e-04   2.01 it/s  eta  3.21 h  Y/U/V 31.93/39.06/38.98  chroma 25.3%
 27,000/50,000  loss   2.1594  bpp 0.9432  psnr  30.92  aux    34.97  lr 1.00e-04   2.03 it/s  eta  3.15 h  Y/U/V 32.35/39.65/39.44  chroma 25.2%
 27,200/50,000  loss   2.2266  bpp 0.9506  psnr  30.63  aux    33.44  lr 1.00e-04   2.00 it/s  eta  3.17 h  Y/U/V 32.07/39.32/39.36  chroma 25.1%
 27,400/50,000  loss   2.2087  bpp 0.9531  psnr  30.73  aux    28.25  lr 1.00e-04   2.00 it/s  eta  3.14 h  Y/U/V 32.06/39.69/39.68  chroma 25.0%
 27,600/50,000  loss   2.1736  bpp 0.9413  psnr  30.74  aux    29.51  lr 1.00e-04   1.99 it/s  eta  3.13 h  Y/U/V 32.26/39.33/39.06  chroma 25.3%
 27,800/50,000  loss   2.2696  bpp 0.9623  psnr  30.42  aux    26.01  lr 1.00e-04   1.98 it/s  eta  3.12 h  Y/U/V 31.87/39.21/38.85  chroma 25.0%
 28,000/50,000  loss   2.2468  bpp 0.9594  psnr  30.56  aux    30.80  lr 1.00e-04   2.02 it/s  eta  3.03 h  Y/U/V 31.99/39.15/39.20  chroma 25.0%
        rtcheck  act 0.6830  vs est  +1.27%  vs est_q  +0.06%  (sigma grid +1.21%)  oor y 0.000% z 0.000% (uv y 0.000% z 0.897%)  worst y +11 B (+0.0%)  yhat exact  psnr 36.81  ok
        valid    loss   2.7253  bpp 0.9259  psnr  31.23
 28,200/50,000  loss   2.1942  bpp 0.9432  psnr  30.78  aux    26.16  lr 1.00e-04   1.95 it/s  eta  3.11 h  Y/U/V 32.30/39.41/39.07  chroma 25.2%
 28,400/50,000  loss   2.2040  bpp 0.9527  psnr  30.65  aux    31.79  lr 1.00e-04   1.99 it/s  eta  3.02 h  Y/U/V 32.03/39.53/39.35  chroma 25.1%
 28,600/50,000  loss   2.2599  bpp 0.9666  psnr  30.55  aux    30.62  lr 1.00e-04   2.03 it/s  eta  2.93 h  Y/U/V 32.01/38.99/39.12  chroma 25.0%
 28,800/50,000  loss   2.2429  bpp 0.9589  psnr  30.59  aux    30.54  lr 1.00e-04   2.02 it/s  eta  2.92 h  Y/U/V 31.98/39.29/39.36  chroma 25.1%
 29,000/50,000  loss   2.1991  bpp 0.9464  psnr  30.79  aux    30.37  lr 1.00e-04   2.00 it/s  eta  2.92 h  Y/U/V 32.22/39.58/39.25  chroma 25.2%
 29,200/50,000  loss   2.2381  bpp 0.9583  psnr  30.60  aux    32.56  lr 1.00e-04   1.97 it/s  eta  2.93 h  Y/U/V 32.01/39.26/39.33  chroma 24.9%
 29,400/50,000  loss   2.1890  bpp 0.9510  psnr  30.78  aux    34.89  lr 1.00e-04   1.96 it/s  eta  2.93 h  Y/U/V 32.15/39.37/39.62  chroma 24.9%
 29,600/50,000  loss   2.2741  bpp 0.9694  psnr  30.33  aux    29.19  lr 1.00e-04   1.96 it/s  eta  2.89 h  Y/U/V 31.77/39.08/39.03  chroma 25.2%
 29,800/50,000  loss   2.1813  bpp 0.9511  psnr  30.80  aux    29.29  lr 1.00e-04   1.98 it/s  eta  2.84 h  Y/U/V 32.20/39.44/39.50  chroma 25.0%
 30,000/50,000  loss   2.1737  bpp 0.9433  psnr  30.80  aux    25.89  lr 1.00e-04   1.98 it/s  eta  2.80 h  Y/U/V 32.31/39.19/39.38  chroma 25.4%
        rtcheck  act 0.6880  vs est  +1.11%  vs est_q  -0.00%  (sigma grid +1.12%)  oor y 0.000% z 0.000% (uv y 0.000% z 0.752%)  worst y +14 B (+0.0%)  yhat exact  psnr 35.38  ok
        valid    loss   2.6710  bpp 0.9307  psnr  31.42
 30,200/50,000  loss   2.2754  bpp 0.9706  psnr  30.37  aux    30.28  lr 1.00e-04   1.88 it/s  eta  2.92 h  Y/U/V 31.69/39.35/39.13  chroma 24.7%
 30,400/50,000  loss   2.2321  bpp 0.9593  psnr  30.64  aux    34.65  lr 1.00e-04   1.97 it/s  eta  2.76 h  Y/U/V 32.04/39.37/39.21  chroma 25.2%
 30,600/50,000  loss   2.1947  bpp 0.9596  psnr  30.81  aux    28.86  lr 1.00e-04   1.97 it/s  eta  2.74 h  Y/U/V 32.27/39.41/39.23  chroma 25.2%
 30,800/50,000  loss   2.2451  bpp 0.9620  psnr  30.57  aux    24.13  lr 1.00e-04   1.97 it/s  eta  2.71 h  Y/U/V 32.02/39.05/39.33  chroma 25.2%
 31,000/50,000  loss   2.1916  bpp 0.9490  psnr  30.80  aux    33.43  lr 1.00e-04   1.95 it/s  eta  2.71 h  Y/U/V 32.16/39.77/39.50  chroma 25.0%
 31,200/50,000  loss   2.1945  bpp 0.9523  psnr  30.73  aux    30.29  lr 1.00e-04   2.00 it/s  eta  2.61 h  Y/U/V 32.14/39.44/39.42  chroma 24.9%
 31,400/50,000  loss   2.1960  bpp 0.9595  psnr  30.77  aux    28.98  lr 1.00e-04   1.97 it/s  eta  2.63 h  Y/U/V 32.21/39.23/39.47  chroma 25.1%
 31,600/50,000  loss   2.2105  bpp 0.9647  psnr  30.65  aux    29.53  lr 1.00e-04   1.97 it/s  eta  2.60 h  Y/U/V 32.06/39.41/39.28  chroma 25.0%
 31,800/50,000  loss   2.2137  bpp 0.9542  psnr  30.65  aux    27.46  lr 1.00e-04   2.01 it/s  eta  2.52 h  Y/U/V 32.16/39.22/39.23  chroma 25.2%
 32,000/50,000  loss   2.2213  bpp 0.9537  psnr  30.62  aux    30.19  lr 1.00e-04   1.97 it/s  eta  2.53 h  Y/U/V 32.06/39.24/39.24  chroma 25.0%
        rtcheck  act 0.6944  vs est  +1.47%  vs est_q  +0.11%  (sigma grid +1.36%)  oor y 0.000% z 0.000% (uv y 0.000% z 0.854%)  worst z_uv +25 B (+1.8%)  yhat exact  psnr 36.18  ok
        valid    loss   2.6879  bpp 0.9324  psnr  31.43
 32,200/50,000  loss   2.1815  bpp 0.9513  psnr  30.73  aux    26.30  lr 1.00e-04   1.86 it/s  eta  2.66 h  Y/U/V 32.20/39.22/39.45  chroma 25.1%
 32,400/50,000  loss   2.2528  bpp 0.9683  psnr  30.50  aux    31.43  lr 1.00e-04   1.99 it/s  eta  2.46 h  Y/U/V 31.91/39.15/39.26  chroma 24.7%
 32,600/50,000  loss   2.1952  bpp 0.9477  psnr  30.69  aux    29.52  lr 1.00e-04   2.00 it/s  eta  2.42 h  Y/U/V 32.24/39.11/39.15  chroma 25.3%
 32,800/50,000  loss   2.1904  bpp 0.9645  psnr  30.83  aux    37.95  lr 1.00e-04   2.00 it/s  eta  2.39 h  Y/U/V 32.28/39.50/39.31  chroma 25.0%
 33,000/50,000  loss   2.1866  bpp 0.9546  psnr  30.70  aux    33.98  lr 1.00e-04   1.99 it/s  eta  2.38 h  Y/U/V 32.14/39.22/39.42  chroma 24.9%
 33,200/50,000  loss   2.2276  bpp 0.9602  psnr  30.71  aux    31.39  lr 1.00e-04   2.03 it/s  eta  2.30 h  Y/U/V 32.18/39.37/39.26  chroma 25.2%
 33,400/50,000  loss   2.2330  bpp 0.9764  psnr  30.59  aux    34.63  lr 1.00e-04   2.03 it/s  eta  2.28 h  Y/U/V 32.00/39.32/39.13  chroma 24.9%
 33,600/50,000  loss   2.1666  bpp 0.9489  psnr  30.96  aux    31.40  lr 1.00e-04   2.03 it/s  eta  2.25 h  Y/U/V 32.41/39.62/39.62  chroma 25.0%
 33,800/50,000  loss   2.2075  bpp 0.9608  psnr  30.67  aux    24.74  lr 1.00e-04   2.02 it/s  eta  2.22 h  Y/U/V 32.17/39.13/39.13  chroma 25.2%
 34,000/50,000  loss   2.1729  bpp 0.9590  psnr  30.90  aux    25.61  lr 1.00e-04   2.03 it/s  eta  2.19 h  Y/U/V 32.37/39.44/39.60  chroma 24.9%
        rtcheck  act 0.6880  vs est  +1.01%  vs est_q  +0.04%  (sigma grid +0.97%)  oor y 0.000% z 0.000% (uv y 0.000% z 0.694%)  worst y_uv +7 B (+0.1%)  yhat exact  psnr 35.94  ok
        valid    loss   2.7999  bpp 0.9393  psnr  30.79
 34,200/50,000  loss   2.2121  bpp 0.9642  psnr  30.87  aux    33.22  lr 1.00e-04   1.97 it/s  eta  2.23 h  Y/U/V 32.32/39.60/39.32  chroma 24.9%
 34,400/50,000  loss   2.2089  bpp 0.9552  psnr  30.63  aux    31.37  lr 1.00e-04   2.03 it/s  eta  2.14 h  Y/U/V 32.02/39.37/39.45  chroma 25.0%
 34,600/50,000  loss   2.1974  bpp 0.9565  psnr  30.74  aux    27.29  lr 1.00e-04   2.01 it/s  eta  2.13 h  Y/U/V 32.23/39.27/39.29  chroma 25.3%
 34,800/50,000  loss   2.1741  bpp 0.9551  psnr  30.84  aux    32.91  lr 1.00e-04   1.99 it/s  eta  2.12 h  Y/U/V 32.29/39.50/39.38  chroma 25.0%
 35,000/50,000  loss   2.1836  bpp 0.9657  psnr  30.89  aux    34.48  lr 1.00e-04   1.96 it/s  eta  2.12 h  Y/U/V 32.34/39.41/39.53  chroma 25.0%
 35,200/50,000  loss   2.2396  bpp 0.9684  psnr  30.61  aux    30.32  lr 1.00e-04   1.90 it/s  eta  2.17 h  Y/U/V 31.94/39.48/39.42  chroma 24.8%
 35,400/50,000  loss   2.1874  bpp 0.9640  psnr  30.90  aux    32.51  lr 1.00e-04   1.98 it/s  eta  2.04 h  Y/U/V 32.35/39.34/39.58  chroma 25.1%
 35,600/50,000  loss   2.1489  bpp 0.9551  psnr  30.93  aux    32.78  lr 1.00e-04   2.02 it/s  eta  1.98 h  Y/U/V 32.40/39.52/39.47  chroma 25.1%
 35,800/50,000  loss   2.2158  bpp 0.9655  psnr  30.62  aux    26.36  lr 1.00e-04   2.03 it/s  eta  1.95 h  Y/U/V 32.08/39.34/39.19  chroma 25.0%
 36,000/50,000  loss   2.1883  bpp 0.9616  psnr  30.78  aux    30.09  lr 1.00e-04   2.02 it/s  eta  1.92 h  Y/U/V 32.18/39.48/39.58  chroma 25.0%
        rtcheck  act 0.6890  vs est  +1.29%  vs est_q  +0.17%  (sigma grid +1.12%)  oor y 0.000% z 0.000% (uv y 0.000% z 0.810%)  worst z_uv +55 B (+4.5%)  yhat exact  psnr 36.86  **
        valid    loss   2.7163  bpp 0.9384  psnr  31.37
 36,200/50,000  loss   2.1946  bpp 0.9658  psnr  30.75  aux    30.14  lr 1.00e-04   1.96 it/s  eta  1.95 h  Y/U/V 32.29/39.08/39.06  chroma 25.1%
 36,400/50,000  loss   2.2043  bpp 0.9628  psnr  30.79  aux    31.87  lr 1.00e-04   2.02 it/s  eta  1.87 h  Y/U/V 32.20/39.42/39.43  chroma 25.0%
 36,600/50,000  loss   2.1634  bpp 0.9613  psnr  30.92  aux    38.73  lr 1.00e-04   2.03 it/s  eta  1.84 h  Y/U/V 32.34/39.67/39.52  chroma 24.8%
 36,800/50,000  loss   2.1781  bpp 0.9604  psnr  30.77  aux    28.14  lr 1.00e-04   2.03 it/s  eta  1.81 h  Y/U/V 32.16/39.53/39.37  chroma 24.9%
 37,000/50,000  loss   2.1597  bpp 0.9594  psnr  31.03  aux    31.29  lr 1.00e-04   1.98 it/s  eta  1.82 h  Y/U/V 32.44/39.77/39.67  chroma 24.9%
 37,200/50,000  loss   2.1718  bpp 0.9580  psnr  30.82  aux    25.93  lr 1.00e-04   1.96 it/s  eta  1.82 h  Y/U/V 32.21/39.45/39.65  chroma 25.1%
 37,400/50,000  loss   2.2109  bpp 0.9681  psnr  30.79  aux    31.05  lr 1.00e-04   2.01 it/s  eta  1.74 h  Y/U/V 32.40/39.14/39.08  chroma 25.3%
 37,600/50,000  loss   2.2136  bpp 0.9721  psnr  30.80  aux    35.60  lr 1.00e-04   1.99 it/s  eta  1.73 h  Y/U/V 32.15/39.67/39.74  chroma 24.8%
 37,800/50,000  loss   2.1898  bpp 0.9632  psnr  30.75  aux    30.76  lr 1.00e-04   1.96 it/s  eta  1.73 h  Y/U/V 32.20/39.42/39.23  chroma 24.9%
 38,000/50,000  loss   2.2339  bpp 0.9722  psnr  30.64  aux    23.14  lr 1.00e-04   1.97 it/s  eta  1.69 h  Y/U/V 32.11/39.21/39.19  chroma 24.9%
        rtcheck  act 0.6881  vs est  +1.29%  vs est_q  +0.14%  (sigma grid +1.15%)  oor y 0.000% z 0.000% (uv y 0.000% z 0.709%)  worst z_uv +42 B (+3.4%)  yhat exact  psnr 35.30  **
        valid    loss   2.6754  bpp 0.9423  psnr  31.31
 38,200/50,000  loss   2.1521  bpp 0.9548  psnr  31.05  aux    27.12  lr 1.00e-04   1.91 it/s  eta  1.72 h  Y/U/V 32.48/39.69/39.65  chroma 25.0%
 38,400/50,000  loss   2.1646  bpp 0.9617  psnr  30.92  aux    34.84  lr 1.00e-04   2.00 it/s  eta  1.61 h  Y/U/V 32.34/39.57/39.53  chroma 25.1%
 38,600/50,000  loss   2.1171  bpp 0.9461  psnr  31.14  aux    34.93  lr 1.00e-04   2.00 it/s  eta  1.59 h  Y/U/V 32.63/39.72/39.67  chroma 25.3%
 38,800/50,000  loss   2.1870  bpp 0.9732  psnr  30.88  aux    37.36  lr 1.00e-04   2.02 it/s  eta  1.54 h  Y/U/V 32.32/39.43/39.40  chroma 24.9%
 39,000/50,000  loss   2.1842  bpp 0.9638  psnr  30.89  aux    27.99  lr 1.00e-04   2.00 it/s  eta  1.53 h  Y/U/V 32.29/39.51/39.68  chroma 24.7%
 39,200/50,000  loss   2.2127  bpp 0.9759  psnr  30.80  aux    29.95  lr 1.00e-04   1.96 it/s  eta  1.53 h  Y/U/V 32.23/39.46/39.36  chroma 24.9%
 39,400/50,000  loss   2.1592  bpp 0.9697  psnr  30.98  aux    33.25  lr 1.00e-04   2.00 it/s  eta  1.47 h  Y/U/V 32.39/39.72/39.56  chroma 24.9%
 39,600/50,000  loss   2.1913  bpp 0.9683  psnr  30.81  aux    29.07  lr 1.00e-04   1.99 it/s  eta  1.45 h  Y/U/V 32.33/39.26/39.34  chroma 25.0%
 39,800/50,000  loss   2.1987  bpp 0.9631  psnr  30.73  aux    25.92  lr 1.00e-04   1.98 it/s  eta  1.43 h  Y/U/V 32.22/39.23/39.26  chroma 25.1%
 40,000/50,000  loss   2.1498  bpp 0.9610  psnr  31.05  aux    35.70  lr 1.00e-04   2.00 it/s  eta  1.39 h  Y/U/V 32.51/39.63/39.75  chroma 25.0%
        rtcheck  act 0.7084  vs est  +2.26%  vs est_q  +0.10%  (sigma grid +2.15%)  oor y 0.000% z 0.000% (uv y 0.000% z 0.687%)  worst z_uv +21 B (+1.3%)  yhat exact  psnr 37.03  ok
        valid    loss   2.6653  bpp 0.9580  psnr  31.73
 40,200/50,000  loss   2.1672  bpp 0.9701  psnr  30.96  aux    34.06  lr 1.00e-04   1.93 it/s  eta  1.41 h  Y/U/V 32.42/39.57/39.42  chroma 25.0%
 40,400/50,000  loss   2.1604  bpp 0.9652  psnr  30.86  aux    32.56  lr 1.00e-04   2.00 it/s  eta  1.33 h  Y/U/V 32.17/39.85/39.67  chroma 24.8%
 40,600/50,000  loss   2.1364  bpp 0.9464  psnr  31.09  aux    33.14  lr 1.00e-04   2.02 it/s  eta  1.30 h  Y/U/V 32.58/39.56/39.54  chroma 25.2%
 40,800/50,000  loss   2.2292  bpp 0.9881  psnr  30.65  aux    29.50  lr 1.00e-04   2.03 it/s  eta  1.26 h  Y/U/V 32.15/39.29/39.14  chroma 24.9%
 41,000/50,000  loss   2.2162  bpp 0.9814  psnr  30.79  aux    33.58  lr 1.00e-04   2.03 it/s  eta  1.23 h  Y/U/V 32.22/39.39/39.57  chroma 24.9%
 41,200/50,000  loss   2.1685  bpp 0.9603  psnr  30.97  aux    30.32  lr 1.00e-04   2.03 it/s  eta  1.21 h  Y/U/V 32.47/39.53/39.33  chroma 25.3%
 41,400/50,000  loss   2.1434  bpp 0.9649  psnr  30.96  aux    36.05  lr 1.00e-04   2.03 it/s  eta  1.18 h  Y/U/V 32.39/39.47/39.55  chroma 25.0%
 41,600/50,000  loss   2.1699  bpp 0.9598  psnr  30.87  aux    28.00  lr 1.00e-04   2.03 it/s  eta  1.15 h  Y/U/V 32.29/39.48/39.49  chroma 24.9%
 41,800/50,000  loss   2.1747  bpp 0.9743  psnr  30.89  aux    31.95  lr 1.00e-04   2.03 it/s  eta  1.12 h  Y/U/V 32.38/39.40/39.32  chroma 25.1%
 42,000/50,000  loss   2.1900  bpp 0.9700  psnr  30.89  aux    30.67  lr 1.00e-04   2.03 it/s  eta  1.09 h  Y/U/V 32.34/39.53/39.52  chroma 25.1%
        rtcheck  act 0.6961  vs est  +1.74%  vs est_q  +0.22%  (sigma grid +1.52%)  oor y 0.000% z 0.000% (uv y 0.000% z 0.702%)  worst z_uv +79 B (+6.3%)  yhat exact  psnr 37.13  **
        valid    loss   2.6333  bpp 0.9420  psnr  31.59
 42,200/50,000  loss   2.1566  bpp 0.9727  psnr  30.98  aux    31.65  lr 1.00e-04   1.97 it/s  eta  1.10 h  Y/U/V 32.44/39.74/39.49  chroma 24.7%
 42,400/50,000  loss   2.1547  bpp 0.9527  psnr  30.97  aux    36.58  lr 1.00e-04   2.03 it/s  eta  1.04 h  Y/U/V 32.41/39.60/39.56  chroma 24.9%
 42,600/50,000  loss   2.2040  bpp 0.9787  psnr  30.80  aux    33.29  lr 1.00e-04   2.03 it/s  eta  1.01 h  Y/U/V 32.21/39.57/39.43  chroma 24.8%
 42,800/50,000  loss   2.2172  bpp 0.9803  psnr  30.76  aux    40.42  lr 1.00e-04   2.03 it/s  eta  0.98 h  Y/U/V 32.16/39.44/39.35  chroma 24.9%
 43,000/50,000  loss   2.1554  bpp 0.9610  psnr  30.73  aux    24.88  lr 1.00e-04   2.03 it/s  eta  0.96 h  Y/U/V 32.27/39.07/39.29  chroma 24.7%
 43,200/50,000  loss   2.1170  bpp 0.9528  psnr  31.11  aux    28.56  lr 1.00e-04   2.03 it/s  eta  0.93 h  Y/U/V 32.70/39.50/39.33  chroma 25.3%
 43,400/50,000  loss   2.1469  bpp 0.9577  psnr  30.85  aux    26.16  lr 1.00e-04   2.03 it/s  eta  0.90 h  Y/U/V 32.39/39.55/39.23  chroma 24.9%
 43,600/50,000  loss   2.1490  bpp 0.9655  psnr  31.08  aux    38.79  lr 1.00e-04   2.03 it/s  eta  0.88 h  Y/U/V 32.47/39.88/39.68  chroma 25.0%
 43,800/50,000  loss   2.2099  bpp 0.9728  psnr  30.81  aux    28.76  lr 1.00e-04   2.02 it/s  eta  0.85 h  Y/U/V 32.24/39.41/39.49  chroma 25.1%
 44,000/50,000  loss   2.1823  bpp 0.9750  psnr  30.88  aux    37.07  lr 1.00e-04   1.99 it/s  eta  0.84 h  Y/U/V 32.37/39.37/39.45  chroma 25.0%
        rtcheck  act 0.6885  vs est  +1.14%  vs est_q  +0.28%  (sigma grid +0.87%)  oor y 0.000% z 0.000% (uv y 0.000% z 0.861%)  worst z_uv +113 B (+10.3%)  yhat exact  psnr 36.89  **
        valid    loss   2.6240  bpp 0.9489  psnr  31.72
 44,200/50,000  loss   2.1316  bpp 0.9586  psnr  31.08  aux    35.21  lr 1.00e-04   1.93 it/s  eta  0.83 h  Y/U/V 32.50/39.75/39.71  chroma 25.0%
 44,400/50,000  loss   2.1537  bpp 0.9648  psnr  31.07  aux    41.94  lr 1.00e-04   2.01 it/s  eta  0.77 h  Y/U/V 32.57/39.69/39.54  chroma 25.2%
 44,600/50,000  loss   2.1533  bpp 0.9683  psnr  30.99  aux    28.54  lr 1.00e-04   2.01 it/s  eta  0.75 h  Y/U/V 32.51/39.37/39.46  chroma 25.0%
 44,800/50,000  loss   2.2205  bpp 0.9837  psnr  30.67  aux    31.43  lr 1.00e-04   2.00 it/s  eta  0.72 h  Y/U/V 32.11/39.16/39.52  chroma 24.7%
 45,000/50,000  loss   2.1531  bpp 0.9678  psnr  30.97  aux    30.89  lr 1.00e-04   1.98 it/s  eta  0.70 h  Y/U/V 32.47/39.46/39.59  chroma 25.0%
 45,200/50,000  loss   2.1468  bpp 0.9657  psnr  31.02  aux    32.97  lr 9.96e-05   1.99 it/s  eta  0.67 h  Y/U/V 32.49/39.54/39.51  chroma 25.0%
 45,400/50,000  loss   2.1564  bpp 0.9690  psnr  30.93  aux    37.67  lr 9.86e-05   2.00 it/s  eta  0.64 h  Y/U/V 32.45/39.29/39.44  chroma 25.0%
 45,600/50,000  loss   2.1597  bpp 0.9737  psnr  30.96  aux    38.44  lr 9.69e-05   1.98 it/s  eta  0.62 h  Y/U/V 32.41/39.72/39.43  chroma 24.8%
 45,800/50,000  loss   2.1808  bpp 0.9695  psnr  30.92  aux    27.95  lr 9.44e-05   1.98 it/s  eta  0.59 h  Y/U/V 32.39/39.56/39.38  chroma 24.9%
 46,000/50,000  loss   2.1663  bpp 0.9783  psnr  30.93  aux    28.89  lr 9.14e-05   1.97 it/s  eta  0.56 h  Y/U/V 32.37/39.47/39.59  chroma 25.0%
        rtcheck  act 0.6967  vs est  +1.01%  vs est_q  +0.18%  (sigma grid +0.84%)  oor y 0.000% z 0.000% (uv y 0.000% z 0.658%)  worst z_uv +73 B (+5.6%)  yhat exact  psnr 37.24  **
        valid    loss   2.6217  bpp 0.9512  psnr  32.06
 46,200/50,000  loss   2.1097  bpp 0.9554  psnr  31.28  aux    32.15  lr 8.78e-05   1.86 it/s  eta  0.57 h  Y/U/V 32.77/39.78/39.99  chroma 25.1%
 46,400/50,000  loss   2.1556  bpp 0.9717  psnr  30.99  aux    24.62  lr 8.37e-05   1.98 it/s  eta  0.50 h  Y/U/V 32.44/39.55/39.61  chroma 24.8%
 46,600/50,000  loss   2.1088  bpp 0.9639  psnr  31.08  aux    24.43  lr 7.91e-05   2.00 it/s  eta  0.47 h  Y/U/V 32.62/39.61/39.47  chroma 25.0%
 46,800/50,000  loss   2.1143  bpp 0.9688  psnr  31.17  aux    27.69  lr 7.42e-05   2.01 it/s  eta  0.44 h  Y/U/V 32.56/39.97/39.94  chroma 24.7%
 47,000/50,000  loss   2.1215  bpp 0.9777  psnr  31.16  aux    26.67  lr 6.89e-05   2.03 it/s  eta  0.41 h  Y/U/V 32.56/39.78/39.99  chroma 24.7%
 47,200/50,000  loss   2.0950  bpp 0.9691  psnr  31.36  aux    20.80  lr 6.35e-05   2.02 it/s  eta  0.39 h  Y/U/V 32.79/39.89/39.86  chroma 25.1%
 47,400/50,000  loss   2.1047  bpp 0.9774  psnr  31.15  aux    16.82  lr 5.79e-05   2.03 it/s  eta  0.36 h  Y/U/V 32.56/39.79/39.81  chroma 24.8%
 47,600/50,000  loss   2.0563  bpp 0.9626  psnr  31.49  aux    14.46  lr 5.22e-05   2.03 it/s  eta  0.33 h  Y/U/V 32.93/40.05/40.13  chroma 25.1%
 47,800/50,000  loss   2.0355  bpp 0.9645  psnr  31.43  aux    17.73  lr 4.66e-05   2.02 it/s  eta  0.30 h  Y/U/V 32.83/40.15/40.16  chroma 24.8%
 48,000/50,000  loss   2.0915  bpp 0.9781  psnr  31.25  aux    15.09  lr 4.11e-05   2.00 it/s  eta  0.28 h  Y/U/V 32.61/40.01/40.06  chroma 24.6%
        rtcheck  act 0.6953  vs est  +1.12%  vs est_q  +0.20%  (sigma grid +0.92%)  oor y 0.000% z 0.000% (uv y 0.000% z 0.723%)  worst z_uv +80 B (+6.4%)  yhat exact  psnr 37.63  **
        valid    loss   2.4878  bpp 0.9517  psnr  32.35
 48,200/50,000  loss   2.0447  bpp 0.9681  psnr  31.51  aux    12.81  lr 3.59e-05   1.89 it/s  eta  0.27 h  Y/U/V 32.94/40.17/40.19  chroma 25.0%
 48,400/50,000  loss   2.0450  bpp 0.9731  psnr  31.26  aux    12.06  lr 3.09e-05   1.96 it/s  eta  0.23 h  Y/U/V 32.65/40.00/39.93  chroma 24.9%
 48,600/50,000  loss   2.0527  bpp 0.9773  psnr  31.27  aux    11.41  lr 2.63e-05   1.98 it/s  eta  0.20 h  Y/U/V 32.55/40.17/40.33  chroma 24.5%
 48,800/50,000  loss   2.0256  bpp 0.9719  psnr  31.59  aux    11.33  lr 2.22e-05   1.96 it/s  eta  0.17 h  Y/U/V 32.92/40.44/40.53  chroma 24.6%
 49,000/50,000  loss   2.0125  bpp 0.9677  psnr  31.66  aux    10.80  lr 1.86e-05   2.00 it/s  eta  0.14 h  Y/U/V 33.06/40.30/40.48  chroma 24.8%
 49,200/50,000  loss   2.0031  bpp 0.9686  psnr  31.60  aux    10.47  lr 1.56e-05   2.02 it/s  eta  0.11 h  Y/U/V 32.98/40.38/40.52  chroma 24.7%
 49,400/50,000  loss   2.0600  bpp 0.9879  psnr  31.25  aux    10.15  lr 1.32e-05   2.03 it/s  eta  0.08 h  Y/U/V 32.59/40.11/40.14  chroma 24.5%
 49,600/50,000  loss   2.0076  bpp 0.9723  psnr  31.56  aux     9.92  lr 1.14e-05   2.03 it/s  eta  0.05 h  Y/U/V 32.88/40.37/40.44  chroma 24.8%
 49,800/50,000  loss   2.0067  bpp 0.9680  psnr  31.51  aux     9.63  lr 1.04e-05   2.03 it/s  eta  0.03 h  Y/U/V 32.82/40.22/40.64  chroma 24.7%
 50,000/50,000  loss   2.0462  bpp 0.9873  psnr  31.35  aux     9.25  lr 1.00e-05   2.03 it/s  eta  0.00 h  Y/U/V 32.71/40.02/40.32  chroma 24.6%
        rtcheck  act 0.7038  vs est  +1.05%  vs est_q  +0.18%  (sigma grid +0.87%)  oor y 0.000% z 0.000% (uv y 0.000% z 0.767%)  worst z_uv +72 B (+5.4%)  yhat exact  psnr 37.86  **
        valid    loss   2.4446  bpp 0.9614  psnr  32.58

final    bpp 0.9614  psnr 32.58
gate     actual 0.7038 bpp
         vs estimate with quantised sigma: +0.18%   <- the coder/table gate, target +-0.5%
         vs estimate the loss saw:         +1.05%   (of which +0.87% is the 32-level sigma grid)
         out of table range: y 0.000%  z 0.000%
         per stream (bytes vs that stream's own estimate): y +0.03% (+10.4 B)  y_uv +0.08% (+6.9 B)  z +0.74% (+4.9 B)  z_uv +5.38% (+71.6 B)
         ** z_uv disagrees with its own table by +72 B (+5.4%) -- the coder is faithful to a table that is not the density the rate loss was trained against
         yhat bit-exact through the coder: True
wrote    checkpoints/ladder_p6a_mcm1/beta0.012/final.pt
[2/2] beta 0.03 (lambda*255^2 = 1951)  warm start from ladder_p5/beta0.03
----------------------------------------------------------------------
warm-start final.pt (twobranch-split @ step 50,000)
           117 tensors loaded, 16 initialised fresh (e.g. branch_y.mcm.nets.0.fuse.0.weight)

run      ladder_p6a_mcm1/beta0.03
device   mps (Apple Metal)
beta     0.03  (== compressai lambda*255^2 1951)
steps    0 -> 50,000   batch 8  crop 256
out      checkpoints/ladder_p6a_mcm1/beta0.03

TwoBranchCodec  internal 420  split-hyper+mcm1  luma=160/160  chroma=96/96  concat=256
  part                    params   kMAC/pxl
  g_a_y                2,051,840       47.8
  g_s_y                2,180,513      254.0
  h_a_y                1,152,800        1.5
  h_s_y                2,075,040        1.4
  g_a_uv               1,241,248       14.6
  g_s_uv               1,801,954       66.4
  h_a_uv                 415,200        0.5
  h_s_uv                 747,360        0.5
  eb_y                     9,760           
  eb_uv                    5,856           
  h_scale_y              642,720        0.2
  mcm_y                1,844,480        1.8
  h_scale_uv             232,032        0.1
  TOTAL               14,400,803      388.6   (54.9 MiB fp32)
  decoder                             324.2   <- compare to paper SOP 8 / BOP 28 / HOP 215
  tables               259.6 KiB

    200/50,000  loss   3.3292  bpp 1.3150  psnr  32.38  aux    11.78  lr 2.00e-05   1.98 it/s  eta  6.98 h  Y/U/V 33.92/40.88/40.89  chroma 25.5%
    400/50,000  loss   3.3264  bpp 1.3105  psnr  32.39  aux    11.32  lr 4.00e-05   2.03 it/s  eta  6.78 h  Y/U/V 33.84/40.94/41.04  chroma 25.4%
    600/50,000  loss   3.3334  bpp 1.2973  psnr  32.39  aux    12.00  lr 6.00e-05   2.03 it/s  eta  6.75 h  Y/U/V 33.95/40.81/40.73  chroma 25.6%
    800/50,000  loss   3.4895  bpp 1.3282  psnr  32.11  aux    15.25  lr 8.00e-05   2.03 it/s  eta  6.72 h  Y/U/V 33.68/40.39/40.55  chroma 25.4%
  1,000/50,000  loss   3.5292  bpp 1.3163  psnr  31.90  aux    21.68  lr 1.00e-04   2.03 it/s  eta  6.70 h  Y/U/V 33.52/40.03/40.33  chroma 25.5%
  1,200/50,000  loss   3.6360  bpp 1.3258  psnr  31.84  aux    26.10  lr 1.00e-04   2.03 it/s  eta  6.66 h  Y/U/V 33.45/40.22/40.08  chroma 25.4%
  1,400/50,000  loss   3.5480  bpp 1.3167  psnr  32.05  aux    35.69  lr 1.00e-04   2.03 it/s  eta  6.64 h  Y/U/V 33.66/40.55/40.09  chroma 25.2%
  1,600/50,000  loss   3.6227  bpp 1.3060  psnr  31.81  aux    24.24  lr 1.00e-04   2.03 it/s  eta  6.61 h  Y/U/V 33.53/40.00/39.81  chroma 26.0%
  1,800/50,000  loss   3.5942  bpp 1.3189  psnr  31.85  aux    32.21  lr 1.00e-04   2.03 it/s  eta  6.59 h  Y/U/V 33.54/40.00/39.93  chroma 25.7%
  2,000/50,000  loss   3.4973  bpp 1.2897  psnr  32.04  aux    29.87  lr 1.00e-04   2.03 it/s  eta  6.56 h  Y/U/V 33.73/40.35/39.98  chroma 25.7%
        rtcheck  act 0.9754  vs est  +1.12%  vs est_q  +0.16%  (sigma grid +0.96%)  oor y 0.000% z 0.000% (uv y 0.000% z 0.593%)  worst z_uv +95 B (+8.9%)  yhat exact  psnr 38.17  **
        valid    loss   4.6506  bpp 1.3177  psnr  32.88
  2,200/50,000  loss   3.6504  bpp 1.3179  psnr  31.73  aux    37.73  lr 1.00e-04   1.97 it/s  eta  6.73 h  Y/U/V 33.48/39.87/39.77  chroma 25.6%
  2,400/50,000  loss   3.6356  bpp 1.3249  psnr  31.71  aux    29.20  lr 1.00e-04   2.03 it/s  eta  6.50 h  Y/U/V 33.33/39.93/40.03  chroma 25.4%
  2,600/50,000  loss   3.6052  bpp 1.3136  psnr  31.77  aux    34.53  lr 1.00e-04   2.03 it/s  eta  6.47 h  Y/U/V 33.48/39.80/39.88  chroma 25.8%
  2,800/50,000  loss   3.5603  bpp 1.2984  psnr  31.96  aux    30.94  lr 1.00e-04   2.03 it/s  eta  6.45 h  Y/U/V 33.56/40.50/40.11  chroma 25.5%
  3,000/50,000  loss   3.6021  bpp 1.3107  psnr  31.87  aux    25.96  lr 1.00e-04   2.03 it/s  eta  6.42 h  Y/U/V 33.51/40.15/40.09  chroma 25.6%
  3,200/50,000  loss   3.7201  bpp 1.3151  psnr  31.51  aux    33.17  lr 1.00e-04   2.03 it/s  eta  6.39 h  Y/U/V 33.18/39.86/39.77  chroma 25.8%
  3,400/50,000  loss   3.6478  bpp 1.3180  psnr  31.90  aux    38.42  lr 1.00e-04   2.03 it/s  eta  6.37 h  Y/U/V 33.52/40.40/39.98  chroma 25.7%
  3,600/50,000  loss   3.6143  bpp 1.3224  psnr  31.82  aux    36.43  lr 1.00e-04   2.03 it/s  eta  6.34 h  Y/U/V 33.39/40.05/40.23  chroma 25.7%
  3,800/50,000  loss   3.6567  bpp 1.3163  psnr  31.65  aux    27.02  lr 1.00e-04   2.03 it/s  eta  6.31 h  Y/U/V 33.38/39.82/39.73  chroma 25.6%
  4,000/50,000  loss   3.5362  bpp 1.2857  psnr  32.10  aux    30.88  lr 1.00e-04   2.03 it/s  eta  6.28 h  Y/U/V 33.82/40.07/40.48  chroma 26.0%
        rtcheck  act 0.9699  vs est  +0.86%  vs est_q  +0.16%  (sigma grid +0.70%)  oor y 0.000% z 0.000% (uv y 0.000% z 0.579%)  worst z_uv +94 B (+8.3%)  yhat exact  psnr 37.74  **
        valid    loss   4.7278  bpp 1.3146  psnr  32.58
  4,200/50,000  loss   3.5692  bpp 1.3015  psnr  31.92  aux    28.95  lr 1.00e-04   1.98 it/s  eta  6.43 h  Y/U/V 33.53/40.40/40.18  chroma 25.6%
  4,400/50,000  loss   3.6838  bpp 1.3144  psnr  31.60  aux    25.23  lr 1.00e-04   2.03 it/s  eta  6.23 h  Y/U/V 33.31/39.59/39.90  chroma 25.7%
  4,600/50,000  loss   3.5556  bpp 1.3030  psnr  32.02  aux    35.17  lr 1.00e-04   2.03 it/s  eta  6.20 h  Y/U/V 33.58/40.51/40.37  chroma 25.6%
  4,800/50,000  loss   3.6649  bpp 1.3173  psnr  31.70  aux    29.41  lr 1.00e-04   2.03 it/s  eta  6.17 h  Y/U/V 33.44/39.87/39.62  chroma 26.0%
  5,000/50,000  loss   3.5766  bpp 1.3042  psnr  31.94  aux    32.23  lr 1.00e-04   2.03 it/s  eta  6.15 h  Y/U/V 33.58/40.08/40.28  chroma 25.6%
  5,200/50,000  loss   3.6842  bpp 1.3313  psnr  31.69  aux    33.61  lr 1.00e-04   2.03 it/s  eta  6.12 h  Y/U/V 33.29/40.04/40.06  chroma 25.6%
  5,400/50,000  loss   3.4902  bpp 1.2891  psnr  32.15  aux    31.84  lr 1.00e-04   2.03 it/s  eta  6.09 h  Y/U/V 33.87/40.34/40.12  chroma 25.8%
  5,600/50,000  loss   3.6607  bpp 1.3233  psnr  31.76  aux    23.78  lr 1.00e-04   2.03 it/s  eta  6.07 h  Y/U/V 33.44/40.02/39.81  chroma 25.9%
  5,800/50,000  loss   3.6140  bpp 1.3144  psnr  31.84  aux    25.09  lr 1.00e-04   2.03 it/s  eta  6.04 h  Y/U/V 33.43/40.28/40.19  chroma 25.5%
  6,000/50,000  loss   3.5509  bpp 1.3097  psnr  31.98  aux    29.47  lr 1.00e-04   2.03 it/s  eta  6.01 h  Y/U/V 33.72/40.07/39.99  chroma 26.0%
        rtcheck  act 0.9714  vs est  +0.36%  vs est_q  +0.16%  (sigma grid +0.20%)  oor y 0.000% z 0.000% (uv y 0.000% z 0.586%)  worst z_uv +95 B (+7.0%)  yhat exact  psnr 38.05  **
        valid    loss   4.7109  bpp 1.3237  psnr  32.85
  6,200/50,000  loss   3.6135  bpp 1.3137  psnr  31.84  aux    26.45  lr 1.00e-04   1.98 it/s  eta  6.15 h  Y/U/V 33.50/40.23/40.11  chroma 25.8%
  6,400/50,000  loss   3.5351  bpp 1.3019  psnr  32.09  aux    32.33  lr 1.00e-04   2.03 it/s  eta  5.96 h  Y/U/V 33.75/40.38/40.12  chroma 25.8%
  6,600/50,000  loss   3.5473  bpp 1.2973  psnr  31.97  aux    28.75  lr 1.00e-04   2.03 it/s  eta  5.92 h  Y/U/V 33.73/40.06/40.09  chroma 26.0%
  6,800/50,000  loss   3.6182  bpp 1.3217  psnr  31.79  aux    27.53  lr 1.00e-04   2.04 it/s  eta  5.90 h  Y/U/V 33.45/39.95/39.85  chroma 25.7%
  7,000/50,000  loss   3.6167  bpp 1.3041  psnr  31.85  aux    26.74  lr 1.00e-04   2.03 it/s  eta  5.87 h  Y/U/V 33.53/40.01/39.76  chroma 25.8%
  7,200/50,000  loss   3.6562  bpp 1.3175  psnr  31.70  aux    28.03  lr 1.00e-04   2.03 it/s  eta  5.85 h  Y/U/V 33.27/40.14/40.06  chroma 25.6%
  7,400/50,000  loss   3.5575  bpp 1.3049  psnr  31.87  aux    28.26  lr 1.00e-04   2.03 it/s  eta  5.82 h  Y/U/V 33.60/40.00/39.92  chroma 25.9%
  7,600/50,000  loss   3.5449  bpp 1.3109  psnr  31.99  aux    30.36  lr 1.00e-04   2.03 it/s  eta  5.80 h  Y/U/V 33.66/40.19/40.22  chroma 25.8%
  7,800/50,000  loss   3.7011  bpp 1.3195  psnr  31.56  aux    24.46  lr 1.00e-04   2.03 it/s  eta  5.77 h  Y/U/V 33.26/39.80/39.76  chroma 25.9%
  8,000/50,000  loss   3.5498  bpp 1.3055  psnr  31.97  aux    27.03  lr 1.00e-04   2.03 it/s  eta  5.74 h  Y/U/V 33.51/40.38/40.46  chroma 25.8%
        rtcheck  act 0.9963  vs est  +1.23%  vs est_q  +0.19%  (sigma grid +1.04%)  oor y 0.000% z 0.000% (uv y 0.000% z 0.666%)  worst z_uv +115 B (+10.9%)  yhat exact  psnr 37.86  **
        valid    loss   4.7403  bpp 1.3396  psnr  32.50
  8,200/50,000  loss   3.5771  bpp 1.3253  psnr  31.94  aux    34.95  lr 1.00e-04   1.98 it/s  eta  5.86 h  Y/U/V 33.58/40.14/40.20  chroma 25.8%
  8,400/50,000  loss   3.5717  bpp 1.3065  psnr  31.93  aux    32.06  lr 1.00e-04   2.04 it/s  eta  5.66 h  Y/U/V 33.61/40.28/40.02  chroma 25.8%
  8,600/50,000  loss   3.6008  bpp 1.3218  psnr  31.85  aux    28.01  lr 1.00e-04   2.04 it/s  eta  5.64 h  Y/U/V 33.50/40.03/40.02  chroma 25.7%
  8,800/50,000  loss   3.5497  bpp 1.3054  psnr  31.98  aux    25.11  lr 1.00e-04   2.04 it/s  eta  5.61 h  Y/U/V 33.69/40.18/39.93  chroma 25.7%
  9,000/50,000  loss   3.7145  bpp 1.3199  psnr  31.54  aux    22.29  lr 1.00e-04   2.04 it/s  eta  5.58 h  Y/U/V 33.16/40.06/39.82  chroma 25.5%
  9,200/50,000  loss   3.5342  bpp 1.3053  psnr  32.05  aux    33.53  lr 1.00e-04   2.04 it/s  eta  5.56 h  Y/U/V 33.72/40.21/40.24  chroma 26.2%
  9,400/50,000  loss   3.5623  bpp 1.3220  psnr  31.99  aux    33.01  lr 1.00e-04   2.04 it/s  eta  5.53 h  Y/U/V 33.71/40.08/40.06  chroma 26.0%
  9,600/50,000  loss   3.5200  bpp 1.3074  psnr  31.98  aux    24.57  lr 1.00e-04   2.04 it/s  eta  5.50 h  Y/U/V 33.62/40.18/40.26  chroma 25.6%
  9,800/50,000  loss   3.5951  bpp 1.3141  psnr  31.83  aux    30.95  lr 1.00e-04   2.04 it/s  eta  5.47 h  Y/U/V 33.41/40.37/40.27  chroma 25.7%
 10,000/50,000  loss   3.5403  bpp 1.3030  psnr  32.00  aux    30.06  lr 1.00e-04   2.04 it/s  eta  5.45 h  Y/U/V 33.68/40.17/40.20  chroma 26.0%
        rtcheck  act 0.9823  vs est  +1.18%  vs est_q  +0.15%  (sigma grid +1.02%)  oor y 0.000% z 0.000% (uv y 0.000% z 0.448%)  worst z_uv +82 B (+6.0%)  yhat exact  psnr 38.34  **
        valid    loss   4.5792  bpp 1.3308  psnr  33.06
 10,200/50,000  loss   3.5547  bpp 1.3224  psnr  31.95  aux    32.28  lr 1.00e-04   1.97 it/s  eta  5.61 h  Y/U/V 33.66/40.04/40.03  chroma 26.0%
 10,400/50,000  loss   3.6437  bpp 1.3261  psnr  31.82  aux    23.96  lr 1.00e-04   2.03 it/s  eta  5.41 h  Y/U/V 33.50/40.01/40.05  chroma 25.8%
 10,600/50,000  loss   3.5819  bpp 1.3208  psnr  31.89  aux    27.19  lr 1.00e-04   2.03 it/s  eta  5.38 h  Y/U/V 33.66/39.93/39.99  chroma 25.9%
 10,800/50,000  loss   3.5429  bpp 1.3126  psnr  31.96  aux    36.24  lr 1.00e-04   2.03 it/s  eta  5.36 h  Y/U/V 33.70/39.99/40.02  chroma 26.0%
 11,000/50,000  loss   3.5350  bpp 1.3034  psnr  32.00  aux    28.64  lr 1.00e-04   2.03 it/s  eta  5.33 h  Y/U/V 33.66/40.32/40.20  chroma 25.9%
 11,200/50,000  loss   3.6120  bpp 1.3278  psnr  31.82  aux    30.91  lr 1.00e-04   2.03 it/s  eta  5.30 h  Y/U/V 33.42/40.13/40.33  chroma 25.6%
 11,400/50,000  loss   3.5310  bpp 1.3130  psnr  32.09  aux    29.76  lr 1.00e-04   2.03 it/s  eta  5.27 h  Y/U/V 33.74/40.31/40.19  chroma 25.8%
 11,600/50,000  loss   3.5307  bpp 1.3145  psnr  32.06  aux    34.38  lr 1.00e-04   2.03 it/s  eta  5.25 h  Y/U/V 33.69/40.32/40.37  chroma 25.8%
 11,800/50,000  loss   3.5693  bpp 1.3119  psnr  31.75  aux    23.99  lr 1.00e-04   2.03 it/s  eta  5.22 h  Y/U/V 33.43/39.74/40.06  chroma 26.1%
 12,000/50,000  loss   3.5986  bpp 1.3292  psnr  31.83  aux    31.78  lr 1.00e-04   2.03 it/s  eta  5.19 h  Y/U/V 33.51/39.98/39.99  chroma 25.7%
        rtcheck  act 0.9766  vs est  +0.98%  vs est_q  +0.17%  (sigma grid +0.81%)  oor y 0.000% z 0.000% (uv y 0.000% z 0.571%)  worst z_uv +102 B (+8.0%)  yhat exact  psnr 36.58  **
        valid    loss   4.7600  bpp 1.3279  psnr  31.91
 12,200/50,000  loss   3.5818  bpp 1.3272  psnr  31.89  aux    26.72  lr 1.00e-04   1.98 it/s  eta  5.30 h  Y/U/V 33.58/39.99/40.13  chroma 25.8%
 12,400/50,000  loss   3.5295  bpp 1.3031  psnr  32.04  aux    28.58  lr 1.00e-04   2.03 it/s  eta  5.13 h  Y/U/V 33.74/40.56/39.91  chroma 25.8%
 12,600/50,000  loss   3.5279  bpp 1.3140  psnr  32.03  aux    30.57  lr 1.00e-04   2.03 it/s  eta  5.11 h  Y/U/V 33.79/39.92/40.05  chroma 26.1%
 12,800/50,000  loss   3.5835  bpp 1.3216  psnr  31.88  aux    25.14  lr 1.00e-04   2.03 it/s  eta  5.08 h  Y/U/V 33.44/40.33/40.29  chroma 25.7%
 13,000/50,000  loss   3.6797  bpp 1.3452  psnr  31.71  aux    33.99  lr 1.00e-04   2.03 it/s  eta  5.05 h  Y/U/V 33.40/39.94/39.80  chroma 25.7%
 13,200/50,000  loss   3.5487  bpp 1.3084  psnr  32.00  aux    32.81  lr 1.00e-04   2.03 it/s  eta  5.03 h  Y/U/V 33.76/40.23/40.03  chroma 26.3%
 13,400/50,000  loss   3.5196  bpp 1.3101  psnr  32.00  aux    26.62  lr 1.00e-04   2.03 it/s  eta  5.00 h  Y/U/V 33.58/40.22/40.59  chroma 25.9%
 13,600/50,000  loss   3.4865  bpp 1.3142  psnr  32.24  aux    31.56  lr 1.00e-04   2.03 it/s  eta  4.97 h  Y/U/V 33.81/40.50/40.61  chroma 25.8%
 13,800/50,000  loss   3.4883  bpp 1.3131  psnr  32.21  aux    31.04  lr 1.00e-04   2.03 it/s  eta  4.95 h  Y/U/V 33.82/40.51/40.40  chroma 25.7%
 14,000/50,000  loss   3.5082  bpp 1.3205  psnr  31.94  aux    32.65  lr 1.00e-04   2.03 it/s  eta  4.92 h  Y/U/V 33.67/40.18/39.89  chroma 25.8%
        rtcheck  act 0.9847  vs est  +1.17%  vs est_q  +0.15%  (sigma grid +1.01%)  oor y 0.000% z 0.000% (uv y 0.000% z 0.579%)  worst z_uv +93 B (+9.2%)  yhat exact  psnr 38.63  **
        valid    loss   4.7736  bpp 1.3458  psnr  32.62
 14,200/50,000  loss   3.6070  bpp 1.3385  psnr  31.79  aux    33.49  lr 1.00e-04   1.98 it/s  eta  5.02 h  Y/U/V 33.39/40.12/40.08  chroma 25.7%
 14,400/50,000  loss   3.5327  bpp 1.3100  psnr  32.01  aux    28.48  lr 1.00e-04   2.03 it/s  eta  4.86 h  Y/U/V 33.77/40.20/40.00  chroma 26.2%
 14,600/50,000  loss   3.5999  bpp 1.3365  psnr  31.76  aux    27.41  lr 1.00e-04   2.03 it/s  eta  4.84 h  Y/U/V 33.43/39.81/39.95  chroma 25.8%
 14,800/50,000  loss   3.5041  bpp 1.3031  psnr  31.96  aux    28.67  lr 1.00e-04   2.03 it/s  eta  4.81 h  Y/U/V 33.62/40.19/40.09  chroma 25.8%
 15,000/50,000  loss   3.4959  bpp 1.3276  psnr  32.10  aux    32.97  lr 1.00e-04   2.03 it/s  eta  4.78 h  Y/U/V 33.82/40.44/39.99  chroma 26.0%
 15,200/50,000  loss   3.4983  bpp 1.3142  psnr  32.11  aux    29.35  lr 1.00e-04   2.03 it/s  eta  4.75 h  Y/U/V 33.72/40.47/40.22  chroma 25.9%
 15,400/50,000  loss   3.5385  bpp 1.3168  psnr  32.03  aux    28.34  lr 1.00e-04   2.03 it/s  eta  4.73 h  Y/U/V 33.73/40.19/40.11  chroma 26.0%
 15,600/50,000  loss   3.5045  bpp 1.3104  psnr  32.11  aux    32.52  lr 1.00e-04   2.03 it/s  eta  4.70 h  Y/U/V 33.86/40.12/40.14  chroma 26.2%
 15,800/50,000  loss   3.5450  bpp 1.3273  psnr  32.03  aux    26.72  lr 1.00e-04   2.03 it/s  eta  4.67 h  Y/U/V 33.79/40.31/39.99  chroma 25.7%
 16,000/50,000  loss   3.5861  bpp 1.3417  psnr  31.92  aux    35.34  lr 1.00e-04   2.03 it/s  eta  4.64 h  Y/U/V 33.47/40.38/40.37  chroma 25.8%
        rtcheck  act 0.9739  vs est  +1.26%  vs est_q  +0.17%  (sigma grid +1.09%)  oor y 0.000% z 0.000% (uv y 0.000% z 0.579%)  worst z_uv +96 B (+8.9%)  yhat exact  psnr 38.59  **
        valid    loss   4.5612  bpp 1.3241  psnr  33.16
 16,200/50,000  loss   3.4561  bpp 1.3106  psnr  32.30  aux    33.15  lr 1.00e-04   1.97 it/s  eta  4.76 h  Y/U/V 34.05/40.24/40.28  chroma 26.1%
 16,400/50,000  loss   3.5190  bpp 1.3239  psnr  31.97  aux    27.00  lr 1.00e-04   2.03 it/s  eta  4.59 h  Y/U/V 33.61/40.30/40.22  chroma 25.9%
 16,600/50,000  loss   3.6087  bpp 1.3282  psnr  31.81  aux    28.79  lr 1.00e-04   2.03 it/s  eta  4.56 h  Y/U/V 33.52/39.88/40.05  chroma 26.0%
 16,800/50,000  loss   3.4913  bpp 1.3298  psnr  32.20  aux    31.61  lr 1.00e-04   2.03 it/s  eta  4.53 h  Y/U/V 33.77/40.53/40.56  chroma 25.6%
 17,000/50,000  loss   3.5100  bpp 1.3272  psnr  32.01  aux    25.83  lr 1.00e-04   2.03 it/s  eta  4.51 h  Y/U/V 33.68/40.25/40.17  chroma 25.5%
 17,200/50,000  loss   3.5090  bpp 1.3213  psnr  32.13  aux    30.65  lr 1.00e-04   2.03 it/s  eta  4.48 h  Y/U/V 33.91/40.21/40.05  chroma 26.3%
 17,400/50,000  loss   3.4565  bpp 1.3133  psnr  32.29  aux    27.36  lr 1.00e-04   2.03 it/s  eta  4.46 h  Y/U/V 33.94/40.42/40.52  chroma 26.0%
 17,600/50,000  loss   3.5244  bpp 1.3238  psnr  31.86  aux    27.95  lr 1.00e-04   2.03 it/s  eta  4.43 h  Y/U/V 33.44/40.32/40.13  chroma 25.8%
 17,800/50,000  loss   3.4997  bpp 1.3216  psnr  32.09  aux    28.38  lr 1.00e-04   2.03 it/s  eta  4.40 h  Y/U/V 33.79/40.16/40.39  chroma 26.0%
 18,000/50,000  loss   3.4447  bpp 1.3118  psnr  32.25  aux    30.50  lr 1.00e-04   2.03 it/s  eta  4.37 h  Y/U/V 33.91/40.47/40.36  chroma 25.9%
        rtcheck  act 0.9849  vs est  +1.07%  vs est_q  +0.18%  (sigma grid +0.89%)  oor y 0.000% z 0.000% (uv y 0.000% z 0.456%)  worst z_uv +100 B (+6.6%)  yhat exact  psnr 37.85  **
        valid    loss   4.6125  bpp 1.3395  psnr  32.63
 18,200/50,000  loss   3.6171  bpp 1.3378  psnr  31.87  aux    27.16  lr 1.00e-04   1.98 it/s  eta  4.46 h  Y/U/V 33.59/40.08/40.04  chroma 25.9%
 18,400/50,000  loss   3.5554  bpp 1.3358  psnr  31.94  aux    29.10  lr 1.00e-04   2.03 it/s  eta  4.31 h  Y/U/V 33.57/40.43/40.17  chroma 25.9%
 18,600/50,000  loss   3.5761  bpp 1.3278  psnr  31.91  aux    27.90  lr 1.00e-04   2.03 it/s  eta  4.29 h  Y/U/V 33.55/40.21/40.15  chroma 26.0%
 18,800/50,000  loss   3.5814  bpp 1.3289  psnr  32.01  aux    29.81  lr 1.00e-04   2.03 it/s  eta  4.26 h  Y/U/V 33.79/40.00/40.08  chroma 26.1%
 19,000/50,000  loss   3.5591  bpp 1.3301  psnr  31.92  aux    32.57  lr 1.00e-04   2.03 it/s  eta  4.23 h  Y/U/V 33.56/40.08/40.15  chroma 25.6%
 19,200/50,000  loss   3.4467  bpp 1.3181  psnr  32.15  aux    34.65  lr 1.00e-04   2.03 it/s  eta  4.21 h  Y/U/V 33.83/40.52/40.11  chroma 26.1%
 19,400/50,000  loss   3.4774  bpp 1.3262  psnr  32.27  aux    30.54  lr 1.00e-04   2.03 it/s  eta  4.18 h  Y/U/V 34.00/40.46/40.24  chroma 26.0%
 19,600/50,000  loss   3.4602  bpp 1.3213  psnr  32.24  aux    26.27  lr 1.00e-04   2.03 it/s  eta  4.15 h  Y/U/V 33.97/40.20/40.22  chroma 26.0%
 19,800/50,000  loss   3.5946  bpp 1.3346  psnr  31.85  aux    35.89  lr 1.00e-04   2.03 it/s  eta  4.13 h  Y/U/V 33.46/40.14/40.29  chroma 25.7%
 20,000/50,000  loss   3.5114  bpp 1.3241  psnr  32.06  aux    27.68  lr 1.00e-04   2.03 it/s  eta  4.10 h  Y/U/V 33.73/40.41/40.08  chroma 26.0%
        rtcheck  act 0.9765  vs est  +0.57%  vs est_q  +0.13%  (sigma grid +0.44%)  oor y 0.000% z 0.000% (uv y 0.000% z 0.514%)  worst z_uv +84 B (+8.0%)  yhat exact  psnr 38.27  **
        valid    loss   4.5253  bpp 1.3350  psnr  32.84
 20,200/50,000  loss   3.5484  bpp 1.3274  psnr  32.01  aux    26.84  lr 1.00e-04   1.97 it/s  eta  4.21 h  Y/U/V 33.70/40.30/40.08  chroma 26.0%
 20,400/50,000  loss   3.5593  bpp 1.3388  psnr  31.97  aux    32.32  lr 1.00e-04   2.03 it/s  eta  4.04 h  Y/U/V 33.62/40.20/40.25  chroma 25.8%
 20,600/50,000  loss   3.4350  bpp 1.3128  psnr  32.30  aux    36.88  lr 1.00e-04   2.03 it/s  eta  4.02 h  Y/U/V 34.11/40.44/40.18  chroma 26.1%
 20,800/50,000  loss   3.4862  bpp 1.3319  psnr  32.05  aux    26.88  lr 1.00e-04   2.03 it/s  eta  3.99 h  Y/U/V 33.80/40.05/40.09  chroma 25.9%
 21,000/50,000  loss   3.5693  bpp 1.3383  psnr  31.97  aux    29.51  lr 1.00e-04   2.03 it/s  eta  3.96 h  Y/U/V 33.66/40.07/40.09  chroma 25.9%
 21,200/50,000  loss   3.4422  bpp 1.3074  psnr  32.18  aux    26.15  lr 1.00e-04   2.03 it/s  eta  3.94 h  Y/U/V 33.81/40.39/40.50  chroma 26.0%
 21,400/50,000  loss   3.4607  bpp 1.3309  psnr  32.34  aux    31.82  lr 1.00e-04   2.03 it/s  eta  3.91 h  Y/U/V 34.15/40.30/40.17  chroma 26.1%
 21,600/50,000  loss   3.4970  bpp 1.3384  psnr  32.05  aux    34.20  lr 1.00e-04   2.03 it/s  eta  3.88 h  Y/U/V 33.69/40.34/40.24  chroma 25.8%
 21,800/50,000  loss   3.5004  bpp 1.3395  psnr  32.04  aux    33.68  lr 1.00e-04   2.03 it/s  eta  3.85 h  Y/U/V 33.61/40.31/40.40  chroma 25.8%
 22,000/50,000  loss   3.4073  bpp 1.3078  psnr  32.27  aux    28.66  lr 1.00e-04   2.03 it/s  eta  3.83 h  Y/U/V 34.08/40.44/40.13  chroma 26.3%
        rtcheck  act 0.9864  vs est  +1.28%  vs est_q  +0.15%  (sigma grid +1.13%)  oor y 0.000% z 0.000% (uv y 0.000% z 0.543%)  worst z_uv +87 B (+9.0%)  yhat exact  psnr 38.69  **
        valid    loss   4.5824  bpp 1.3467  psnr  33.24
 22,200/50,000  loss   3.5311  bpp 1.3479  psnr  32.05  aux    33.91  lr 1.00e-04   1.98 it/s  eta  3.90 h  Y/U/V 33.76/40.25/40.04  chroma 25.7%
 22,400/50,000  loss   3.5293  bpp 1.3289  psnr  32.04  aux    28.10  lr 1.00e-04   2.03 it/s  eta  3.77 h  Y/U/V 33.70/40.41/39.98  chroma 25.9%
 22,600/50,000  loss   3.4979  bpp 1.3278  psnr  32.14  aux    25.40  lr 1.00e-04   2.03 it/s  eta  3.74 h  Y/U/V 33.85/40.46/40.20  chroma 26.1%
 22,800/50,000  loss   3.4395  bpp 1.3189  psnr  32.22  aux    28.31  lr 1.00e-04   2.03 it/s  eta  3.72 h  Y/U/V 33.86/40.41/40.47  chroma 25.8%
 23,000/50,000  loss   3.4900  bpp 1.3405  psnr  32.06  aux    29.56  lr 1.00e-04   2.03 it/s  eta  3.69 h  Y/U/V 33.83/40.08/40.08  chroma 26.1%
 23,200/50,000  loss   3.5261  bpp 1.3380  psnr  32.03  aux    26.77  lr 1.00e-04   2.03 it/s  eta  3.66 h  Y/U/V 33.75/40.12/40.07  chroma 26.1%
 23,400/50,000  loss   3.4635  bpp 1.3280  psnr  32.21  aux    30.65  lr 1.00e-04   2.03 it/s  eta  3.64 h  Y/U/V 33.93/40.19/40.32  chroma 26.0%
 23,600/50,000  loss   3.5082  bpp 1.3318  psnr  32.21  aux    26.41  lr 1.00e-04   2.03 it/s  eta  3.61 h  Y/U/V 33.89/40.36/40.40  chroma 26.1%
 23,800/50,000  loss   3.4749  bpp 1.3323  psnr  32.16  aux    27.20  lr 1.00e-04   2.03 it/s  eta  3.58 h  Y/U/V 33.74/40.84/40.44  chroma 25.6%
 24,000/50,000  loss   3.4961  bpp 1.3295  psnr  31.97  aux    25.97  lr 1.00e-04   2.03 it/s  eta  3.55 h  Y/U/V 33.67/39.96/40.17  chroma 26.1%
        rtcheck  act 0.9943  vs est  +1.17%  vs est_q  +0.07%  (sigma grid +1.10%)  oor y 0.001% z 0.000% (uv y 0.000% z 0.268%)  worst z_uv +55 B (+4.2%)  yhat exact  psnr 38.64  **
        valid    loss   4.4385  bpp 1.3524  psnr  33.17
 24,200/50,000  loss   3.5324  bpp 1.3482  psnr  32.13  aux    32.56  lr 1.00e-04   1.97 it/s  eta  3.63 h  Y/U/V 33.85/40.26/40.17  chroma 25.9%
 24,400/50,000  loss   3.5123  bpp 1.3365  psnr  32.22  aux    34.87  lr 1.00e-04   2.03 it/s  eta  3.50 h  Y/U/V 33.81/40.59/40.47  chroma 25.8%
 24,600/50,000  loss   3.4073  bpp 1.3268  psnr  32.38  aux    30.62  lr 1.00e-04   2.03 it/s  eta  3.47 h  Y/U/V 34.06/40.57/40.54  chroma 26.1%
 24,800/50,000  loss   3.4406  bpp 1.3204  psnr  32.32  aux    30.06  lr 1.00e-04   2.03 it/s  eta  3.44 h  Y/U/V 34.04/40.47/40.24  chroma 26.0%
 25,000/50,000  loss   3.4643  bpp 1.3321  psnr  32.14  aux    23.30  lr 1.00e-04   2.03 it/s  eta  3.42 h  Y/U/V 33.97/39.99/40.02  chroma 26.2%
 25,200/50,000  loss   3.4863  bpp 1.3283  psnr  32.10  aux    26.42  lr 1.00e-04   2.03 it/s  eta  3.39 h  Y/U/V 33.84/40.24/40.13  chroma 26.2%
 25,400/50,000  loss   3.4435  bpp 1.3111  psnr  32.27  aux    26.64  lr 1.00e-04   2.03 it/s  eta  3.36 h  Y/U/V 34.00/40.48/40.39  chroma 26.0%
 25,600/50,000  loss   3.5350  bpp 1.3608  psnr  32.10  aux    39.29  lr 1.00e-04   2.03 it/s  eta  3.34 h  Y/U/V 33.76/40.39/40.23  chroma 25.7%
 25,800/50,000  loss   3.5434  bpp 1.3473  psnr  31.97  aux    28.07  lr 1.00e-04   2.03 it/s  eta  3.31 h  Y/U/V 33.65/40.03/40.20  chroma 26.0%
 26,000/50,000  loss   3.5033  bpp 1.3416  psnr  32.17  aux    28.58  lr 1.00e-04   2.03 it/s  eta  3.28 h  Y/U/V 33.83/40.38/40.43  chroma 25.9%
        rtcheck  act 0.9817  vs est  +1.29%  vs est_q  +0.13%  (sigma grid +1.15%)  oor y 0.000% z 0.000% (uv y 0.000% z 0.456%)  worst z_uv +74 B (+6.8%)  yhat exact  psnr 38.24  **
        valid    loss   4.6926  bpp 1.3470  psnr  32.33
 26,200/50,000  loss   3.3896  bpp 1.3113  psnr  32.43  aux    31.45  lr 1.00e-04   1.98 it/s  eta  3.34 h  Y/U/V 34.09/40.59/40.67  chroma 26.2%
 26,400/50,000  loss   3.4558  bpp 1.3386  psnr  32.28  aux    33.58  lr 1.00e-04   2.03 it/s  eta  3.22 h  Y/U/V 33.97/40.56/40.27  chroma 25.9%
 26,600/50,000  loss   3.5207  bpp 1.3559  psnr  31.98  aux    27.81  lr 1.00e-04   2.03 it/s  eta  3.20 h  Y/U/V 33.63/40.23/40.28  chroma 25.8%
 26,800/50,000  loss   3.5296  bpp 1.3310  psnr  32.06  aux    26.31  lr 1.00e-04   2.03 it/s  eta  3.17 h  Y/U/V 33.78/40.25/40.10  chroma 26.1%
 27,000/50,000  loss   3.3268  bpp 1.3157  psnr  32.48  aux    27.70  lr 1.00e-04   2.03 it/s  eta  3.14 h  Y/U/V 34.21/40.70/40.44  chroma 26.1%
 27,200/50,000  loss   3.4583  bpp 1.3283  psnr  32.19  aux    25.76  lr 1.00e-04   2.03 it/s  eta  3.12 h  Y/U/V 33.93/40.25/40.31  chroma 26.0%
 27,400/50,000  loss   3.4464  bpp 1.3401  psnr  32.31  aux    35.60  lr 1.00e-04   2.03 it/s  eta  3.09 h  Y/U/V 33.92/40.63/40.69  chroma 25.9%
 27,600/50,000  loss   3.3811  bpp 1.3213  psnr  32.42  aux    32.56  lr 1.00e-04   2.03 it/s  eta  3.06 h  Y/U/V 34.16/40.38/40.57  chroma 26.1%
 27,800/50,000  loss   3.5228  bpp 1.3482  psnr  31.97  aux    25.26  lr 1.00e-04   2.03 it/s  eta  3.03 h  Y/U/V 33.73/40.03/39.98  chroma 26.0%
 28,000/50,000  loss   3.4874  bpp 1.3436  psnr  32.19  aux    33.43  lr 1.00e-04   2.03 it/s  eta  3.01 h  Y/U/V 33.85/40.35/40.31  chroma 26.0%
        rtcheck  act 0.9823  vs est  +1.05%  vs est_q  +0.13%  (sigma grid +0.92%)  oor y 0.000% z 0.000% (uv y 0.000% z 0.383%)  worst z_uv +73 B (+5.5%)  yhat exact  psnr 38.05  **
        valid    loss   4.5751  bpp 1.3460  psnr  32.21
 28,200/50,000  loss   3.4126  bpp 1.3220  psnr  32.37  aux    21.88  lr 1.00e-04   1.98 it/s  eta  3.06 h  Y/U/V 34.13/40.51/40.24  chroma 26.2%
 28,400/50,000  loss   3.4251  bpp 1.3292  psnr  32.27  aux    30.08  lr 1.00e-04   2.03 it/s  eta  2.95 h  Y/U/V 33.83/40.79/40.50  chroma 26.0%
 28,600/50,000  loss   3.5289  bpp 1.3579  psnr  32.10  aux    30.13  lr 1.00e-04   2.03 it/s  eta  2.92 h  Y/U/V 33.87/40.06/40.00  chroma 26.0%
 28,800/50,000  loss   3.4890  bpp 1.3427  psnr  32.17  aux    31.91  lr 1.00e-04   2.03 it/s  eta  2.90 h  Y/U/V 33.84/40.28/40.44  chroma 25.9%
 29,000/50,000  loss   3.4454  bpp 1.3211  psnr  32.23  aux    30.01  lr 1.00e-04   2.03 it/s  eta  2.87 h  Y/U/V 34.04/40.32/40.05  chroma 26.1%
 29,200/50,000  loss   3.4261  bpp 1.3378  psnr  32.26  aux    31.28  lr 1.00e-04   2.03 it/s  eta  2.84 h  Y/U/V 33.95/40.31/40.48  chroma 25.9%
 29,400/50,000  loss   3.4272  bpp 1.3309  psnr  32.29  aux    28.33  lr 1.00e-04   2.03 it/s  eta  2.81 h  Y/U/V 33.91/40.50/40.74  chroma 25.9%
 29,600/50,000  loss   3.5269  bpp 1.3549  psnr  31.98  aux    27.37  lr 1.00e-04   2.03 it/s  eta  2.79 h  Y/U/V 33.69/40.11/40.05  chroma 26.2%
 29,800/50,000  loss   3.4112  bpp 1.3292  psnr  32.28  aux    24.64  lr 1.00e-04   2.03 it/s  eta  2.76 h  Y/U/V 34.05/40.15/40.42  chroma 26.0%
 30,000/50,000  loss   3.4086  bpp 1.3229  psnr  32.34  aux    29.95  lr 1.00e-04   2.03 it/s  eta  2.73 h  Y/U/V 34.18/40.27/40.06  chroma 26.2%
        rtcheck  act 0.9696  vs est  +0.77%  vs est_q  +0.13%  (sigma grid +0.64%)  oor y 0.000% z 0.000% (uv y 0.000% z 0.477%)  worst z_uv +76 B (+8.3%)  yhat exact  psnr 38.35  **
        valid    loss   4.5017  bpp 1.3326  psnr  32.73
 30,200/50,000  loss   3.5180  bpp 1.3569  psnr  31.98  aux    30.43  lr 1.00e-04   1.98 it/s  eta  2.78 h  Y/U/V 33.56/40.36/40.20  chroma 25.7%
 30,400/50,000  loss   3.4706  bpp 1.3402  psnr  32.20  aux    27.92  lr 1.00e-04   2.03 it/s  eta  2.68 h  Y/U/V 33.86/40.47/40.16  chroma 26.2%
 30,600/50,000  loss   3.3937  bpp 1.3469  psnr  32.45  aux    34.28  lr 1.00e-04   2.03 it/s  eta  2.65 h  Y/U/V 34.17/40.37/40.47  chroma 26.2%
 30,800/50,000  loss   3.4908  bpp 1.3476  psnr  32.14  aux    29.63  lr 1.00e-04   2.03 it/s  eta  2.62 h  Y/U/V 33.90/40.14/40.16  chroma 26.2%
 31,000/50,000  loss   3.4025  bpp 1.3293  psnr  32.34  aux    31.27  lr 1.00e-04   2.03 it/s  eta  2.60 h  Y/U/V 33.99/40.60/40.50  chroma 25.9%
 31,200/50,000  loss   3.4107  bpp 1.3349  psnr  32.28  aux    31.66  lr 1.00e-04   2.03 it/s  eta  2.57 h  Y/U/V 33.96/40.47/40.47  chroma 26.0%
 31,400/50,000  loss   3.3921  bpp 1.3431  psnr  32.43  aux    33.13  lr 1.00e-04   2.03 it/s  eta  2.54 h  Y/U/V 34.15/40.42/40.55  chroma 26.1%
 31,600/50,000  loss   3.4280  bpp 1.3537  psnr  32.30  aux    38.77  lr 1.00e-04   2.03 it/s  eta  2.51 h  Y/U/V 33.91/40.59/40.50  chroma 26.1%
 31,800/50,000  loss   3.4336  bpp 1.3332  psnr  32.21  aux    22.35  lr 1.00e-04   2.03 it/s  eta  2.49 h  Y/U/V 33.95/40.30/40.33  chroma 26.2%
 32,000/50,000  loss   3.4523  bpp 1.3345  psnr  32.19  aux    26.54  lr 1.00e-04   2.03 it/s  eta  2.46 h  Y/U/V 33.88/40.43/40.31  chroma 25.9%
        rtcheck  act 0.9856  vs est  +0.56%  vs est_q  +0.14%  (sigma grid +0.42%)  oor y 0.001% z 0.000% (uv y 0.000% z 0.477%)  worst z_uv +86 B (+6.9%)  yhat exact  psnr 38.54  **
        valid    loss   4.4674  bpp 1.3541  psnr  33.22
 32,200/50,000  loss   3.3961  bpp 1.3338  psnr  32.35  aux    28.95  lr 1.00e-04   1.98 it/s  eta  2.50 h  Y/U/V 34.10/40.39/40.30  chroma 26.1%
 32,400/50,000  loss   3.5297  bpp 1.3551  psnr  32.04  aux    24.89  lr 1.00e-04   2.03 it/s  eta  2.40 h  Y/U/V 33.67/40.31/40.31  chroma 25.8%
 32,600/50,000  loss   3.4213  bpp 1.3248  psnr  32.22  aux    29.20  lr 1.00e-04   2.03 it/s  eta  2.38 h  Y/U/V 34.06/40.10/40.10  chroma 26.4%
 32,800/50,000  loss   3.4263  bpp 1.3439  psnr  32.36  aux    28.53  lr 1.00e-04   2.03 it/s  eta  2.35 h  Y/U/V 34.03/40.57/40.45  chroma 26.1%
 33,000/50,000  loss   3.3769  bpp 1.3341  psnr  32.28  aux    29.80  lr 1.00e-04   2.03 it/s  eta  2.32 h  Y/U/V 33.94/40.45/40.62  chroma 26.0%
 33,200/50,000  loss   3.4710  bpp 1.3378  psnr  32.17  aux    23.44  lr 1.00e-04   2.03 it/s  eta  2.30 h  Y/U/V 33.96/40.15/40.13  chroma 26.3%
 33,400/50,000  loss   3.4878  bpp 1.3646  psnr  32.11  aux    34.30  lr 1.00e-04   2.03 it/s  eta  2.27 h  Y/U/V 33.77/40.31/40.20  chroma 25.9%
 33,600/50,000  loss   3.4049  bpp 1.3280  psnr  32.54  aux    34.16  lr 1.00e-04   2.03 it/s  eta  2.24 h  Y/U/V 34.15/40.67/41.07  chroma 25.9%
 33,800/50,000  loss   3.4372  bpp 1.3431  psnr  32.23  aux    30.36  lr 1.00e-04   2.03 it/s  eta  2.21 h  Y/U/V 33.98/40.23/40.18  chroma 26.3%
 34,000/50,000  loss   3.3994  bpp 1.3402  psnr  32.37  aux    23.47  lr 1.00e-04   2.03 it/s  eta  2.19 h  Y/U/V 34.17/40.33/40.31  chroma 26.0%
        rtcheck  act 0.9938  vs est  +0.89%  vs est_q  +0.07%  (sigma grid +0.83%)  oor y 0.001% z 0.000% (uv y 0.000% z 0.116%)  worst z_uv +34 B (+2.4%)  yhat exact  psnr 38.40  **
        valid    loss   4.5888  bpp 1.3838  psnr  32.56
 34,200/50,000  loss   3.4660  bpp 1.3449  psnr  32.36  aux    29.36  lr 1.00e-04   1.98 it/s  eta  2.22 h  Y/U/V 34.03/40.61/40.58  chroma 26.0%
 34,400/50,000  loss   3.4454  bpp 1.3331  psnr  32.08  aux    30.41  lr 1.00e-04   2.03 it/s  eta  2.13 h  Y/U/V 33.79/40.12/40.34  chroma 26.1%
 34,600/50,000  loss   3.4270  bpp 1.3368  psnr  32.29  aux    34.71  lr 1.00e-04   2.03 it/s  eta  2.10 h  Y/U/V 34.03/40.41/40.19  chroma 26.3%
 34,800/50,000  loss   3.4052  bpp 1.3267  psnr  32.29  aux    23.70  lr 1.00e-04   2.03 it/s  eta  2.08 h  Y/U/V 34.01/40.48/40.29  chroma 26.1%
 35,000/50,000  loss   3.4114  bpp 1.3504  psnr  32.40  aux    33.12  lr 1.00e-04   2.03 it/s  eta  2.05 h  Y/U/V 34.09/40.53/40.51  chroma 26.1%
 35,200/50,000  loss   3.4881  bpp 1.3476  psnr  32.11  aux    22.53  lr 1.00e-04   2.03 it/s  eta  2.02 h  Y/U/V 33.68/40.52/40.51  chroma 26.0%
 35,400/50,000  loss   3.4263  bpp 1.3445  psnr  32.41  aux    36.31  lr 1.00e-04   2.03 it/s  eta  1.99 h  Y/U/V 34.12/40.39/40.66  chroma 26.1%
 35,600/50,000  loss   3.3470  bpp 1.3342  psnr  32.49  aux    32.54  lr 1.00e-04   2.03 it/s  eta  1.97 h  Y/U/V 34.22/40.60/40.45  chroma 26.2%
 35,800/50,000  loss   3.5040  bpp 1.3543  psnr  32.05  aux    28.47  lr 1.00e-04   2.03 it/s  eta  1.94 h  Y/U/V 33.82/40.20/39.94  chroma 26.1%
 36,000/50,000  loss   3.4310  bpp 1.3429  psnr  32.29  aux    30.85  lr 1.00e-04   2.03 it/s  eta  1.91 h  Y/U/V 33.93/40.59/40.44  chroma 26.1%
        rtcheck  act 0.9867  vs est  +0.76%  vs est_q  +0.08%  (sigma grid +0.68%)  oor y 0.000% z 0.000% (uv y 0.000% z 0.246%)  worst z_uv +42 B (+4.1%)  yhat exact  psnr 38.96  **
        valid    loss   4.3517  bpp 1.3580  psnr  33.43
 36,200/50,000  loss   3.4046  bpp 1.3422  psnr  32.30  aux    23.67  lr 1.00e-04   1.97 it/s  eta  1.94 h  Y/U/V 34.08/40.40/40.12  chroma 26.3%
 36,400/50,000  loss   3.4198  bpp 1.3450  psnr  32.40  aux    31.90  lr 1.00e-04   2.03 it/s  eta  1.86 h  Y/U/V 34.01/40.65/40.68  chroma 26.2%
 36,600/50,000  loss   3.3578  bpp 1.3405  psnr  32.44  aux    32.40  lr 1.00e-04   2.03 it/s  eta  1.83 h  Y/U/V 34.12/40.74/40.56  chroma 26.0%
 36,800/50,000  loss   3.4562  bpp 1.3435  psnr  32.09  aux    22.51  lr 1.00e-04   2.03 it/s  eta  1.80 h  Y/U/V 33.73/40.35/40.06  chroma 26.1%
 37,000/50,000  loss   3.3638  bpp 1.3365  psnr  32.49  aux    32.22  lr 1.00e-04   2.03 it/s  eta  1.78 h  Y/U/V 34.20/40.72/40.55  chroma 26.1%
 37,200/50,000  loss   3.4030  bpp 1.3403  psnr  32.26  aux    30.16  lr 1.00e-04   2.03 it/s  eta  1.75 h  Y/U/V 33.94/40.33/40.36  chroma 26.3%
 37,400/50,000  loss   3.4750  bpp 1.3473  psnr  32.25  aux    30.00  lr 1.00e-04   2.03 it/s  eta  1.72 h  Y/U/V 34.14/40.12/40.03  chroma 26.5%
 37,600/50,000  loss   3.4624  bpp 1.3523  psnr  32.19  aux    26.93  lr 1.00e-04   2.03 it/s  eta  1.69 h  Y/U/V 33.88/40.49/40.28  chroma 26.1%
 37,800/50,000  loss   3.4490  bpp 1.3444  psnr  32.06  aux    24.49  lr 1.00e-04   2.03 it/s  eta  1.67 h  Y/U/V 33.89/40.08/39.95  chroma 26.1%
 38,000/50,000  loss   3.5151  bpp 1.3565  psnr  32.10  aux    27.44  lr 1.00e-04   2.03 it/s  eta  1.64 h  Y/U/V 33.87/40.19/40.07  chroma 26.0%
        rtcheck  act 0.9993  vs est  +1.25%  vs est_q  +0.07%  (sigma grid +1.18%)  oor y 0.001% z 0.000% (uv y 0.000% z 0.116%)  worst z_uv +34 B (+2.4%)  yhat exact  psnr 38.86  **
        valid    loss   4.3044  bpp 1.3688  psnr  33.52
 38,200/50,000  loss   3.3626  bpp 1.3329  psnr  32.46  aux    34.09  lr 1.00e-04   1.97 it/s  eta  1.66 h  Y/U/V 34.20/40.45/40.48  chroma 26.2%
 38,400/50,000  loss   3.4021  bpp 1.3462  psnr  32.38  aux    35.47  lr 1.00e-04   2.03 it/s  eta  1.58 h  Y/U/V 34.08/40.50/40.55  chroma 26.2%
 38,600/50,000  loss   3.3276  bpp 1.3203  psnr  32.55  aux    30.61  lr 1.00e-04   2.03 it/s  eta  1.56 h  Y/U/V 34.31/40.62/40.61  chroma 26.4%
 38,800/50,000  loss   3.4245  bpp 1.3559  psnr  32.32  aux    33.87  lr 1.00e-04   2.03 it/s  eta  1.53 h  Y/U/V 34.08/40.26/40.30  chroma 26.2%
 39,000/50,000  loss   3.4049  bpp 1.3488  psnr  32.38  aux    34.18  lr 1.00e-04   2.03 it/s  eta  1.50 h  Y/U/V 34.09/40.62/40.44  chroma 25.9%
 39,200/50,000  loss   3.4828  bpp 1.3647  psnr  32.28  aux    31.79  lr 1.00e-04   2.03 it/s  eta  1.48 h  Y/U/V 33.88/40.58/40.58  chroma 26.1%
 39,400/50,000  loss   3.3759  bpp 1.3526  psnr  32.41  aux    27.55  lr 1.00e-04   2.03 it/s  eta  1.45 h  Y/U/V 34.11/40.63/40.35  chroma 26.1%
 39,600/50,000  loss   3.4219  bpp 1.3499  psnr  32.28  aux    27.63  lr 1.00e-04   2.03 it/s  eta  1.42 h  Y/U/V 34.10/40.26/40.19  chroma 26.3%
 39,800/50,000  loss   3.4372  bpp 1.3438  psnr  32.33  aux    26.53  lr 1.00e-04   2.03 it/s  eta  1.39 h  Y/U/V 34.04/40.53/40.36  chroma 26.1%
 40,000/50,000  loss   3.3733  bpp 1.3432  psnr  32.46  aux    39.06  lr 1.00e-04   2.03 it/s  eta  1.37 h  Y/U/V 34.19/40.57/40.61  chroma 26.2%
        rtcheck  act 0.9807  vs est  +0.82%  vs est_q  +0.07%  (sigma grid +0.75%)  oor y 0.000% z 0.000% (uv y 0.000% z 0.123%)  worst z_uv +26 B (+2.6%)  yhat exact  psnr 37.96  **
        valid    loss   4.4320  bpp 1.3611  psnr  32.95
 40,200/50,000  loss   3.3539  bpp 1.3456  psnr  32.58  aux    27.15  lr 1.00e-04   1.98 it/s  eta  1.38 h  Y/U/V 34.29/40.84/40.49  chroma 26.2%
 40,400/50,000  loss   3.3718  bpp 1.3495  psnr  32.35  aux    31.58  lr 1.00e-04   2.03 it/s  eta  1.31 h  Y/U/V 33.88/40.89/40.58  chroma 26.0%
 40,600/50,000  loss   3.3319  bpp 1.3225  psnr  32.61  aux    37.16  lr 1.00e-04   2.03 it/s  eta  1.28 h  Y/U/V 34.36/40.53/40.67  chroma 26.4%
 40,800/50,000  loss   3.4524  bpp 1.3767  psnr  32.12  aux    31.07  lr 1.00e-04   2.03 it/s  eta  1.26 h  Y/U/V 33.89/40.28/40.27  chroma 26.3%
 41,000/50,000  loss   3.4927  bpp 1.3739  psnr  32.19  aux    27.77  lr 1.00e-04   2.03 it/s  eta  1.23 h  Y/U/V 33.90/40.19/40.39  chroma 26.1%
 41,200/50,000  loss   3.3938  bpp 1.3365  psnr  32.44  aux    24.38  lr 1.00e-04   2.03 it/s  eta  1.20 h  Y/U/V 34.20/40.65/40.18  chroma 26.4%
 41,400/50,000  loss   3.3359  bpp 1.3453  psnr  32.45  aux    29.79  lr 1.00e-04   2.03 it/s  eta  1.17 h  Y/U/V 34.16/40.52/40.46  chroma 26.2%
 41,600/50,000  loss   3.3792  bpp 1.3381  psnr  32.36  aux    24.43  lr 1.00e-04   2.03 it/s  eta  1.15 h  Y/U/V 33.96/40.69/40.66  chroma 26.1%
 41,800/50,000  loss   3.3971  bpp 1.3589  psnr  32.28  aux    25.31  lr 1.00e-04   2.03 it/s  eta  1.12 h  Y/U/V 34.06/40.34/40.24  chroma 26.3%
 42,000/50,000  loss   3.4145  bpp 1.3523  psnr  32.31  aux    25.26  lr 1.00e-04   2.03 it/s  eta  1.09 h  Y/U/V 34.11/40.26/40.20  chroma 26.3%
        rtcheck  act 0.9957  vs est  +1.08%  vs est_q  +0.06%  (sigma grid +1.01%)  oor y 0.001% z 0.000% (uv y 0.000% z 0.109%)  worst z_uv +28 B (+2.3%)  yhat exact  psnr 38.71  **
        valid    loss   4.3573  bpp 1.3657  psnr  33.40
 42,200/50,000  loss   3.3519  bpp 1.3591  psnr  32.55  aux    35.26  lr 1.00e-04   1.98 it/s  eta  1.09 h  Y/U/V 34.25/40.84/40.52  chroma 25.9%
 42,400/50,000  loss   3.4031  bpp 1.3235  psnr  32.30  aux    23.92  lr 1.00e-04   2.03 it/s  eta  1.04 h  Y/U/V 34.02/40.31/40.54  chroma 26.1%
 42,600/50,000  loss   3.4695  bpp 1.3632  psnr  32.16  aux    25.30  lr 1.00e-04   2.03 it/s  eta  1.01 h  Y/U/V 33.83/40.53/40.25  chroma 26.1%
 42,800/50,000  loss   3.4675  bpp 1.3678  psnr  32.23  aux    36.37  lr 1.00e-04   2.03 it/s  eta  0.98 h  Y/U/V 33.92/40.50/40.21  chroma 26.3%
 43,000/50,000  loss   3.3870  bpp 1.3408  psnr  32.19  aux    27.07  lr 1.00e-04   2.03 it/s  eta  0.96 h  Y/U/V 33.98/40.16/40.22  chroma 25.9%
 43,200/50,000  loss   3.2611  bpp 1.3292  psnr  32.73  aux    33.05  lr 1.00e-04   2.03 it/s  eta  0.93 h  Y/U/V 34.54/40.48/40.55  chroma 26.6%
 43,400/50,000  loss   3.3655  bpp 1.3416  psnr  32.43  aux    26.40  lr 1.00e-04   2.03 it/s  eta  0.90 h  Y/U/V 34.15/40.65/40.28  chroma 26.2%
 43,600/50,000  loss   3.3191  bpp 1.3445  psnr  32.55  aux    34.48  lr 1.00e-04   2.03 it/s  eta  0.87 h  Y/U/V 34.25/40.70/40.59  chroma 26.2%
 43,800/50,000  loss   3.4295  bpp 1.3569  psnr  32.33  aux    29.54  lr 1.00e-04   2.03 it/s  eta  0.85 h  Y/U/V 34.01/40.66/40.45  chroma 26.2%
 44,000/50,000  loss   3.4172  bpp 1.3639  psnr  32.35  aux    36.19  lr 1.00e-04   2.03 it/s  eta  0.82 h  Y/U/V 34.11/40.34/40.40  chroma 26.2%
        rtcheck  act 1.0007  vs est  +0.83%  vs est_q  +0.05%  (sigma grid +0.78%)  oor y 0.001% z 0.000% (uv y 0.000% z 0.137%)  worst z_uv +29 B (+2.6%)  yhat exact  psnr 37.50  **
        valid    loss   4.4382  bpp 1.3721  psnr  32.89
 44,200/50,000  loss   3.3310  bpp 1.3366  psnr  32.56  aux    31.40  lr 1.00e-04   1.98 it/s  eta  0.81 h  Y/U/V 34.25/40.74/40.58  chroma 26.3%
 44,400/50,000  loss   3.3822  bpp 1.3436  psnr  32.47  aux    28.69  lr 1.00e-04   2.03 it/s  eta  0.76 h  Y/U/V 34.23/40.65/40.45  chroma 26.4%
 44,600/50,000  loss   3.3455  bpp 1.3538  psnr  32.46  aux    32.98  lr 1.00e-04   2.03 it/s  eta  0.74 h  Y/U/V 34.24/40.45/40.38  chroma 26.2%
 44,800/50,000  loss   3.4689  bpp 1.3774  psnr  32.20  aux    30.76  lr 1.00e-04   2.03 it/s  eta  0.71 h  Y/U/V 33.82/40.43/40.49  chroma 25.9%
 45,000/50,000  loss   3.3887  bpp 1.3532  psnr  32.42  aux    32.35  lr 1.00e-04   2.03 it/s  eta  0.68 h  Y/U/V 34.12/40.58/40.63  chroma 26.2%
 45,200/50,000  loss   3.3462  bpp 1.3479  psnr  32.57  aux    33.82  lr 9.96e-05   2.03 it/s  eta  0.66 h  Y/U/V 34.18/40.78/40.77  chroma 26.2%
 45,400/50,000  loss   3.3689  bpp 1.3504  psnr  32.33  aux    31.39  lr 9.86e-05   2.03 it/s  eta  0.63 h  Y/U/V 34.12/40.31/40.35  chroma 26.4%
 45,600/50,000  loss   3.3853  bpp 1.3548  psnr  32.24  aux    28.21  lr 9.69e-05   2.03 it/s  eta  0.60 h  Y/U/V 34.02/40.40/40.34  chroma 26.3%
 45,800/50,000  loss   3.3746  bpp 1.3533  psnr  32.47  aux    24.37  lr 9.44e-05   2.03 it/s  eta  0.57 h  Y/U/V 34.21/40.59/40.52  chroma 26.2%
 46,000/50,000  loss   3.3993  bpp 1.3746  psnr  32.38  aux    35.05  lr 9.14e-05   2.03 it/s  eta  0.55 h  Y/U/V 34.11/40.39/40.33  chroma 26.2%
        rtcheck  act 0.9890  vs est  +0.45%  vs est_q  +0.06%  (sigma grid +0.39%)  oor y 0.001% z 0.000% (uv y 0.000% z 0.109%)  worst z_uv +25 B (+2.3%)  yhat exact  psnr 38.97  **
        valid    loss   4.3062  bpp 1.3675  psnr  33.41
 46,200/50,000  loss   3.2695  bpp 1.3311  psnr  32.79  aux    29.27  lr 8.78e-05   1.98 it/s  eta  0.53 h  Y/U/V 34.53/40.76/41.10  chroma 26.4%
 46,400/50,000  loss   3.3510  bpp 1.3574  psnr  32.48  aux    24.94  lr 8.37e-05   2.03 it/s  eta  0.49 h  Y/U/V 34.18/40.64/40.52  chroma 26.1%
 46,600/50,000  loss   3.3081  bpp 1.3481  psnr  32.60  aux    21.21  lr 7.91e-05   2.03 it/s  eta  0.46 h  Y/U/V 34.28/40.89/40.87  chroma 26.3%
 46,800/50,000  loss   3.2867  bpp 1.3491  psnr  32.65  aux    17.90  lr 7.42e-05   2.03 it/s  eta  0.44 h  Y/U/V 34.31/40.88/40.89  chroma 26.1%
 47,000/50,000  loss   3.3059  bpp 1.3629  psnr  32.59  aux    20.16  lr 6.89e-05   2.03 it/s  eta  0.41 h  Y/U/V 34.26/40.78/40.81  chroma 26.0%
 47,200/50,000  loss   3.2557  bpp 1.3487  psnr  32.73  aux    14.34  lr 6.35e-05   2.03 it/s  eta  0.38 h  Y/U/V 34.47/40.82/40.71  chroma 26.5%
 47,400/50,000  loss   3.2624  bpp 1.3652  psnr  32.69  aux    18.24  lr 5.79e-05   2.03 it/s  eta  0.36 h  Y/U/V 34.32/40.95/40.87  chroma 26.2%
 47,600/50,000  loss   3.1911  bpp 1.3438  psnr  33.02  aux    13.19  lr 5.22e-05   2.03 it/s  eta  0.33 h  Y/U/V 34.68/41.22/41.13  chroma 26.4%
 47,800/50,000  loss   3.1339  bpp 1.3444  psnr  32.97  aux    12.31  lr 4.66e-05   2.03 it/s  eta  0.30 h  Y/U/V 34.61/41.30/41.22  chroma 26.2%
 48,000/50,000  loss   3.2267  bpp 1.3671  psnr  32.80  aux    11.36  lr 4.11e-05   2.03 it/s  eta  0.27 h  Y/U/V 34.38/41.08/41.14  chroma 26.0%
        rtcheck  act 1.0055  vs est  +0.89%  vs est_q  +0.07%  (sigma grid +0.83%)  oor y 0.001% z 0.000% (uv y 0.000% z 0.116%)  worst z_uv +28 B (+2.2%)  yhat exact  psnr 39.46  **
        valid    loss   4.0687  bpp 1.3859  psnr  33.82
 48,200/50,000  loss   3.1552  bpp 1.3518  psnr  33.06  aux    10.46  lr 3.59e-05   1.97 it/s  eta  0.25 h  Y/U/V 34.73/41.26/41.32  chroma 26.3%
 48,400/50,000  loss   3.1414  bpp 1.3578  psnr  32.82  aux     9.67  lr 3.09e-05   2.03 it/s  eta  0.22 h  Y/U/V 34.45/41.11/40.98  chroma 26.2%
 48,600/50,000  loss   3.1424  bpp 1.3653  psnr  32.86  aux     8.92  lr 2.63e-05   2.03 it/s  eta  0.19 h  Y/U/V 34.38/41.30/41.38  chroma 25.9%
 48,800/50,000  loss   3.1053  bpp 1.3568  psnr  33.17  aux     8.79  lr 2.22e-05   2.03 it/s  eta  0.16 h  Y/U/V 34.73/41.56/41.57  chroma 25.9%
 49,000/50,000  loss   3.0904  bpp 1.3516  psnr  33.21  aux     8.12  lr 1.86e-05   2.03 it/s  eta  0.14 h  Y/U/V 34.85/41.39/41.55  chroma 26.1%
 49,200/50,000  loss   3.0676  bpp 1.3528  psnr  33.15  aux     8.10  lr 1.56e-05   2.03 it/s  eta  0.11 h  Y/U/V 34.78/41.46/41.49  chroma 26.1%
 49,400/50,000  loss   3.1523  bpp 1.3791  psnr  32.84  aux     7.96  lr 1.32e-05   2.03 it/s  eta  0.08 h  Y/U/V 34.41/41.24/41.21  chroma 25.9%
 49,600/50,000  loss   3.0632  bpp 1.3572  psnr  33.16  aux     7.85  lr 1.14e-05   2.03 it/s  eta  0.05 h  Y/U/V 34.72/41.51/41.53  chroma 26.2%
 49,800/50,000  loss   3.0721  bpp 1.3513  psnr  33.07  aux     7.80  lr 1.04e-05   2.03 it/s  eta  0.03 h  Y/U/V 34.62/41.33/41.67  chroma 26.0%
 50,000/50,000  loss   3.1309  bpp 1.3795  psnr  32.92  aux     7.60  lr 1.00e-05   2.03 it/s  eta  0.00 h  Y/U/V 34.53/41.14/41.36  chroma 26.0%
        rtcheck  act 1.0096  vs est  +0.77%  vs est_q  +0.07%  (sigma grid +0.71%)  oor y 0.001% z 0.000% (uv y 0.000% z 0.116%)  worst z_uv +26 B (+2.2%)  yhat exact  psnr 39.70  **
        valid    loss   4.0004  bpp 1.3929  psnr  34.08

final    bpp 1.3929  psnr 34.08
gate     actual 1.0096 bpp
         vs estimate with quantised sigma: +0.07%   <- the coder/table gate, target +-0.5%
         vs estimate the loss saw:         +0.77%   (of which +0.71% is the 32-level sigma grid)
         out of table range: y 0.001%  z 0.000%
         per stream (bytes vs that stream's own estimate): y +0.01% (+8.0 B)  y_uv +0.07% (+10.3 B)  z +1.15% (+6.4 B)  z_uv +2.22% (+25.8 B)
         ** z_uv disagrees with its own table by +26 B (+2.2%) -- the coder is faithful to a table that is not the density the rate loss was trained against
         yhat bit-exact through the coder: True
wrote    checkpoints/ladder_p6a_mcm1/beta0.03/final.pt

==============================================================================
ladder summary   (act bpp and psnr are from the REAL bitstream)
------------------------------------------------------------------------------
    beta   lambda    steps  est bpp  act bpp    psnr   gap_q     oor  exact     worst stream
   0.012      780   50,000   0.9614   0.7038   32.58   +0.18   0.000   True       z_uv +72 B
    0.03     1951   50,000   1.3929   1.0096   34.08   +0.07   0.001   True       z_uv +26 B
------------------------------------------------------------------------------
gate:    every rate point agrees with its quantised-sigma estimate to within +-0.5%
WARNING: a stream disagrees with its own entropy table at beta 0.012 (z_uv +72 B, +5.4%), 0.03 (z_uv +26 B, +2.2%)
         The coder is faithful; the TABLE is not the density the rate
         loss was trained against. Check `update()` against `forward()`
         for that stream's entropy model -- not the rANS layer.
valid:   /Users/nizam/JPEC AI/data/div2k/DIV2K_valid_HR

next: python -m jpegai.eval.runbench --neural checkpoints/ladder_p6a_mcm1 --codecs jpeg,webp,avif
