patched: in-RAM crops, num_workers=0, pin_memory on CUDA
in-RAM crops: _pack_256.npy (6400, 3, 256, 256) (mmap)
warm-start final.pt (twobranch-mcm @ step 50,000)
           145 tensors loaded, 0 initialised fresh

run      ladder_p6/beta0.0002
device   cuda:0 NVIDIA RTX PRO 6000 Blackwell Server Edition (95 GiB)
beta     0.0002  (== compressai lambda*255^2 13)
steps    0 -> 50,000   batch 8  crop 256
out      checkpoints/ladder_p6/beta0.0002

TwoBranchCodec  internal 420  split-hyper+mcm4  luma=160/160  chroma=96/96  concat=256
  part                    params   kMAC/pxl
  g_a_y                2,051,840       47.8
  g_s_y                2,180,513      254.0
  h_a_y                1,152,800        1.5
  h_s_y                2,075,040        1.4
  g_a_uv               1,241,248       14.6
  g_s_uv               1,801,954       66.4
  h_a_uv                 415,200        0.5
  h_s_uv                 747,360        0.5
  eb_y                     9,760           
  eb_uv                    5,856           
  h_scale_y              642,720        0.2
  mcm_y                2,828,480        2.8
  h_scale_uv             232,032        0.1
  TOTAL               15,384,803      389.5   (58.7 MiB fp32)
  decoder                             325.2   <- compare to paper SOP 8 / BOP 28 / HOP 215
  tables               164.9 KiB

    200/50,000  loss   0.3903  bpp 0.3059  psnr  26.16  aux    18.02  lr 2.00e-05   7.24 it/s  eta  1.91 h  Y/U/V 27.00/36.08/36.23  chroma 26.7%
    400/50,000  loss   0.3806  bpp 0.2831  psnr  25.68  aux    18.06  lr 4.00e-05   8.96 it/s  eta  1.54 h  Y/U/V 26.50/35.71/35.61  chroma 27.7%
    600/50,000  loss   0.3809  bpp 0.2805  psnr  25.40  aux    26.06  lr 6.00e-05   8.94 it/s  eta  1.53 h  Y/U/V 26.25/35.43/35.36  chroma 27.7%
    800/50,000  loss   0.3796  bpp 0.2776  psnr  25.47  aux    53.49  lr 8.00e-05   8.89 it/s  eta  1.54 h  Y/U/V 26.36/35.34/35.20  chroma 28.0%
  1,000/50,000  loss   0.3837  bpp 0.2777  psnr  25.22  aux    85.52  lr 1.00e-04   8.76 it/s  eta  1.55 h  Y/U/V 26.16/34.98/34.77  chroma 27.8%
  1,200/50,000  loss   0.3814  bpp 0.2761  psnr  25.27  aux    99.20  lr 1.00e-04   8.84 it/s  eta  1.53 h  Y/U/V 26.20/34.96/34.92  chroma 27.8%
  1,400/50,000  loss   0.3789  bpp 0.2740  psnr  25.34  aux    95.97  lr 1.00e-04   9.16 it/s  eta  1.47 h  Y/U/V 26.33/34.92/34.66  chroma 28.1%
  1,600/50,000  loss   0.3870  bpp 0.2774  psnr  25.02  aux    90.52  lr 1.00e-04   8.83 it/s  eta  1.52 h  Y/U/V 25.96/34.74/34.65  chroma 27.6%
  1,800/50,000  loss   0.3819  bpp 0.2753  psnr  25.26  aux    91.16  lr 1.00e-04   8.82 it/s  eta  1.52 h  Y/U/V 26.22/35.05/34.65  chroma 27.9%
  2,000/50,000  loss   0.3835  bpp 0.2755  psnr  25.14  aux    90.67  lr 1.00e-04   9.11 it/s  eta  1.46 h  Y/U/V 26.07/34.93/34.73  chroma 27.8%
/tmp/uv-venv/lib/python3.13/site-packages/compressai/models/video/google.py:353: FutureWarning: `torch.cuda.amp.autocast(args...)` is deprecated. Please use `torch.amp.autocast('cuda', args...)` instead.
  @amp.autocast(enabled=False)
        rtcheck  act 0.1055  vs est  +1.56%  vs est_q  -1.08%  (sigma grid +2.67%)  oor y 0.000% z 0.000% (uv y 0.000% z 0.000%)  worst z +10 B (+0.9%)  yhat exact  psnr 29.41  **
        valid    loss   0.2694  bpp 0.1442  psnr  25.97
  2,200/50,000  loss   0.3827  bpp 0.2753  psnr  25.15  aux    85.88  lr 1.00e-04   5.75 it/s  eta  2.31 h  Y/U/V 26.07/34.82/34.79  chroma 27.8%
  2,400/50,000  loss   0.3811  bpp 0.2732  psnr  25.19  aux    87.80  lr 1.00e-04   9.29 it/s  eta  1.42 h  Y/U/V 26.10/34.78/34.94  chroma 27.9%
  2,600/50,000  loss   0.3869  bpp 0.2769  psnr  24.97  aux    85.30  lr 1.00e-04   9.17 it/s  eta  1.44 h  Y/U/V 25.91/34.61/34.56  chroma 27.8%
  2,800/50,000  loss   0.3782  bpp 0.2719  psnr  25.21  aux    83.46  lr 1.00e-04   9.16 it/s  eta  1.43 h  Y/U/V 26.15/35.01/34.66  chroma 27.9%
  3,000/50,000  loss   0.3817  bpp 0.2738  psnr  25.14  aux    77.26  lr 1.00e-04   9.14 it/s  eta  1.43 h  Y/U/V 26.13/34.81/34.48  chroma 27.9%
  3,200/50,000  loss   0.3819  bpp 0.2737  psnr  25.19  aux    80.56  lr 1.00e-04   9.16 it/s  eta  1.42 h  Y/U/V 26.12/34.89/34.73  chroma 27.8%
  3,400/50,000  loss   0.3810  bpp 0.2730  psnr  25.13  aux    75.89  lr 1.00e-04   9.13 it/s  eta  1.42 h  Y/U/V 26.09/34.91/34.55  chroma 27.9%
  3,600/50,000  loss   0.3858  bpp 0.2754  psnr  24.96  aux    78.78  lr 1.00e-04   9.14 it/s  eta  1.41 h  Y/U/V 25.89/34.50/34.65  chroma 27.6%
  3,800/50,000  loss   0.3799  bpp 0.2724  psnr  25.21  aux    74.97  lr 1.00e-04   9.23 it/s  eta  1.39 h  Y/U/V 26.18/34.87/34.66  chroma 28.0%
  4,000/50,000  loss   0.3820  bpp 0.2732  psnr  25.11  aux    71.78  lr 1.00e-04   9.69 it/s  eta  1.32 h  Y/U/V 26.02/35.02/34.69  chroma 27.8%
        rtcheck  act 0.1057  vs est  +1.12%  vs est_q  -1.38%  (sigma grid +2.54%)  oor y 0.000% z 0.000% (uv y 0.000% z 0.000%)  worst z +11 B (+1.1%)  yhat exact  psnr 29.20  **
        valid    loss   0.2699  bpp 0.1434  psnr  25.81
  4,200/50,000  loss   0.3822  bpp 0.2737  psnr  25.12  aux    78.65  lr 1.00e-04   8.42 it/s  eta  1.51 h  Y/U/V 26.04/34.93/34.73  chroma 27.8%
  4,400/50,000  loss   0.3817  bpp 0.2731  psnr  25.18  aux    77.58  lr 1.00e-04   9.14 it/s  eta  1.39 h  Y/U/V 26.14/34.84/34.64  chroma 28.1%
  4,600/50,000  loss   0.3819  bpp 0.2728  psnr  25.05  aux    77.51  lr 1.00e-04   9.14 it/s  eta  1.38 h  Y/U/V 26.01/34.73/34.63  chroma 27.9%
  4,800/50,000  loss   0.3827  bpp 0.2734  psnr  25.14  aux    77.23  lr 1.00e-04   9.14 it/s  eta  1.37 h  Y/U/V 26.08/34.84/34.66  chroma 27.8%
  5,000/50,000  loss   0.3824  bpp 0.2735  psnr  25.10  aux    75.10  lr 1.00e-04   9.14 it/s  eta  1.37 h  Y/U/V 26.03/34.76/34.71  chroma 28.0%
  5,200/50,000  loss   0.3802  bpp 0.2718  psnr  25.14  aux    74.91  lr 1.00e-04   9.12 it/s  eta  1.36 h  Y/U/V 26.12/34.77/34.53  chroma 27.9%
  5,400/50,000  loss   0.3850  bpp 0.2747  psnr  24.94  aux    79.47  lr 1.00e-04   9.14 it/s  eta  1.36 h  Y/U/V 25.88/34.79/34.45  chroma 27.7%
  5,600/50,000  loss   0.3803  bpp 0.2714  psnr  25.14  aux    70.06  lr 1.00e-04   9.23 it/s  eta  1.34 h  Y/U/V 26.13/34.52/34.53  chroma 27.9%
  5,800/50,000  loss   0.3833  bpp 0.2733  psnr  25.08  aux    78.40  lr 1.00e-04   9.22 it/s  eta  1.33 h  Y/U/V 26.02/34.64/34.68  chroma 27.8%
  6,000/50,000  loss   0.3822  bpp 0.2729  psnr  25.01  aux    79.73  lr 1.00e-04   9.51 it/s  eta  1.29 h  Y/U/V 26.00/34.68/34.38  chroma 27.8%
        rtcheck  act 0.1105  vs est  +1.42%  vs est_q  -1.68%  (sigma grid +3.16%)  oor y 0.000% z 0.000% (uv y 0.000% z 0.000%)  worst z +10 B (+0.9%)  yhat exact  psnr 29.15  **
        valid    loss   0.2722  bpp 0.1466  psnr  25.84
  6,200/50,000  loss   0.3826  bpp 0.2729  psnr  25.00  aux    77.01  lr 1.00e-04   8.44 it/s  eta  1.44 h  Y/U/V 26.06/34.26/34.46  chroma 27.9%
  6,400/50,000  loss   0.3794  bpp 0.2714  psnr  25.21  aux    75.52  lr 1.00e-04   9.14 it/s  eta  1.33 h  Y/U/V 26.20/34.80/34.63  chroma 27.9%
  6,600/50,000  loss   0.3789  bpp 0.2714  psnr  25.19  aux    73.43  lr 1.00e-04   9.13 it/s  eta  1.32 h  Y/U/V 26.13/34.91/34.75  chroma 27.9%
  6,800/50,000  loss   0.3835  bpp 0.2736  psnr  25.10  aux    76.44  lr 1.00e-04   9.14 it/s  eta  1.31 h  Y/U/V 26.11/34.69/34.42  chroma 27.9%
  7,000/50,000  loss   0.3841  bpp 0.2734  psnr  25.02  aux    75.69  lr 1.00e-04   9.14 it/s  eta  1.31 h  Y/U/V 25.96/34.78/34.68  chroma 27.7%
  7,200/50,000  loss   0.3806  bpp 0.2715  psnr  25.07  aux    70.37  lr 1.00e-04   9.22 it/s  eta  1.29 h  Y/U/V 26.09/34.51/34.44  chroma 27.9%
  7,400/50,000  loss   0.3848  bpp 0.2740  psnr  25.04  aux    71.71  lr 1.00e-04   9.15 it/s  eta  1.29 h  Y/U/V 25.99/34.73/34.53  chroma 27.7%
  7,600/50,000  loss   0.3850  bpp 0.2740  psnr  24.97  aux    76.72  lr 1.00e-04   9.14 it/s  eta  1.29 h  Y/U/V 25.95/34.67/34.46  chroma 27.7%
  7,800/50,000  loss   0.3752  bpp 0.2690  psnr  25.31  aux    76.77  lr 1.00e-04   9.21 it/s  eta  1.27 h  Y/U/V 26.28/34.95/34.58  chroma 28.1%
  8,000/50,000  loss   0.3807  bpp 0.2718  psnr  25.10  aux    74.84  lr 1.00e-04   9.53 it/s  eta  1.22 h  Y/U/V 26.06/34.67/34.75  chroma 27.9%
        rtcheck  act 0.1004  vs est  +1.84%  vs est_q  -0.60%  (sigma grid +2.46%)  oor y 0.000% z 0.000% (uv y 0.000% z 0.000%)  worst z +11 B (+1.2%)  yhat exact  psnr 29.23  **
        valid    loss   0.2656  bpp 0.1364  psnr  25.82
  8,200/50,000  loss   0.3794  bpp 0.2711  psnr  25.05  aux    72.50  lr 1.00e-04   8.36 it/s  eta  1.39 h  Y/U/V 26.02/34.71/34.62  chroma 27.8%
  8,400/50,000  loss   0.3818  bpp 0.2723  psnr  25.01  aux    78.73  lr 1.00e-04   9.13 it/s  eta  1.27 h  Y/U/V 25.99/34.68/34.35  chroma 27.9%
  8,600/50,000  loss   0.3850  bpp 0.2735  psnr  25.01  aux    76.76  lr 1.00e-04   9.16 it/s  eta  1.26 h  Y/U/V 25.96/34.75/34.44  chroma 27.7%
  8,800/50,000  loss   0.3799  bpp 0.2710  psnr  25.09  aux    69.36  lr 1.00e-04   9.23 it/s  eta  1.24 h  Y/U/V 26.07/34.51/34.44  chroma 28.0%
  9,000/50,000  loss   0.3839  bpp 0.2728  psnr  25.03  aux    79.57  lr 1.00e-04   9.14 it/s  eta  1.25 h  Y/U/V 25.95/34.79/34.73  chroma 27.6%
  9,200/50,000  loss   0.3783  bpp 0.2706  psnr  25.11  aux    72.69  lr 1.00e-04   9.14 it/s  eta  1.24 h  Y/U/V 26.10/34.62/34.58  chroma 27.9%
  9,400/50,000  loss   0.3822  bpp 0.2723  psnr  25.02  aux    71.64  lr 1.00e-04   9.16 it/s  eta  1.23 h  Y/U/V 26.04/34.49/34.28  chroma 28.0%
  9,600/50,000  loss   0.3815  bpp 0.2716  psnr  25.07  aux    72.02  lr 1.00e-04   9.15 it/s  eta  1.23 h  Y/U/V 26.00/34.88/34.68  chroma 27.9%
  9,800/50,000  loss   0.3797  bpp 0.2710  psnr  25.11  aux    72.52  lr 1.00e-04   9.26 it/s  eta  1.21 h  Y/U/V 26.11/34.60/34.62  chroma 28.0%
 10,000/50,000  loss   0.3817  bpp 0.2720  psnr  25.04  aux    71.49  lr 1.00e-04   9.50 it/s  eta  1.17 h  Y/U/V 25.97/34.72/34.55  chroma 27.8%
        rtcheck  act 0.1029  vs est  +1.52%  vs est_q  -1.22%  (sigma grid +2.78%)  oor y 0.000% z 0.000% (uv y 0.000% z 0.000%)  worst z +14 B (+1.3%)  yhat exact  psnr 29.30  **
        valid    loss   0.2682  bpp 0.1378  psnr  25.90
 10,200/50,000  loss   0.3810  bpp 0.2717  psnr  25.10  aux    70.33  lr 1.00e-04   8.12 it/s  eta  1.36 h  Y/U/V 26.05/34.70/34.65  chroma 28.0%
 10,400/50,000  loss   0.3829  bpp 0.2722  psnr  25.00  aux    65.16  lr 1.00e-04   9.16 it/s  eta  1.20 h  Y/U/V 25.99/34.53/34.38  chroma 27.7%
 10,600/50,000  loss   0.3818  bpp 0.2721  psnr  25.03  aux    75.31  lr 1.00e-04   9.13 it/s  eta  1.20 h  Y/U/V 26.01/34.66/34.52  chroma 27.8%
 10,800/50,000  loss   0.3850  bpp 0.2732  psnr  25.02  aux    71.67  lr 1.00e-04   9.15 it/s  eta  1.19 h  Y/U/V 25.97/34.73/34.45  chroma 27.8%
 11,000/50,000  loss   0.3793  bpp 0.2710  psnr  25.14  aux    75.24  lr 1.00e-04   9.16 it/s  eta  1.18 h  Y/U/V 26.09/34.91/34.57  chroma 27.9%
 11,200/50,000  loss   0.3787  bpp 0.2703  psnr  25.16  aux    79.33  lr 1.00e-04   9.13 it/s  eta  1.18 h  Y/U/V 26.13/34.69/34.65  chroma 28.0%
 11,400/50,000  loss   0.3808  bpp 0.2715  psnr  25.15  aux    76.46  lr 1.00e-04   9.12 it/s  eta  1.18 h  Y/U/V 26.12/34.82/34.52  chroma 27.8%
 11,600/50,000  loss   0.3834  bpp 0.2722  psnr  24.94  aux    74.88  lr 1.00e-04   9.16 it/s  eta  1.16 h  Y/U/V 25.89/34.53/34.60  chroma 27.8%
 11,800/50,000  loss   0.3790  bpp 0.2707  psnr  25.19  aux    73.19  lr 1.00e-04   9.29 it/s  eta  1.14 h  Y/U/V 26.16/34.82/34.62  chroma 27.9%
 12,000/50,000  loss   0.3812  bpp 0.2716  psnr  25.09  aux    73.76  lr 1.00e-04   9.52 it/s  eta  1.11 h  Y/U/V 26.06/34.71/34.47  chroma 27.9%
        rtcheck  act 0.1082  vs est  +2.39%  vs est_q  -0.59%  (sigma grid +2.99%)  oor y 0.000% z 0.000% (uv y 0.000% z 0.000%)  worst z +15 B (+1.2%)  yhat exact  psnr 28.95  **
        valid    loss   0.2729  bpp 0.1459  psnr  25.79
 12,200/50,000  loss   0.3813  bpp 0.2712  psnr  25.10  aux    71.85  lr 1.00e-04   8.41 it/s  eta  1.25 h  Y/U/V 26.08/34.59/34.49  chroma 28.1%
 12,400/50,000  loss   0.3851  bpp 0.2738  psnr  24.91  aux    77.94  lr 1.00e-04   9.12 it/s  eta  1.15 h  Y/U/V 25.83/34.70/34.43  chroma 27.5%
 12,600/50,000  loss   0.3812  bpp 0.2714  psnr  24.97  aux    72.64  lr 1.00e-04   9.12 it/s  eta  1.14 h  Y/U/V 25.99/34.58/34.21  chroma 27.9%
 12,800/50,000  loss   0.3779  bpp 0.2693  psnr  25.16  aux    71.08  lr 1.00e-04   9.13 it/s  eta  1.13 h  Y/U/V 26.21/34.82/34.22  chroma 28.0%
 13,000/50,000  loss   0.3811  bpp 0.2712  psnr  25.10  aux    71.17  lr 1.00e-04   9.16 it/s  eta  1.12 h  Y/U/V 26.14/34.68/34.31  chroma 28.0%
 13,200/50,000  loss   0.3824  bpp 0.2719  psnr  25.04  aux    72.71  lr 1.00e-04   9.14 it/s  eta  1.12 h  Y/U/V 25.99/34.66/34.56  chroma 27.7%
 13,400/50,000  loss   0.3802  bpp 0.2709  psnr  25.05  aux    72.10  lr 1.00e-04   9.19 it/s  eta  1.11 h  Y/U/V 25.96/34.87/34.72  chroma 27.7%
 13,600/50,000  loss   0.3808  bpp 0.2708  psnr  25.05  aux    73.10  lr 1.00e-04   9.14 it/s  eta  1.11 h  Y/U/V 26.04/34.63/34.48  chroma 28.0%
 13,800/50,000  loss   0.3785  bpp 0.2704  psnr  25.16  aux    75.64  lr 1.00e-04   9.24 it/s  eta  1.09 h  Y/U/V 26.15/34.92/34.51  chroma 27.9%
 14,000/50,000  loss   0.3765  bpp 0.2683  psnr  25.19  aux    71.01  lr 1.00e-04   9.54 it/s  eta  1.05 h  Y/U/V 26.20/34.90/34.57  chroma 28.1%
        rtcheck  act 0.1094  vs est  +2.25%  vs est_q  -0.66%  (sigma grid +2.93%)  oor y 0.000% z 0.000% (uv y 0.000% z 0.000%)  worst z +20 B (+1.6%)  yhat exact  psnr 29.26  **
        valid    loss   0.2705  bpp 0.1421  psnr  25.74
 14,200/50,000  loss   0.3856  bpp 0.2728  psnr  24.90  aux    76.24  lr 1.00e-04   8.42 it/s  eta  1.18 h  Y/U/V 25.85/34.33/34.47  chroma 27.8%
 14,400/50,000  loss   0.3840  bpp 0.2730  psnr  24.95  aux    74.22  lr 1.00e-04   9.15 it/s  eta  1.08 h  Y/U/V 25.89/34.78/34.44  chroma 27.7%
 14,600/50,000  loss   0.3833  bpp 0.2719  psnr  24.95  aux    68.51  lr 1.00e-04   9.17 it/s  eta  1.07 h  Y/U/V 25.95/34.54/34.24  chroma 28.0%
 14,800/50,000  loss   0.3821  bpp 0.2715  psnr  25.05  aux    72.88  lr 1.00e-04   9.13 it/s  eta  1.07 h  Y/U/V 26.03/34.81/34.36  chroma 27.8%
 15,000/50,000  loss   0.3836  bpp 0.2726  psnr  24.99  aux    76.28  lr 1.00e-04   9.24 it/s  eta  1.05 h  Y/U/V 25.96/34.57/34.35  chroma 27.9%
 15,200/50,000  loss   0.3750  bpp 0.2684  psnr  25.23  aux    74.46  lr 1.00e-04   9.16 it/s  eta  1.06 h  Y/U/V 26.24/34.85/34.55  chroma 27.9%
 15,400/50,000  loss   0.3814  bpp 0.2714  psnr  25.01  aux    69.85  lr 1.00e-04   9.16 it/s  eta  1.05 h  Y/U/V 25.96/34.77/34.64  chroma 27.7%
 15,600/50,000  loss   0.3825  bpp 0.2719  psnr  25.03  aux    72.63  lr 1.00e-04   9.17 it/s  eta  1.04 h  Y/U/V 26.00/34.66/34.44  chroma 27.9%
 15,800/50,000  loss   0.3819  bpp 0.2713  psnr  25.07  aux    75.67  lr 1.00e-04   9.23 it/s  eta  1.03 h  Y/U/V 26.06/34.62/34.40  chroma 27.9%
 16,000/50,000  loss   0.3769  bpp 0.2695  psnr  25.21  aux    70.74  lr 1.00e-04   9.72 it/s  eta  0.97 h  Y/U/V 26.18/34.93/34.69  chroma 28.0%
        rtcheck  act 0.1012  vs est  +2.99%  vs est_q  +0.26%  (sigma grid +2.72%)  oor y 0.000% z 0.000% (uv y 0.000% z 0.000%)  worst z +21 B (+2.0%)  yhat exact  psnr 29.16  **
        valid    loss   0.2653  bpp 0.1359  psnr  25.67
 16,200/50,000  loss   0.3807  bpp 0.2708  psnr  25.08  aux    78.92  lr 1.00e-04   8.14 it/s  eta  1.15 h  Y/U/V 26.05/34.67/34.62  chroma 27.9%
 16,400/50,000  loss   0.3798  bpp 0.2703  psnr  25.11  aux    74.22  lr 1.00e-04   9.12 it/s  eta  1.02 h  Y/U/V 26.09/34.59/34.61  chroma 28.0%
 16,600/50,000  loss   0.3826  bpp 0.2720  psnr  25.02  aux    74.04  lr 1.00e-04   9.23 it/s  eta  1.01 h  Y/U/V 26.01/34.64/34.41  chroma 27.7%
 16,800/50,000  loss   0.3793  bpp 0.2704  psnr  25.01  aux    74.03  lr 1.00e-04   9.16 it/s  eta  1.01 h  Y/U/V 26.01/34.64/34.34  chroma 27.9%
 17,000/50,000  loss   0.3868  bpp 0.2740  psnr  24.87  aux    73.71  lr 1.00e-04   9.15 it/s  eta  1.00 h  Y/U/V 25.89/34.32/34.27  chroma 27.7%
 17,200/50,000  loss   0.3781  bpp 0.2695  psnr  25.08  aux    73.88  lr 1.00e-04   9.14 it/s  eta  1.00 h  Y/U/V 26.05/34.68/34.55  chroma 27.9%
 17,400/50,000  loss   0.3771  bpp 0.2686  psnr  25.18  aux    73.16  lr 1.00e-04   9.16 it/s  eta  0.99 h  Y/U/V 26.16/34.66/34.59  chroma 28.0%
 17,600/50,000  loss   0.3802  bpp 0.2711  psnr  25.04  aux    76.08  lr 1.00e-04   9.16 it/s  eta  0.98 h  Y/U/V 25.96/34.78/34.63  chroma 27.7%
 17,800/50,000  loss   0.3802  bpp 0.2708  psnr  25.09  aux    72.72  lr 1.00e-04   9.24 it/s  eta  0.97 h  Y/U/V 26.04/34.90/34.50  chroma 27.8%
 18,000/50,000  loss   0.3824  bpp 0.2715  psnr  25.08  aux    73.55  lr 1.00e-04   9.65 it/s  eta  0.92 h  Y/U/V 26.06/34.54/34.66  chroma 27.8%
        rtcheck  act 0.1007  vs est  +1.77%  vs est_q  -0.14%  (sigma grid +1.92%)  oor y 0.000% z 0.000% (uv y 0.000% z 0.000%)  worst z +12 B (+1.2%)  yhat exact  psnr 28.87  ok
        valid    loss   0.2643  bpp 0.1330  psnr  25.65
 18,200/50,000  loss   0.3811  bpp 0.2705  psnr  24.94  aux    73.76  lr 1.00e-04   8.50 it/s  eta  1.04 h  Y/U/V 25.87/34.55/34.48  chroma 27.9%
 18,400/50,000  loss   0.3788  bpp 0.2697  psnr  25.17  aux    72.83  lr 1.00e-04   9.14 it/s  eta  0.96 h  Y/U/V 26.16/34.79/34.53  chroma 28.0%
 18,600/50,000  loss   0.3794  bpp 0.2700  psnr  25.14  aux    79.99  lr 1.00e-04   9.13 it/s  eta  0.96 h  Y/U/V 26.07/34.88/34.65  chroma 27.9%
 18,800/50,000  loss   0.3808  bpp 0.2706  psnr  25.10  aux    74.72  lr 1.00e-04   9.17 it/s  eta  0.94 h  Y/U/V 26.11/34.49/34.41  chroma 28.0%
 19,000/50,000  loss   0.3816  bpp 0.2710  psnr  24.99  aux    76.04  lr 1.00e-04   9.16 it/s  eta  0.94 h  Y/U/V 25.96/34.50/34.59  chroma 27.8%
 19,200/50,000  loss   0.3800  bpp 0.2704  psnr  25.08  aux    72.34  lr 1.00e-04   9.18 it/s  eta  0.93 h  Y/U/V 26.04/34.92/34.49  chroma 27.7%
 19,400/50,000  loss   0.3825  bpp 0.2714  psnr  24.96  aux    74.63  lr 1.00e-04   9.16 it/s  eta  0.93 h  Y/U/V 25.90/34.64/34.51  chroma 27.7%
 19,600/50,000  loss   0.3788  bpp 0.2698  psnr  25.11  aux    74.06  lr 1.00e-04   9.13 it/s  eta  0.92 h  Y/U/V 26.10/34.57/34.59  chroma 28.0%
 19,800/50,000  loss   0.3822  bpp 0.2712  psnr  25.02  aux    73.65  lr 1.00e-04   9.33 it/s  eta  0.90 h  Y/U/V 26.00/34.77/34.48  chroma 27.8%
 20,000/50,000  loss   0.3787  bpp 0.2696  psnr  25.21  aux    76.43  lr 1.00e-04   9.50 it/s  eta  0.88 h  Y/U/V 26.23/34.75/34.43  chroma 28.1%
        rtcheck  act 0.1042  vs est  +2.37%  vs est_q  -0.04%  (sigma grid +2.41%)  oor y 0.000% z 0.000% (uv y 0.000% z 0.000%)  worst z +14 B (+1.4%)  yhat exact  psnr 29.23  ok
        valid    loss   0.2662  bpp 0.1367  psnr  25.77
 20,200/50,000  loss   0.3802  bpp 0.2701  psnr  25.05  aux    72.14  lr 1.00e-04   8.42 it/s  eta  0.98 h  Y/U/V 26.06/34.45/34.52  chroma 27.9%
 20,400/50,000  loss   0.3820  bpp 0.2712  psnr  24.93  aux    75.25  lr 1.00e-04   9.14 it/s  eta  0.90 h  Y/U/V 25.91/34.50/34.45  chroma 27.8%
 20,600/50,000  loss   0.3771  bpp 0.2686  psnr  25.13  aux    77.95  lr 1.00e-04   9.14 it/s  eta  0.89 h  Y/U/V 26.17/34.50/34.35  chroma 28.0%
 20,800/50,000  loss   0.3829  bpp 0.2717  psnr  24.94  aux    77.98  lr 1.00e-04   9.14 it/s  eta  0.89 h  Y/U/V 25.89/34.62/34.46  chroma 27.7%
 21,000/50,000  loss   0.3810  bpp 0.2710  psnr  25.04  aux    78.38  lr 1.00e-04   9.15 it/s  eta  0.88 h  Y/U/V 26.00/34.80/34.41  chroma 27.8%
 21,200/50,000  loss   0.3809  bpp 0.2704  psnr  24.97  aux    70.46  lr 1.00e-04   9.15 it/s  eta  0.87 h  Y/U/V 25.95/34.51/34.50  chroma 27.9%
 21,400/50,000  loss   0.3805  bpp 0.2703  psnr  25.01  aux    76.90  lr 1.00e-04   9.22 it/s  eta  0.86 h  Y/U/V 26.01/34.54/34.47  chroma 27.9%
 21,600/50,000  loss   0.3784  bpp 0.2695  psnr  25.07  aux    77.05  lr 1.00e-04   9.16 it/s  eta  0.86 h  Y/U/V 26.06/34.55/34.55  chroma 27.8%
 21,800/50,000  loss   0.3788  bpp 0.2696  psnr  25.00  aux    80.77  lr 1.00e-04   9.26 it/s  eta  0.85 h  Y/U/V 26.01/34.51/34.49  chroma 27.9%
 22,000/50,000  loss   0.3810  bpp 0.2705  psnr  24.98  aux    70.72  lr 1.00e-04   9.58 it/s  eta  0.81 h  Y/U/V 25.98/34.61/34.36  chroma 27.8%
        rtcheck  act 0.1017  vs est  +3.13%  vs est_q  +0.32%  (sigma grid +2.79%)  oor y 0.000% z 0.000% (uv y 0.000% z 0.000%)  worst z +11 B (+1.1%)  yhat exact  psnr 29.07  ok
        valid    loss   0.2659  bpp 0.1326  psnr  25.80
 22,200/50,000  loss   0.3805  bpp 0.2701  psnr  25.04  aux    77.31  lr 1.00e-04   8.47 it/s  eta  0.91 h  Y/U/V 25.98/34.78/34.59  chroma 27.8%
 22,400/50,000  loss   0.3821  bpp 0.2708  psnr  25.00  aux    75.53  lr 1.00e-04   9.15 it/s  eta  0.84 h  Y/U/V 25.99/34.38/34.40  chroma 27.8%
 22,600/50,000  loss   0.3818  bpp 0.2709  psnr  24.87  aux    70.44  lr 1.00e-04   9.14 it/s  eta  0.83 h  Y/U/V 25.88/34.39/34.13  chroma 27.9%
 22,800/50,000  loss   0.3801  bpp 0.2704  psnr  25.00  aux    84.13  lr 1.00e-04   9.22 it/s  eta  0.82 h  Y/U/V 25.95/34.78/34.51  chroma 27.8%
 23,000/50,000  loss   0.3814  bpp 0.2706  psnr  25.08  aux    74.65  lr 1.00e-04   9.15 it/s  eta  0.82 h  Y/U/V 26.09/34.57/34.36  chroma 27.9%
 23,200/50,000  loss   0.3779  bpp 0.2691  psnr  25.16  aux    73.11  lr 1.00e-04   9.15 it/s  eta  0.81 h  Y/U/V 26.12/34.88/34.61  chroma 27.9%
 23,400/50,000  loss   0.3784  bpp 0.2697  psnr  25.19  aux    75.90  lr 1.00e-04   9.14 it/s  eta  0.81 h  Y/U/V 26.13/34.97/34.71  chroma 27.9%
 23,600/50,000  loss   0.3857  bpp 0.2724  psnr  24.83  aux    67.74  lr 1.00e-04   9.15 it/s  eta  0.80 h  Y/U/V 25.83/34.34/34.28  chroma 27.7%
 23,800/50,000  loss   0.3762  bpp 0.2684  psnr  25.17  aux    77.44  lr 1.00e-04   9.25 it/s  eta  0.79 h  Y/U/V 26.14/34.76/34.60  chroma 28.0%
 24,000/50,000  loss   0.3804  bpp 0.2703  psnr  25.06  aux    73.49  lr 1.00e-04   9.45 it/s  eta  0.76 h  Y/U/V 26.03/34.75/34.41  chroma 27.8%
        rtcheck  act 0.1013  vs est  +2.34%  vs est_q  +0.13%  (sigma grid +2.21%)  oor y 0.000% z 0.000% (uv y 0.000% z 0.000%)  worst z +10 B (+1.2%)  yhat exact  psnr 29.14  ok
        valid    loss   0.2632  bpp 0.1342  psnr  25.94
 24,200/50,000  loss   0.3779  bpp 0.2691  psnr  25.10  aux    71.46  lr 1.00e-04   8.36 it/s  eta  0.86 h  Y/U/V 26.09/34.70/34.60  chroma 27.9%
 24,400/50,000  loss   0.3819  bpp 0.2710  psnr  24.98  aux    79.81  lr 1.00e-04   9.20 it/s  eta  0.77 h  Y/U/V 25.99/34.40/34.34  chroma 27.9%
 24,600/50,000  loss   0.3833  bpp 0.2713  psnr  24.93  aux    75.37  lr 1.00e-04   9.14 it/s  eta  0.77 h  Y/U/V 25.89/34.64/34.39  chroma 27.8%
 24,800/50,000  loss   0.3772  bpp 0.2693  psnr  25.13  aux    75.96  lr 1.00e-04   9.18 it/s  eta  0.76 h  Y/U/V 26.11/34.82/34.55  chroma 27.9%
 25,000/50,000  loss   0.3806  bpp 0.2705  psnr  25.06  aux    73.82  lr 1.00e-04   9.16 it/s  eta  0.76 h  Y/U/V 26.03/34.69/34.59  chroma 27.9%
 25,200/50,000  loss   0.3752  bpp 0.2672  psnr  25.16  aux    77.97  lr 1.00e-04   9.18 it/s  eta  0.75 h  Y/U/V 26.20/34.52/34.46  chroma 28.1%
 25,400/50,000  loss   0.3821  bpp 0.2712  psnr  24.99  aux    79.05  lr 1.00e-04   9.14 it/s  eta  0.75 h  Y/U/V 25.96/34.71/34.52  chroma 27.8%
 25,600/50,000  loss   0.3820  bpp 0.2715  psnr  25.01  aux    73.71  lr 1.00e-04   9.15 it/s  eta  0.74 h  Y/U/V 25.99/34.64/34.41  chroma 27.7%
 25,800/50,000  loss   0.3764  bpp 0.2685  psnr  25.24  aux    80.30  lr 1.00e-04   9.24 it/s  eta  0.73 h  Y/U/V 26.25/34.71/34.56  chroma 28.0%
 26,000/50,000  loss   0.3766  bpp 0.2686  psnr  25.18  aux    76.21  lr 1.00e-04   9.56 it/s  eta  0.70 h  Y/U/V 26.19/34.68/34.58  chroma 28.0%
        rtcheck  act 0.1040  vs est  +2.88%  vs est_q  +0.02%  (sigma grid +2.86%)  oor y 0.000% z 0.000% (uv y 0.000% z 0.000%)  worst z +8 B (+0.9%)  yhat exact  psnr 29.23  ok
        valid    loss   0.2662  bpp 0.1370  psnr  25.72
 26,200/50,000  loss   0.3801  bpp 0.2701  psnr  24.98  aux    71.48  lr 1.00e-04   8.35 it/s  eta  0.79 h  Y/U/V 26.02/34.53/34.15  chroma 28.0%
 26,400/50,000  loss   0.3858  bpp 0.2728  psnr  24.84  aux    74.70  lr 1.00e-04   9.14 it/s  eta  0.72 h  Y/U/V 25.72/34.63/34.59  chroma 27.6%
 26,600/50,000  loss   0.3798  bpp 0.2693  psnr  24.94  aux    77.20  lr 1.00e-04   9.15 it/s  eta  0.71 h  Y/U/V 25.93/34.51/34.29  chroma 27.9%
 26,800/50,000  loss   0.3795  bpp 0.2702  psnr  25.06  aux    72.61  lr 1.00e-04   9.15 it/s  eta  0.70 h  Y/U/V 26.01/34.76/34.65  chroma 27.7%
 27,000/50,000  loss   0.3803  bpp 0.2702  psnr  25.11  aux    80.48  lr 1.00e-04   9.13 it/s  eta  0.70 h  Y/U/V 26.10/34.77/34.36  chroma 28.0%
 27,200/50,000  loss   0.3801  bpp 0.2698  psnr  24.99  aux    74.19  lr 1.00e-04   9.13 it/s  eta  0.69 h  Y/U/V 25.98/34.53/34.35  chroma 27.9%
 27,400/50,000  loss   0.3731  bpp 0.2669  psnr  25.32  aux    80.32  lr 1.00e-04   9.14 it/s  eta  0.69 h  Y/U/V 26.33/34.85/34.71  chroma 28.1%
 27,600/50,000  loss   0.3814  bpp 0.2703  psnr  24.99  aux    77.32  lr 1.00e-04   9.22 it/s  eta  0.67 h  Y/U/V 25.96/34.53/34.40  chroma 27.8%
 27,800/50,000  loss   0.3816  bpp 0.2710  psnr  25.02  aux    76.80  lr 1.00e-04   9.24 it/s  eta  0.67 h  Y/U/V 25.97/34.61/34.59  chroma 27.7%
 28,000/50,000  loss   0.3826  bpp 0.2709  psnr  24.90  aux    75.33  lr 1.00e-04   9.39 it/s  eta  0.65 h  Y/U/V 25.84/34.71/34.50  chroma 27.8%
        rtcheck  act 0.1025  vs est  +3.51%  vs est_q  +0.53%  (sigma grid +2.97%)  oor y 0.000% z 0.000% (uv y 0.000% z 0.000%)  worst z_uv +17 B (+1.8%)  yhat exact  psnr 28.82  **
        valid    loss   0.2626  bpp 0.1352  psnr  25.80
 28,200/50,000  loss   0.3767  bpp 0.2685  psnr  25.12  aux    79.69  lr 1.00e-04   8.41 it/s  eta  0.72 h  Y/U/V 26.11/34.76/34.41  chroma 27.9%
 28,400/50,000  loss   0.3812  bpp 0.2702  psnr  24.98  aux    80.18  lr 1.00e-04   9.15 it/s  eta  0.66 h  Y/U/V 25.91/34.65/34.70  chroma 27.7%
 28,600/50,000  loss   0.3815  bpp 0.2709  psnr  24.96  aux    73.22  lr 1.00e-04   9.15 it/s  eta  0.65 h  Y/U/V 25.97/34.49/34.29  chroma 27.8%
 28,800/50,000  loss   0.3783  bpp 0.2691  psnr  25.05  aux    72.60  lr 1.00e-04   9.15 it/s  eta  0.64 h  Y/U/V 26.04/34.68/34.27  chroma 28.0%
 29,000/50,000  loss   0.3814  bpp 0.2704  psnr  24.93  aux    77.53  lr 1.00e-04   9.13 it/s  eta  0.64 h  Y/U/V 25.91/34.46/34.44  chroma 27.7%
 29,200/50,000  loss   0.3806  bpp 0.2703  psnr  25.07  aux    79.60  lr 1.00e-04   9.22 it/s  eta  0.63 h  Y/U/V 26.03/34.73/34.65  chroma 27.8%
 29,400/50,000  loss   0.3782  bpp 0.2696  psnr  25.16  aux    80.31  lr 1.00e-04   9.17 it/s  eta  0.62 h  Y/U/V 26.21/34.64/34.25  chroma 28.1%
 29,600/50,000  loss   0.3788  bpp 0.2689  psnr  25.05  aux    78.93  lr 1.00e-04   9.14 it/s  eta  0.62 h  Y/U/V 26.03/34.71/34.62  chroma 27.8%
 29,800/50,000  loss   0.3751  bpp 0.2676  psnr  25.21  aux    77.54  lr 1.00e-04   9.23 it/s  eta  0.61 h  Y/U/V 26.17/34.88/34.47  chroma 28.0%
 30,000/50,000  loss   0.3805  bpp 0.2699  psnr  25.08  aux    80.26  lr 1.00e-04   9.45 it/s  eta  0.59 h  Y/U/V 26.05/34.75/34.49  chroma 27.9%
        rtcheck  act 0.0997  vs est  +3.41%  vs est_q  +0.33%  (sigma grid +3.07%)  oor y 0.000% z 0.000% (uv y 0.000% z 0.000%)  worst z +9 B (+1.0%)  yhat exact  psnr 29.08  ok
        valid    loss   0.2634  bpp 0.1318  psnr  25.79
 30,200/50,000  loss   0.3816  bpp 0.2704  psnr  24.92  aux    75.47  lr 1.00e-04   8.43 it/s  eta  0.65 h  Y/U/V 25.93/34.65/34.08  chroma 27.7%
 30,400/50,000  loss   0.3806  bpp 0.2701  psnr  25.04  aux    73.52  lr 1.00e-04   9.15 it/s  eta  0.60 h  Y/U/V 26.02/34.63/34.50  chroma 27.8%
 30,600/50,000  loss   0.3797  bpp 0.2698  psnr  25.03  aux    73.96  lr 1.00e-04   9.14 it/s  eta  0.59 h  Y/U/V 26.01/34.63/34.49  chroma 27.8%
 30,800/50,000  loss   0.3844  bpp 0.2717  psnr  24.90  aux    77.97  lr 1.00e-04   9.23 it/s  eta  0.58 h  Y/U/V 25.91/34.34/34.27  chroma 27.7%
 31,000/50,000  loss   0.3715  bpp 0.2660  psnr  25.24  aux    76.81  lr 1.00e-04   9.16 it/s  eta  0.58 h  Y/U/V 26.21/34.82/34.76  chroma 28.0%
 31,200/50,000  loss   0.3825  bpp 0.2705  psnr  24.97  aux    78.32  lr 1.00e-04   9.13 it/s  eta  0.57 h  Y/U/V 25.94/34.59/34.44  chroma 27.8%
 31,400/50,000  loss   0.3782  bpp 0.2691  psnr  25.12  aux    76.38  lr 1.00e-04   9.13 it/s  eta  0.57 h  Y/U/V 26.09/34.70/34.51  chroma 27.7%
 31,600/50,000  loss   0.3814  bpp 0.2705  psnr  24.97  aux    76.70  lr 1.00e-04   9.16 it/s  eta  0.56 h  Y/U/V 25.92/34.63/34.46  chroma 27.8%
 31,800/50,000  loss   0.3802  bpp 0.2698  psnr  24.95  aux    79.59  lr 1.00e-04   9.27 it/s  eta  0.55 h  Y/U/V 25.92/34.42/34.53  chroma 27.8%
 32,000/50,000  loss   0.3777  bpp 0.2684  psnr  25.17  aux    75.83  lr 1.00e-04   9.35 it/s  eta  0.53 h  Y/U/V 26.15/34.77/34.61  chroma 27.9%
        rtcheck  act 0.0996  vs est  +3.17%  vs est_q  +0.27%  (sigma grid +2.89%)  oor y 0.000% z 0.000% (uv y 0.000% z 0.000%)  worst y +8 B (+0.2%)  yhat exact  psnr 28.40  ok
        valid    loss   0.2599  bpp 0.1311  psnr  25.73
 32,200/50,000  loss   0.3776  bpp 0.2688  psnr  25.12  aux    76.10  lr 1.00e-04   8.19 it/s  eta  0.60 h  Y/U/V 26.06/34.88/34.58  chroma 27.7%
 32,400/50,000  loss   0.3814  bpp 0.2706  psnr  24.99  aux    78.45  lr 1.00e-04   9.13 it/s  eta  0.54 h  Y/U/V 25.97/34.64/34.33  chroma 27.8%
 32,600/50,000  loss   0.3745  bpp 0.2669  psnr  25.22  aux    76.89  lr 1.00e-04   9.15 it/s  eta  0.53 h  Y/U/V 26.24/34.59/34.61  chroma 28.0%
 32,800/50,000  loss   0.3837  bpp 0.2711  psnr  24.88  aux    75.93  lr 1.00e-04   9.14 it/s  eta  0.52 h  Y/U/V 25.84/34.46/34.38  chroma 27.8%
 33,000/50,000  loss   0.3773  bpp 0.2685  psnr  25.07  aux    80.92  lr 1.00e-04   9.14 it/s  eta  0.52 h  Y/U/V 26.05/34.70/34.45  chroma 27.7%
 33,200/50,000  loss   0.3815  bpp 0.2706  psnr  24.99  aux    78.49  lr 1.00e-04   9.18 it/s  eta  0.51 h  Y/U/V 25.96/34.67/34.35  chroma 27.7%
 33,400/50,000  loss   0.3766  bpp 0.2678  psnr  25.14  aux    69.18  lr 1.00e-04   9.15 it/s  eta  0.50 h  Y/U/V 26.11/34.79/34.62  chroma 27.9%
 33,600/50,000  loss   0.3818  bpp 0.2699  psnr  24.97  aux    75.21  lr 1.00e-04   9.22 it/s  eta  0.49 h  Y/U/V 25.94/34.56/34.31  chroma 27.8%
 33,800/50,000  loss   0.3815  bpp 0.2703  psnr  24.89  aux    83.37  lr 1.00e-04   9.26 it/s  eta  0.49 h  Y/U/V 25.87/34.45/34.46  chroma 27.7%
 34,000/50,000  loss   0.3771  bpp 0.2681  psnr  25.10  aux    78.93  lr 1.00e-04   9.44 it/s  eta  0.47 h  Y/U/V 26.10/34.74/34.31  chroma 27.9%
        rtcheck  act 0.0958  vs est  +2.88%  vs est_q  +0.41%  (sigma grid +2.46%)  oor y 0.000% z 0.000% (uv y 0.000% z 0.000%)  worst z_uv +10 B (+1.2%)  yhat exact  psnr 28.78  ok
        valid    loss   0.2566  bpp 0.1277  psnr  25.73
 34,200/50,000  loss   0.3799  bpp 0.2695  psnr  25.09  aux    76.52  lr 1.00e-04   8.41 it/s  eta  0.52 h  Y/U/V 26.07/34.69/34.67  chroma 27.8%
 34,400/50,000  loss   0.3786  bpp 0.2689  psnr  25.04  aux    75.15  lr 1.00e-04   9.12 it/s  eta  0.48 h  Y/U/V 26.04/34.48/34.43  chroma 27.9%
 34,600/50,000  loss   0.3763  bpp 0.2682  psnr  25.10  aux    73.60  lr 1.00e-04   9.12 it/s  eta  0.47 h  Y/U/V 26.09/34.77/34.37  chroma 27.9%
 34,800/50,000  loss   0.3806  bpp 0.2698  psnr  24.97  aux    80.31  lr 1.00e-04   9.14 it/s  eta  0.46 h  Y/U/V 25.94/34.57/34.51  chroma 27.7%
 35,000/50,000  loss   0.3784  bpp 0.2686  psnr  25.07  aux    83.00  lr 1.00e-04   9.14 it/s  eta  0.46 h  Y/U/V 26.07/34.63/34.42  chroma 27.8%
 35,200/50,000  loss   0.3806  bpp 0.2701  psnr  25.04  aux    77.60  lr 1.00e-04   9.12 it/s  eta  0.45 h  Y/U/V 26.02/34.66/34.44  chroma 27.8%
 35,400/50,000  loss   0.3791  bpp 0.2695  psnr  25.05  aux    75.15  lr 1.00e-04   9.21 it/s  eta  0.44 h  Y/U/V 26.06/34.49/34.50  chroma 27.9%
 35,600/50,000  loss   0.3791  bpp 0.2682  psnr  25.02  aux    74.14  lr 1.00e-04   9.20 it/s  eta  0.43 h  Y/U/V 25.96/34.78/34.51  chroma 27.7%
 35,800/50,000  loss   0.3772  bpp 0.2685  psnr  25.17  aux    77.37  lr 1.00e-04   9.11 it/s  eta  0.43 h  Y/U/V 26.15/34.92/34.44  chroma 27.9%
 36,000/50,000  loss   0.3811  bpp 0.2704  psnr  24.96  aux    80.24  lr 1.00e-04   9.53 it/s  eta  0.41 h  Y/U/V 25.90/34.63/34.47  chroma 27.6%
        rtcheck  act 0.0954  vs est  +3.61%  vs est_q  +0.37%  (sigma grid +3.24%)  oor y 0.000% z 0.000% (uv y 0.000% z 0.000%)  worst z_uv +10 B (+1.2%)  yhat exact  psnr 29.21  ok
        valid    loss   0.2565  bpp 0.1278  psnr  25.93
 36,200/50,000  loss   0.3744  bpp 0.2669  psnr  25.20  aux    76.60  lr 1.00e-04   7.73 it/s  eta  0.50 h  Y/U/V 26.19/34.74/34.66  chroma 27.9%
 36,400/50,000  loss   0.3830  bpp 0.2707  psnr  24.92  aux    78.64  lr 1.00e-04   9.12 it/s  eta  0.41 h  Y/U/V 25.84/34.67/34.52  chroma 27.6%
 36,600/50,000  loss   0.3810  bpp 0.2697  psnr  24.95  aux    81.00  lr 1.00e-04   9.10 it/s  eta  0.41 h  Y/U/V 25.91/34.50/34.50  chroma 27.7%
 36,800/50,000  loss   0.3775  bpp 0.2688  psnr  25.16  aux    87.37  lr 1.00e-04   9.10 it/s  eta  0.40 h  Y/U/V 26.20/34.66/34.34  chroma 27.9%
 37,000/50,000  loss   0.3770  bpp 0.2680  psnr  25.21  aux    77.41  lr 1.00e-04   9.14 it/s  eta  0.40 h  Y/U/V 26.21/34.95/34.64  chroma 27.8%
 37,200/50,000  loss   0.3793  bpp 0.2692  psnr  24.91  aux    74.27  lr 1.00e-04   9.09 it/s  eta  0.39 h  Y/U/V 25.86/34.57/34.62  chroma 27.6%
 37,400/50,000  loss   0.3804  bpp 0.2698  psnr  24.97  aux    80.60  lr 1.00e-04   9.08 it/s  eta  0.39 h  Y/U/V 26.00/34.54/34.24  chroma 27.7%
 37,600/50,000  loss   0.3792  bpp 0.2691  psnr  25.10  aux    76.14  lr 1.00e-04   9.19 it/s  eta  0.37 h  Y/U/V 26.13/34.51/34.20  chroma 28.0%
 37,800/50,000  loss   0.3773  bpp 0.2677  psnr  25.03  aux    73.20  lr 1.00e-04   9.09 it/s  eta  0.37 h  Y/U/V 26.01/34.64/34.26  chroma 27.8%
 38,000/50,000  loss   0.3803  bpp 0.2700  psnr  24.99  aux    77.14  lr 1.00e-04   9.47 it/s  eta  0.35 h  Y/U/V 25.92/34.67/34.60  chroma 27.7%
        rtcheck  act 0.0957  vs est  +3.18%  vs est_q  +0.28%  (sigma grid +2.88%)  oor y 0.000% z 0.000% (uv y 0.000% z 0.000%)  worst y +8 B (+0.2%)  yhat exact  psnr 29.15  ok
        valid    loss   0.2556  bpp 0.1275  psnr  25.89
 38,200/50,000  loss   0.3825  bpp 0.2711  psnr  24.95  aux    81.42  lr 1.00e-04   8.32 it/s  eta  0.39 h  Y/U/V 25.92/34.71/34.37  chroma 27.5%
 38,400/50,000  loss   0.3749  bpp 0.2670  psnr  25.24  aux    77.49  lr 1.00e-04   9.28 it/s  eta  0.35 h  Y/U/V 26.26/34.64/34.56  chroma 28.1%
 38,600/50,000  loss   0.3785  bpp 0.2686  psnr  25.02  aux    76.07  lr 1.00e-04   9.26 it/s  eta  0.34 h  Y/U/V 25.97/34.62/34.68  chroma 27.8%
 38,800/50,000  loss   0.3793  bpp 0.2692  psnr  24.98  aux    80.00  lr 1.00e-04   9.12 it/s  eta  0.34 h  Y/U/V 25.94/34.68/34.32  chroma 27.8%
 39,000/50,000  loss   0.3805  bpp 0.2698  psnr  25.05  aux    82.03  lr 1.00e-04   9.13 it/s  eta  0.33 h  Y/U/V 25.98/34.68/34.57  chroma 27.7%
 39,200/50,000  loss   0.3767  bpp 0.2681  psnr  25.10  aux    83.33  lr 1.00e-04   9.13 it/s  eta  0.33 h  Y/U/V 26.16/34.72/34.22  chroma 27.8%
 39,400/50,000  loss   0.3766  bpp 0.2681  psnr  25.14  aux    77.46  lr 1.00e-04   9.13 it/s  eta  0.32 h  Y/U/V 26.14/34.74/34.47  chroma 27.8%
 39,600/50,000  loss   0.3758  bpp 0.2668  psnr  25.13  aux    75.83  lr 1.00e-04   9.23 it/s  eta  0.31 h  Y/U/V 26.12/34.78/34.50  chroma 27.9%
 39,800/50,000  loss   0.3810  bpp 0.2706  psnr  24.97  aux    80.95  lr 1.00e-04   9.10 it/s  eta  0.31 h  Y/U/V 25.93/34.46/34.54  chroma 27.7%
 40,000/50,000  loss   0.3816  bpp 0.2702  psnr  24.88  aux    79.54  lr 1.00e-04   9.71 it/s  eta  0.29 h  Y/U/V 25.87/34.48/34.42  chroma 27.7%
        rtcheck  act 0.0920  vs est  +2.63%  vs est_q  +0.37%  (sigma grid +2.25%)  oor y 0.000% z 0.000% (uv y 0.000% z 0.000%)  worst z_uv +9 B (+1.3%)  yhat exact  psnr 29.08  ok
        valid    loss   0.2529  bpp 0.1259  psnr  25.83
 40,200/50,000  loss   0.3792  bpp 0.2690  psnr  25.00  aux    78.08  lr 1.00e-04   8.33 it/s  eta  0.33 h  Y/U/V 25.98/34.67/34.39  chroma 27.7%
 40,400/50,000  loss   0.3805  bpp 0.2698  psnr  24.98  aux    75.07  lr 1.00e-04   9.13 it/s  eta  0.29 h  Y/U/V 25.93/34.50/34.49  chroma 27.8%
 40,600/50,000  loss   0.3737  bpp 0.2661  psnr  25.19  aux    76.27  lr 1.00e-04   9.16 it/s  eta  0.28 h  Y/U/V 26.24/34.65/34.36  chroma 27.9%
 40,800/50,000  loss   0.3821  bpp 0.2704  psnr  24.92  aux    78.68  lr 1.00e-04   9.12 it/s  eta  0.28 h  Y/U/V 25.89/34.48/34.48  chroma 27.6%
 41,000/50,000  loss   0.3808  bpp 0.2700  psnr  24.98  aux    78.66  lr 1.00e-04   9.13 it/s  eta  0.27 h  Y/U/V 25.95/34.68/34.45  chroma 27.5%
 41,200/50,000  loss   0.3767  bpp 0.2677  psnr  25.14  aux    76.66  lr 1.00e-04   9.13 it/s  eta  0.27 h  Y/U/V 26.15/34.69/34.47  chroma 27.9%
 41,400/50,000  loss   0.3782  bpp 0.2686  psnr  25.09  aux    83.72  lr 1.00e-04   9.12 it/s  eta  0.26 h  Y/U/V 26.08/34.55/34.41  chroma 27.8%
 41,600/50,000  loss   0.3790  bpp 0.2687  psnr  25.06  aux    77.90  lr 1.00e-04   9.28 it/s  eta  0.25 h  Y/U/V 26.02/34.63/34.54  chroma 27.8%
 41,800/50,000  loss   0.3784  bpp 0.2687  psnr  25.06  aux    73.85  lr 1.00e-04   9.15 it/s  eta  0.25 h  Y/U/V 26.04/34.68/34.60  chroma 27.7%
 42,000/50,000  loss   0.3827  bpp 0.2703  psnr  24.88  aux    78.48  lr 1.00e-04   9.48 it/s  eta  0.23 h  Y/U/V 25.85/34.57/34.30  chroma 27.7%
        rtcheck  act 0.0941  vs est  +2.69%  vs est_q  +0.34%  (sigma grid +2.33%)  oor y 0.000% z 0.000% (uv y 0.000% z 0.000%)  worst z_uv +10 B (+1.4%)  yhat exact  psnr 29.25  ok
        valid    loss   0.2544  bpp 0.1266  psnr  25.81
 42,200/50,000  loss   0.3768  bpp 0.2680  psnr  25.17  aux    79.73  lr 1.00e-04   8.40 it/s  eta  0.26 h  Y/U/V 26.16/34.76/34.58  chroma 27.8%
 42,400/50,000  loss   0.3760  bpp 0.2677  psnr  25.06  aux    81.22  lr 1.00e-04   9.11 it/s  eta  0.23 h  Y/U/V 26.04/34.64/34.35  chroma 27.8%
 42,600/50,000  loss   0.3785  bpp 0.2685  psnr  24.97  aux    80.84  lr 1.00e-04   9.11 it/s  eta  0.23 h  Y/U/V 25.93/34.68/34.44  chroma 27.7%
 42,800/50,000  loss   0.3770  bpp 0.2677  psnr  25.13  aux    81.45  lr 1.00e-04   9.11 it/s  eta  0.22 h  Y/U/V 26.10/34.76/34.51  chroma 27.8%
 43,000/50,000  loss   0.3783  bpp 0.2692  psnr  25.05  aux    81.66  lr 1.00e-04   9.13 it/s  eta  0.21 h  Y/U/V 26.05/34.60/34.45  chroma 27.7%
 43,200/50,000  loss   0.3798  bpp 0.2695  psnr  25.09  aux    79.94  lr 1.00e-04   9.22 it/s  eta  0.20 h  Y/U/V 26.04/34.64/34.69  chroma 27.7%
 43,400/50,000  loss   0.3775  bpp 0.2679  psnr  25.04  aux    76.01  lr 1.00e-04   9.11 it/s  eta  0.20 h  Y/U/V 26.03/34.68/34.37  chroma 27.8%
 43,600/50,000  loss   0.3805  bpp 0.2696  psnr  25.08  aux    79.51  lr 1.00e-04   9.25 it/s  eta  0.19 h  Y/U/V 26.08/34.58/34.42  chroma 27.8%
 43,800/50,000  loss   0.3813  bpp 0.2702  psnr  24.85  aux    79.86  lr 1.00e-04   9.12 it/s  eta  0.19 h  Y/U/V 25.80/34.55/34.57  chroma 27.6%
 44,000/50,000  loss   0.3744  bpp 0.2666  psnr  25.23  aux    81.30  lr 1.00e-04   9.51 it/s  eta  0.18 h  Y/U/V 26.19/34.95/34.83  chroma 27.8%
        rtcheck  act 0.0903  vs est  +1.86%  vs est_q  +0.16%  (sigma grid +1.69%)  oor y 0.000% z 0.000% (uv y 0.000% z 0.000%)  worst y +7 B (+0.1%)  yhat exact  psnr 29.31  ok
        valid    loss   0.2528  bpp 0.1256  psnr  25.84
 44,200/50,000  loss   0.3810  bpp 0.2704  psnr  25.01  aux    75.55  lr 1.00e-04   8.34 it/s  eta  0.19 h  Y/U/V 26.00/34.50/34.37  chroma 27.8%
 44,400/50,000  loss   0.3754  bpp 0.2673  psnr  25.11  aux    79.46  lr 1.00e-04   9.13 it/s  eta  0.17 h  Y/U/V 26.09/34.67/34.71  chroma 27.8%
 44,600/50,000  loss   0.3800  bpp 0.2688  psnr  25.07  aux    81.05  lr 1.00e-04   9.13 it/s  eta  0.16 h  Y/U/V 26.02/34.60/34.62  chroma 27.8%
 44,800/50,000  loss   0.3781  bpp 0.2682  psnr  24.96  aux    85.83  lr 1.00e-04   9.18 it/s  eta  0.16 h  Y/U/V 25.91/34.75/34.51  chroma 27.6%
 45,000/50,000  loss   0.3739  bpp 0.2661  psnr  25.20  aux    77.44  lr 1.00e-04   9.14 it/s  eta  0.15 h  Y/U/V 26.19/34.88/34.67  chroma 27.9%
 45,200/50,000  loss   0.3824  bpp 0.2706  psnr  24.90  aux    79.37  lr 9.96e-05   9.13 it/s  eta  0.15 h  Y/U/V 25.90/34.33/34.32  chroma 27.7%
 45,400/50,000  loss   0.3823  bpp 0.2703  psnr  24.96  aux    77.41  lr 9.86e-05   9.13 it/s  eta  0.14 h  Y/U/V 25.96/34.44/34.42  chroma 27.6%
 45,600/50,000  loss   0.3749  bpp 0.2669  psnr  25.17  aux    75.62  lr 9.69e-05   9.21 it/s  eta  0.13 h  Y/U/V 26.13/34.86/34.56  chroma 27.8%
 45,800/50,000  loss   0.3804  bpp 0.2692  psnr  24.96  aux    65.50  lr 9.44e-05   9.13 it/s  eta  0.13 h  Y/U/V 25.93/34.62/34.21  chroma 27.8%
 46,000/50,000  loss   0.3736  bpp 0.2668  psnr  25.22  aux    66.49  lr 9.14e-05   9.85 it/s  eta  0.11 h  Y/U/V 26.16/34.99/34.74  chroma 27.8%
        rtcheck  act 0.0905  vs est  +2.81%  vs est_q  +0.26%  (sigma grid +2.55%)  oor y 0.000% z 0.000% (uv y 0.000% z 0.000%)  worst z_uv +8 B (+1.3%)  yhat exact  psnr 29.01  ok
        valid    loss   0.2520  bpp 0.1227  psnr  25.88
 46,200/50,000  loss   0.3796  bpp 0.2696  psnr  24.99  aux    60.96  lr 8.78e-05   8.36 it/s  eta  0.13 h  Y/U/V 25.99/34.52/34.38  chroma 27.7%
 46,400/50,000  loss   0.3777  bpp 0.2684  psnr  25.08  aux    52.36  lr 8.37e-05   9.19 it/s  eta  0.11 h  Y/U/V 26.03/34.68/34.71  chroma 27.7%
 46,600/50,000  loss   0.3784  bpp 0.2692  psnr  25.02  aux    44.62  lr 7.91e-05   9.12 it/s  eta  0.10 h  Y/U/V 25.92/34.83/34.69  chroma 27.5%
 46,800/50,000  loss   0.3793  bpp 0.2696  psnr  25.06  aux    37.36  lr 7.42e-05   9.13 it/s  eta  0.10 h  Y/U/V 25.98/34.89/34.66  chroma 27.6%
 47,000/50,000  loss   0.3736  bpp 0.2666  psnr  25.18  aux    34.26  lr 6.89e-05   9.15 it/s  eta  0.09 h  Y/U/V 26.12/34.88/34.67  chroma 27.9%
 47,200/50,000  loss   0.3760  bpp 0.2679  psnr  25.09  aux    32.27  lr 6.35e-05   9.13 it/s  eta  0.09 h  Y/U/V 26.05/34.70/34.57  chroma 27.8%
 47,400/50,000  loss   0.3738  bpp 0.2674  psnr  25.22  aux    27.64  lr 5.79e-05   9.13 it/s  eta  0.08 h  Y/U/V 26.16/34.82/34.86  chroma 27.9%
 47,600/50,000  loss   0.3782  bpp 0.2693  psnr  25.07  aux    25.05  lr 5.22e-05   9.24 it/s  eta  0.07 h  Y/U/V 25.98/34.92/34.74  chroma 27.4%
 47,800/50,000  loss   0.3731  bpp 0.2669  psnr  25.25  aux    24.15  lr 4.66e-05   9.20 it/s  eta  0.07 h  Y/U/V 26.16/35.02/34.95  chroma 27.8%
 48,000/50,000  loss   0.3771  bpp 0.2693  psnr  25.19  aux    23.22  lr 4.11e-05   9.52 it/s  eta  0.06 h  Y/U/V 26.08/35.07/34.82  chroma 27.6%
        rtcheck  act 0.0909  vs est  +2.41%  vs est_q  +0.36%  (sigma grid +2.04%)  oor y 0.000% z 0.000% (uv y 0.000% z 0.000%)  worst y +9 B (+0.2%)  yhat exact  psnr 29.35  ok
        valid    loss   0.2511  bpp 0.1250  psnr  25.92
 48,200/50,000  loss   0.3745  bpp 0.2681  psnr  25.22  aux    22.31  lr 3.59e-05   8.38 it/s  eta  0.06 h  Y/U/V 26.13/34.86/34.86  chroma 27.8%
 48,400/50,000  loss   0.3777  bpp 0.2695  psnr  25.20  aux    21.70  lr 3.09e-05   9.12 it/s  eta  0.05 h  Y/U/V 26.06/35.10/35.12  chroma 27.5%
 48,600/50,000  loss   0.3728  bpp 0.2675  psnr  25.31  aux    21.38  lr 2.63e-05   9.09 it/s  eta  0.04 h  Y/U/V 26.17/35.29/35.04  chroma 27.5%
 48,800/50,000  loss   0.3731  bpp 0.2679  psnr  25.40  aux    21.19  lr 2.22e-05   9.10 it/s  eta  0.04 h  Y/U/V 26.32/35.24/35.03  chroma 27.8%
 49,000/50,000  loss   0.3734  bpp 0.2681  psnr  25.32  aux    20.59  lr 1.86e-05   9.12 it/s  eta  0.03 h  Y/U/V 26.23/35.15/34.94  chroma 27.7%
 49,200/50,000  loss   0.3733  bpp 0.2681  psnr  25.28  aux    20.26  lr 1.56e-05   9.11 it/s  eta  0.02 h  Y/U/V 26.18/35.18/34.99  chroma 27.7%
 49,400/50,000  loss   0.3748  bpp 0.2684  psnr  25.20  aux    20.13  lr 1.32e-05   9.29 it/s  eta  0.02 h  Y/U/V 26.05/35.05/35.19  chroma 27.7%
 49,600/50,000  loss   0.3742  bpp 0.2685  psnr  25.32  aux    19.97  lr 1.14e-05   9.87 it/s  eta  0.01 h  Y/U/V 26.15/35.39/35.26  chroma 27.5%
 49,800/50,000  loss   0.3771  bpp 0.2698  psnr  25.12  aux    19.66  lr 1.04e-05  10.54 it/s  eta  0.01 h  Y/U/V 25.96/35.12/35.05  chroma 27.5%
 50,000/50,000  loss   0.3727  bpp 0.2678  psnr  25.34  aux    19.90  lr 1.00e-05  11.85 it/s  eta  0.00 h  Y/U/V 26.21/35.15/35.10  chroma 27.7%
        rtcheck  act 0.0911  vs est  +3.07%  vs est_q  +0.56%  (sigma grid +2.50%)  oor y 0.000% z 0.000% (uv y 0.000% z 0.000%)  worst z_uv +17 B (+2.6%)  yhat exact  psnr 29.27  **
        valid    loss   0.2478  bpp 0.1228  psnr  26.04

final    bpp 0.1228  psnr 26.04
gate     actual 0.0911 bpp
         vs estimate with quantised sigma: +0.56%   <- the coder/table gate, target +-0.5%
         vs estimate the loss saw:         +3.07%   (of which +2.50% is the 32-level sigma grid)
         out of table range: y 0.000%  z 0.000%
         per stream (bytes vs that stream's own estimate): y +0.15% (+7.9 B)  y_uv +2.64% (+7.2 B)  z +0.86% (+5.1 B)  z_uv +2.56% (+17.1 B)
         ** z_uv disagrees with its own table by +17 B (+2.6%) -- the coder is faithful to a table that is not the density the rate loss was trained against
         yhat bit-exact through the coder: True
wrote    checkpoints/ladder_p6/beta0.0002/final.pt
