patched: in-RAM crops, num_workers=0, pin_memory on CUDA
ladder   sweep_w6  (full, twobranch-mcm)
betas    0.012
steps    50,000 per point  ->  50,000 total
warm     yes (each point starts from the previous)
seed     checkpoints/ladder_p5  (same beta, weights only)
out      checkpoints/sweep_w6

[1/1] beta 0.012 (lambda*255^2 = 780)  warm start from ladder_p5/beta0.012
----------------------------------------------------------------------
in-RAM crops: _pack_256.npy (6400, 3, 256, 256) (mmap)
warm-start final.pt (twobranch-split @ step 50,000)
           117 tensors loaded, 28 initialised fresh (e.g. branch_y.mcm.nets.0.fuse.0.weight)

run      sweep_w6/beta0.012
device   cuda:0 NVIDIA RTX PRO 6000 Blackwell Server Edition (95 GiB)
beta     0.012  (== compressai lambda*255^2 780)
steps    0 -> 50,000   batch 8  crop 256
out      checkpoints/sweep_w6/beta0.012

TwoBranchCodec  internal 420  split-hyper+mcm4  luma=160/160  chroma=96/96  concat=256
  part                    params   kMAC/pxl
  g_a_y                2,051,840       47.8
  g_s_y                2,180,513      254.0
  h_a_y                1,152,800        1.5
  h_s_y                2,075,040        1.4
  g_a_uv               1,241,248       14.6
  g_s_uv               1,801,954       66.4
  h_a_uv                 415,200        0.5
  h_s_uv                 747,360        0.5
  eb_y                     9,760           
  eb_uv                    5,856           
  h_scale_y              642,720        0.2
  mcm_y                2,828,480        2.8
  h_scale_uv             232,032        0.1
  TOTAL               15,384,803      389.5   (58.7 MiB fp32)
  decoder                             325.2   <- compare to paper SOP 8 / BOP 28 / HOP 215
  tables               271.2 KiB

    200/50,000  loss   2.1824  bpp 0.9373  psnr  30.68  aux     9.97  lr 2.00e-05   7.38 it/s  eta  1.87 h  Y/U/V 31.85/39.90/40.12  chroma 24.6%
    400/50,000  loss   2.2176  bpp 0.9326  psnr  30.57  aux     9.58  lr 4.00e-05   8.94 it/s  eta  1.54 h  Y/U/V 31.77/39.79/39.80  chroma 24.7%
    600/50,000  loss   2.2215  bpp 0.9362  psnr  30.45  aux    10.63  lr 6.00e-05   9.02 it/s  eta  1.52 h  Y/U/V 31.64/39.68/39.79  chroma 24.8%
    800/50,000  loss   2.2504  bpp 0.9309  psnr  30.48  aux    12.63  lr 8.00e-05   8.85 it/s  eta  1.54 h  Y/U/V 31.75/39.53/39.54  chroma 24.8%
  1,000/50,000  loss   2.3065  bpp 0.9405  psnr  30.24  aux    18.12  lr 1.00e-04   8.85 it/s  eta  1.54 h  Y/U/V 31.52/39.39/39.19  chroma 24.7%
  1,200/50,000  loss   2.3088  bpp 0.9324  psnr  30.19  aux    25.28  lr 1.00e-04   8.81 it/s  eta  1.54 h  Y/U/V 31.51/39.22/39.04  chroma 24.7%
  1,400/50,000  loss   2.2866  bpp 0.9282  psnr  30.36  aux    25.21  lr 1.00e-04   9.16 it/s  eta  1.47 h  Y/U/V 31.77/39.06/39.09  chroma 25.2%
  1,600/50,000  loss   2.3942  bpp 0.9449  psnr  29.93  aux    30.37  lr 1.00e-04   8.76 it/s  eta  1.53 h  Y/U/V 31.30/38.81/38.71  chroma 24.7%
  1,800/50,000  loss   2.3266  bpp 0.9341  psnr  30.30  aux    33.83  lr 1.00e-04   8.87 it/s  eta  1.51 h  Y/U/V 31.70/39.15/38.82  chroma 25.2%
  2,000/50,000  loss   2.3401  bpp 0.9349  psnr  30.09  aux    29.84  lr 1.00e-04   8.98 it/s  eta  1.48 h  Y/U/V 31.42/39.06/39.05  chroma 24.9%
/tmp/uv-venv/lib/python3.13/site-packages/compressai/models/video/google.py:353: FutureWarning: `torch.cuda.amp.autocast(args...)` is deprecated. Please use `torch.amp.autocast('cuda', args...)` instead.
  @amp.autocast(enabled=False)
        rtcheck  act 0.6992  vs est  +1.15%  vs est_q  -0.26%  (sigma grid +1.42%)  oor y 0.000% z 0.000% (uv y 0.000% z 0.000%)  worst y_uv +8 B (+0.1%)  yhat exact  psnr 35.07  ok
        valid    loss   2.9053  bpp 0.9113  psnr  30.59
  2,200/50,000  loss   2.3404  bpp 0.9371  psnr  30.10  aux    24.99  lr 1.00e-04   6.22 it/s  eta  2.14 h  Y/U/V 31.47/38.79/38.77  chroma 24.8%
  2,400/50,000  loss   2.3324  bpp 0.9248  psnr  30.22  aux    25.92  lr 1.00e-04   9.26 it/s  eta  1.43 h  Y/U/V 31.45/39.30/39.34  chroma 24.9%
  2,600/50,000  loss   2.3965  bpp 0.9456  psnr  29.79  aux    28.02  lr 1.00e-04   9.14 it/s  eta  1.44 h  Y/U/V 31.23/38.39/38.54  chroma 25.0%
  2,800/50,000  loss   2.2747  bpp 0.9248  psnr  30.32  aux    34.57  lr 1.00e-04   9.15 it/s  eta  1.43 h  Y/U/V 31.65/39.35/39.08  chroma 24.9%
  3,000/50,000  loss   2.3231  bpp 0.9320  psnr  30.23  aux    24.84  lr 1.00e-04   9.14 it/s  eta  1.43 h  Y/U/V 31.60/39.24/38.86  chroma 25.1%
  3,200/50,000  loss   2.3343  bpp 0.9336  psnr  30.23  aux    34.66  lr 1.00e-04   9.15 it/s  eta  1.42 h  Y/U/V 31.56/39.08/38.98  chroma 24.8%
  3,400/50,000  loss   2.3393  bpp 0.9305  psnr  30.15  aux    31.80  lr 1.00e-04   9.17 it/s  eta  1.41 h  Y/U/V 31.51/39.15/38.82  chroma 25.1%
  3,600/50,000  loss   2.3680  bpp 0.9426  psnr  29.91  aux    25.71  lr 1.00e-04   9.15 it/s  eta  1.41 h  Y/U/V 31.24/38.61/38.70  chroma 24.8%
  3,800/50,000  loss   2.2923  bpp 0.9281  psnr  30.26  aux    27.23  lr 1.00e-04   9.23 it/s  eta  1.39 h  Y/U/V 31.67/39.04/38.79  chroma 25.2%
  4,000/50,000  loss   2.2967  bpp 0.9322  psnr  30.25  aux    27.95  lr 1.00e-04   9.27 it/s  eta  1.38 h  Y/U/V 31.53/39.33/39.17  chroma 24.8%
        rtcheck  act 0.7079  vs est  +1.60%  vs est_q  -0.10%  (sigma grid +1.70%)  oor y 0.000% z 0.000% (uv y 0.000% z 0.000%)  worst y_uv +12 B (+0.1%)  yhat exact  psnr 36.80  ok
        valid    loss   2.8153  bpp 0.9215  psnr  31.25
  4,200/50,000  loss   2.3181  bpp 0.9355  psnr  30.21  aux    31.20  lr 1.00e-04   8.57 it/s  eta  1.48 h  Y/U/V 31.54/39.15/39.16  chroma 24.9%
  4,400/50,000  loss   2.3430  bpp 0.9326  psnr  30.19  aux    29.99  lr 1.00e-04   9.13 it/s  eta  1.39 h  Y/U/V 31.61/38.91/38.98  chroma 25.2%
  4,600/50,000  loss   2.3268  bpp 0.9336  psnr  30.19  aux    31.32  lr 1.00e-04   9.17 it/s  eta  1.38 h  Y/U/V 31.50/39.24/38.99  chroma 24.9%
  4,800/50,000  loss   2.3109  bpp 0.9368  psnr  30.30  aux    30.21  lr 1.00e-04   9.16 it/s  eta  1.37 h  Y/U/V 31.59/39.25/39.20  chroma 24.8%
  5,000/50,000  loss   2.2994  bpp 0.9341  psnr  30.26  aux    28.93  lr 1.00e-04   9.16 it/s  eta  1.37 h  Y/U/V 31.60/39.04/39.04  chroma 25.2%
  5,200/50,000  loss   2.3216  bpp 0.9323  psnr  30.25  aux    26.50  lr 1.00e-04   9.16 it/s  eta  1.36 h  Y/U/V 31.60/39.11/39.01  chroma 24.9%
  5,400/50,000  loss   2.3511  bpp 0.9434  psnr  30.03  aux    27.58  lr 1.00e-04   9.13 it/s  eta  1.36 h  Y/U/V 31.40/39.00/38.90  chroma 24.8%
  5,600/50,000  loss   2.3007  bpp 0.9281  psnr  30.31  aux    25.72  lr 1.00e-04   9.23 it/s  eta  1.34 h  Y/U/V 31.70/39.08/39.02  chroma 25.0%
  5,800/50,000  loss   2.3343  bpp 0.9342  psnr  30.15  aux    25.28  lr 1.00e-04   9.20 it/s  eta  1.33 h  Y/U/V 31.51/38.86/39.02  chroma 25.0%
  6,000/50,000  loss   2.3207  bpp 0.9346  psnr  30.15  aux    29.70  lr 1.00e-04   9.18 it/s  eta  1.33 h  Y/U/V 31.51/39.15/38.92  chroma 25.0%
        rtcheck  act 0.6872  vs est  +1.01%  vs est_q  -0.09%  (sigma grid +1.10%)  oor y 0.000% z 0.000% (uv y 0.000% z 0.000%)  worst y +15 B (+0.0%)  yhat exact  psnr 36.50  ok
        valid    loss   3.0320  bpp 0.9137  psnr  30.95
  6,200/50,000  loss   2.3313  bpp 0.9397  psnr  30.23  aux    28.78  lr 1.00e-04   8.65 it/s  eta  1.41 h  Y/U/V 31.61/39.19/39.04  chroma 25.0%
  6,400/50,000  loss   2.2993  bpp 0.9320  psnr  30.36  aux    25.12  lr 1.00e-04   9.13 it/s  eta  1.33 h  Y/U/V 31.78/39.00/39.03  chroma 25.0%
  6,600/50,000  loss   2.2726  bpp 0.9301  psnr  30.38  aux    27.71  lr 1.00e-04   9.16 it/s  eta  1.32 h  Y/U/V 31.67/39.38/39.53  chroma 25.0%
  6,800/50,000  loss   2.3236  bpp 0.9386  psnr  30.30  aux    32.33  lr 1.00e-04   9.12 it/s  eta  1.32 h  Y/U/V 31.69/39.11/39.10  chroma 25.1%
  7,000/50,000  loss   2.3778  bpp 0.9426  psnr  29.98  aux    26.78  lr 1.00e-04   9.15 it/s  eta  1.30 h  Y/U/V 31.27/39.21/38.92  chroma 24.8%
  7,200/50,000  loss   2.3482  bpp 0.9369  psnr  30.16  aux    27.25  lr 1.00e-04   9.22 it/s  eta  1.29 h  Y/U/V 31.62/38.77/38.79  chroma 24.9%
  7,400/50,000  loss   2.3461  bpp 0.9452  psnr  30.18  aux    30.29  lr 1.00e-04   9.14 it/s  eta  1.29 h  Y/U/V 31.52/39.03/39.04  chroma 25.0%
  7,600/50,000  loss   2.3572  bpp 0.9384  psnr  30.09  aux    25.86  lr 1.00e-04   9.13 it/s  eta  1.29 h  Y/U/V 31.41/39.28/38.95  chroma 24.8%
  7,800/50,000  loss   2.2578  bpp 0.9230  psnr  30.46  aux    30.37  lr 1.00e-04   9.21 it/s  eta  1.27 h  Y/U/V 31.91/39.11/38.92  chroma 25.1%
  8,000/50,000  loss   2.2821  bpp 0.9341  psnr  30.36  aux    31.34  lr 1.00e-04   9.20 it/s  eta  1.27 h  Y/U/V 31.71/39.21/39.30  chroma 25.2%
        rtcheck  act 0.7052  vs est  +1.28%  vs est_q  -0.17%  (sigma grid +1.45%)  oor y 0.000% z 0.000% (uv y 0.000% z 0.000%)  worst y +14 B (+0.0%)  yhat exact  psnr 35.08  ok
        valid    loss   2.9733  bpp 0.9243  psnr  30.44
  8,200/50,000  loss   2.2972  bpp 0.9362  psnr  30.22  aux    29.55  lr 1.00e-04   8.65 it/s  eta  1.34 h  Y/U/V 31.59/39.16/38.97  chroma 25.0%
  8,400/50,000  loss   2.2936  bpp 0.9338  psnr  30.29  aux    26.54  lr 1.00e-04   9.13 it/s  eta  1.27 h  Y/U/V 31.61/39.24/39.20  chroma 25.0%
  8,600/50,000  loss   2.3270  bpp 0.9443  psnr  30.24  aux    27.37  lr 1.00e-04   9.15 it/s  eta  1.26 h  Y/U/V 31.55/39.13/39.29  chroma 24.8%
  8,800/50,000  loss   2.3157  bpp 0.9334  psnr  30.26  aux    24.89  lr 1.00e-04   9.23 it/s  eta  1.24 h  Y/U/V 31.64/39.04/38.97  chroma 25.4%
  9,000/50,000  loss   2.3321  bpp 0.9377  psnr  30.17  aux    26.82  lr 1.00e-04   9.15 it/s  eta  1.24 h  Y/U/V 31.45/39.14/39.36  chroma 24.7%
  9,200/50,000  loss   2.2483  bpp 0.9296  psnr  30.45  aux    27.88  lr 1.00e-04   9.16 it/s  eta  1.24 h  Y/U/V 31.83/39.05/39.28  chroma 25.2%
  9,400/50,000  loss   2.3055  bpp 0.9412  psnr  30.31  aux    23.71  lr 1.00e-04   9.13 it/s  eta  1.24 h  Y/U/V 31.66/39.21/38.97  chroma 25.2%
  9,600/50,000  loss   2.3103  bpp 0.9383  psnr  30.26  aux    31.90  lr 1.00e-04   9.14 it/s  eta  1.23 h  Y/U/V 31.56/39.33/39.25  chroma 25.1%
  9,800/50,000  loss   2.2833  bpp 0.9338  psnr  30.40  aux    28.90  lr 1.00e-04   9.26 it/s  eta  1.21 h  Y/U/V 31.76/39.22/39.34  chroma 25.2%
 10,000/50,000  loss   2.3208  bpp 0.9395  psnr  30.19  aux    28.43  lr 1.00e-04   9.20 it/s  eta  1.21 h  Y/U/V 31.49/39.22/39.06  chroma 25.1%
        rtcheck  act 0.7057  vs est  +1.71%  vs est_q  -0.02%  (sigma grid +1.74%)  oor y 0.000% z 0.000% (uv y 0.000% z 0.000%)  worst y +19 B (+0.0%)  yhat exact  psnr 35.89  ok
        valid    loss   2.9601  bpp 0.9266  psnr  30.93
 10,200/50,000  loss   2.3170  bpp 0.9421  psnr  30.31  aux    32.78  lr 1.00e-04   8.82 it/s  eta  1.25 h  Y/U/V 31.69/39.01/39.14  chroma 25.2%
 10,400/50,000  loss   2.3000  bpp 0.9360  psnr  30.21  aux    24.82  lr 1.00e-04   9.24 it/s  eta  1.19 h  Y/U/V 31.61/38.86/38.77  chroma 24.8%
 10,600/50,000  loss   2.2904  bpp 0.9398  psnr  30.30  aux    26.18  lr 1.00e-04   9.16 it/s  eta  1.20 h  Y/U/V 31.73/39.13/38.96  chroma 25.1%
 10,800/50,000  loss   2.3425  bpp 0.9472  psnr  30.21  aux    25.90  lr 1.00e-04   9.13 it/s  eta  1.19 h  Y/U/V 31.54/39.11/38.95  chroma 25.0%
 11,000/50,000  loss   2.2787  bpp 0.9324  psnr  30.36  aux    28.32  lr 1.00e-04   9.14 it/s  eta  1.19 h  Y/U/V 31.71/39.26/39.16  chroma 25.1%
 11,200/50,000  loss   2.2844  bpp 0.9337  psnr  30.41  aux    26.54  lr 1.00e-04   9.16 it/s  eta  1.18 h  Y/U/V 31.85/39.02/39.01  chroma 25.0%
 11,400/50,000  loss   2.2542  bpp 0.9412  psnr  30.55  aux    32.31  lr 1.00e-04   9.17 it/s  eta  1.17 h  Y/U/V 31.92/39.40/39.18  chroma 24.9%
 11,600/50,000  loss   2.3416  bpp 0.9407  psnr  30.11  aux    26.86  lr 1.00e-04   9.14 it/s  eta  1.17 h  Y/U/V 31.40/39.01/39.28  chroma 24.9%
 11,800/50,000  loss   2.2813  bpp 0.9368  psnr  30.44  aux    28.01  lr 1.00e-04   9.21 it/s  eta  1.15 h  Y/U/V 31.84/39.19/39.20  chroma 25.1%
 12,000/50,000  loss   2.2837  bpp 0.9394  psnr  30.43  aux    32.03  lr 1.00e-04   9.31 it/s  eta  1.13 h  Y/U/V 31.83/39.18/38.92  chroma 25.2%
        rtcheck  act 0.7033  vs est  +1.67%  vs est_q  -0.02%  (sigma grid +1.69%)  oor y 0.000% z 0.000% (uv y 0.000% z 0.000%)  worst y +16 B (+0.0%)  yhat exact  psnr 36.17  ok
        valid    loss   2.8113  bpp 0.9284  psnr  31.29
 12,200/50,000  loss   2.3088  bpp 0.9419  psnr  30.37  aux    29.07  lr 1.00e-04   8.59 it/s  eta  1.22 h  Y/U/V 31.73/39.05/39.23  chroma 25.2%
 12,400/50,000  loss   2.3082  bpp 0.9490  psnr  30.15  aux    30.52  lr 1.00e-04   9.18 it/s  eta  1.14 h  Y/U/V 31.51/38.90/38.98  chroma 24.8%
 12,600/50,000  loss   2.2776  bpp 0.9380  psnr  30.34  aux    29.19  lr 1.00e-04   9.12 it/s  eta  1.14 h  Y/U/V 31.71/39.19/39.09  chroma 25.2%
 12,800/50,000  loss   2.2625  bpp 0.9277  psnr  30.54  aux    23.55  lr 1.00e-04   9.14 it/s  eta  1.13 h  Y/U/V 31.92/39.48/39.12  chroma 25.2%
 13,000/50,000  loss   2.3114  bpp 0.9420  psnr  30.40  aux    31.73  lr 1.00e-04   9.13 it/s  eta  1.13 h  Y/U/V 31.77/39.28/39.25  chroma 25.1%
 13,200/50,000  loss   2.2932  bpp 0.9441  psnr  30.41  aux    33.00  lr 1.00e-04   9.12 it/s  eta  1.12 h  Y/U/V 31.73/39.08/39.35  chroma 25.0%
 13,400/50,000  loss   2.2701  bpp 0.9384  psnr  30.36  aux    25.86  lr 1.00e-04   9.19 it/s  eta  1.11 h  Y/U/V 31.65/39.32/39.29  chroma 24.9%
 13,600/50,000  loss   2.2601  bpp 0.9377  psnr  30.42  aux    28.33  lr 1.00e-04   9.14 it/s  eta  1.11 h  Y/U/V 31.82/39.22/39.05  chroma 25.3%
 13,800/50,000  loss   2.2396  bpp 0.9349  psnr  30.57  aux    27.32  lr 1.00e-04   9.24 it/s  eta  1.09 h  Y/U/V 31.96/39.48/39.22  chroma 25.0%
 14,000/50,000  loss   2.2372  bpp 0.9230  psnr  30.52  aux    25.48  lr 1.00e-04   9.22 it/s  eta  1.08 h  Y/U/V 31.92/39.42/39.25  chroma 25.3%
        rtcheck  act 0.7024  vs est  +1.16%  vs est_q  -0.06%  (sigma grid +1.21%)  oor y 0.000% z 0.000% (uv y 0.000% z 0.000%)  worst y +16 B (+0.0%)  yhat exact  psnr 36.80  ok
        valid    loss   2.8033  bpp 0.9321  psnr  31.02
 14,200/50,000  loss   2.3106  bpp 0.9497  psnr  30.22  aux    30.65  lr 1.00e-04   8.60 it/s  eta  1.16 h  Y/U/V 31.55/38.97/39.24  chroma 25.1%
 14,400/50,000  loss   2.2985  bpp 0.9533  psnr  30.24  aux    29.40  lr 1.00e-04   9.16 it/s  eta  1.08 h  Y/U/V 31.65/38.87/39.04  chroma 24.9%
 14,600/50,000  loss   2.2942  bpp 0.9456  psnr  30.35  aux    26.53  lr 1.00e-04   9.17 it/s  eta  1.07 h  Y/U/V 31.69/39.23/39.16  chroma 25.1%
 14,800/50,000  loss   2.2870  bpp 0.9444  psnr  30.51  aux    32.62  lr 1.00e-04   9.15 it/s  eta  1.07 h  Y/U/V 31.81/39.47/39.42  chroma 25.0%
 15,000/50,000  loss   2.3018  bpp 0.9499  psnr  30.33  aux    33.15  lr 1.00e-04   9.23 it/s  eta  1.05 h  Y/U/V 31.74/38.98/39.04  chroma 25.3%
 15,200/50,000  loss   2.2217  bpp 0.9271  psnr  30.61  aux    26.51  lr 1.00e-04   9.16 it/s  eta  1.06 h  Y/U/V 32.03/39.48/39.16  chroma 25.1%
 15,400/50,000  loss   2.2819  bpp 0.9430  psnr  30.37  aux    28.84  lr 1.00e-04   9.15 it/s  eta  1.05 h  Y/U/V 31.71/39.30/39.18  chroma 24.9%
 15,600/50,000  loss   2.2732  bpp 0.9466  psnr  30.40  aux    28.22  lr 1.00e-04   9.17 it/s  eta  1.04 h  Y/U/V 31.72/39.24/39.37  chroma 25.1%
 15,800/50,000  loss   2.3142  bpp 0.9446  psnr  30.28  aux    25.53  lr 1.00e-04   9.24 it/s  eta  1.03 h  Y/U/V 31.78/38.79/38.75  chroma 25.3%
 16,000/50,000  loss   2.2148  bpp 0.9297  psnr  30.62  aux    27.24  lr 1.00e-04   9.27 it/s  eta  1.02 h  Y/U/V 32.04/39.41/39.13  chroma 25.2%
        rtcheck  act 0.6777  vs est  +1.30%  vs est_q  +0.06%  (sigma grid +1.24%)  oor y 0.000% z 0.000% (uv y 0.000% z 0.000%)  worst y +13 B (+0.0%)  yhat exact  psnr 36.80  ok
        valid    loss   2.7810  bpp 0.9095  psnr  31.54
 16,200/50,000  loss   2.2623  bpp 0.9406  psnr  30.43  aux    28.20  lr 1.00e-04   8.66 it/s  eta  1.08 h  Y/U/V 31.81/39.28/39.07  chroma 25.1%
 16,400/50,000  loss   2.2904  bpp 0.9387  psnr  30.37  aux    28.17  lr 1.00e-04   9.16 it/s  eta  1.02 h  Y/U/V 31.78/38.97/39.05  chroma 25.2%
 16,600/50,000  loss   2.2913  bpp 0.9480  psnr  30.39  aux    32.07  lr 1.00e-04   9.23 it/s  eta  1.01 h  Y/U/V 31.72/39.36/39.18  chroma 24.9%
 16,800/50,000  loss   2.2448  bpp 0.9365  psnr  30.47  aux    24.09  lr 1.00e-04   9.16 it/s  eta  1.01 h  Y/U/V 31.83/39.26/39.31  chroma 25.3%
 17,000/50,000  loss   2.3135  bpp 0.9624  psnr  30.32  aux    34.08  lr 1.00e-04   9.15 it/s  eta  1.00 h  Y/U/V 31.68/39.11/39.18  chroma 25.1%
 17,200/50,000  loss   2.2475  bpp 0.9314  psnr  30.32  aux    23.41  lr 1.00e-04   9.14 it/s  eta  1.00 h  Y/U/V 31.81/39.03/38.75  chroma 25.2%
 17,400/50,000  loss   2.2492  bpp 0.9351  psnr  30.58  aux    33.69  lr 1.00e-04   9.14 it/s  eta  0.99 h  Y/U/V 31.99/39.16/39.22  chroma 25.3%
 17,600/50,000  loss   2.2379  bpp 0.9407  psnr  30.48  aux    35.73  lr 1.00e-04   9.16 it/s  eta  0.98 h  Y/U/V 31.81/39.41/39.29  chroma 25.1%
 17,800/50,000  loss   2.2610  bpp 0.9422  psnr  30.45  aux    28.63  lr 1.00e-04   9.25 it/s  eta  0.97 h  Y/U/V 31.84/39.38/39.09  chroma 25.0%
 18,000/50,000  loss   2.2674  bpp 0.9458  psnr  30.47  aux    25.80  lr 1.00e-04   9.27 it/s  eta  0.96 h  Y/U/V 31.90/39.11/39.29  chroma 25.1%
        rtcheck  act 0.6954  vs est  +1.37%  vs est_q  +0.00%  (sigma grid +1.37%)  oor y 0.000% z 0.000% (uv y 0.000% z 0.000%)  worst y +14 B (+0.0%)  yhat exact  psnr 36.30  ok
        valid    loss   2.7708  bpp 0.9259  psnr  31.14
 18,200/50,000  loss   2.2841  bpp 0.9414  psnr  30.22  aux    24.18  lr 1.00e-04   7.93 it/s  eta  1.11 h  Y/U/V 31.61/38.86/38.90  chroma 25.3%
 18,400/50,000  loss   2.2425  bpp 0.9404  psnr  30.69  aux    32.99  lr 1.00e-04   9.18 it/s  eta  0.96 h  Y/U/V 32.07/39.44/39.42  chroma 25.2%
 18,600/50,000  loss   2.2189  bpp 0.9367  psnr  30.66  aux    32.91  lr 1.00e-04   9.12 it/s  eta  0.96 h  Y/U/V 31.97/39.60/39.53  chroma 25.2%
 18,800/50,000  loss   2.2727  bpp 0.9467  psnr  30.52  aux    29.50  lr 1.00e-04   9.16 it/s  eta  0.95 h  Y/U/V 31.87/39.23/39.35  chroma 25.3%
 19,000/50,000  loss   2.2912  bpp 0.9510  psnr  30.39  aux    26.58  lr 1.00e-04   9.15 it/s  eta  0.94 h  Y/U/V 31.80/39.04/39.06  chroma 25.1%
 19,200/50,000  loss   2.2557  bpp 0.9400  psnr  30.47  aux    28.50  lr 1.00e-04   9.17 it/s  eta  0.93 h  Y/U/V 31.81/39.38/39.29  chroma 25.0%
 19,400/50,000  loss   2.2941  bpp 0.9478  psnr  30.34  aux    28.68  lr 1.00e-04   9.16 it/s  eta  0.93 h  Y/U/V 31.69/39.20/39.11  chroma 25.0%
 19,600/50,000  loss   2.2272  bpp 0.9405  psnr  30.64  aux    30.72  lr 1.00e-04   9.15 it/s  eta  0.92 h  Y/U/V 32.05/39.43/39.22  chroma 25.3%
 19,800/50,000  loss   2.2576  bpp 0.9437  psnr  30.49  aux    25.32  lr 1.00e-04   9.32 it/s  eta  0.90 h  Y/U/V 31.88/39.24/39.34  chroma 25.0%
 20,000/50,000  loss   2.2591  bpp 0.9389  psnr  30.40  aux    22.31  lr 1.00e-04   9.40 it/s  eta  0.89 h  Y/U/V 31.96/38.99/38.93  chroma 25.4%
        rtcheck  act 0.6955  vs est  +1.28%  vs est_q  +0.04%  (sigma grid +1.24%)  oor y 0.000% z 0.000% (uv y 0.000% z 0.000%)  worst y +13 B (+0.0%)  yhat exact  psnr 36.49  ok
        valid    loss   2.6958  bpp 0.9236  psnr  31.65
 20,200/50,000  loss   2.2523  bpp 0.9459  psnr  30.57  aux    32.48  lr 1.00e-04   8.46 it/s  eta  0.98 h  Y/U/V 31.97/39.32/39.21  chroma 25.1%
 20,400/50,000  loss   2.2851  bpp 0.9465  psnr  30.32  aux    28.44  lr 1.00e-04   9.14 it/s  eta  0.90 h  Y/U/V 31.67/39.28/39.19  chroma 25.1%
 20,600/50,000  loss   2.2182  bpp 0.9350  psnr  30.65  aux    30.24  lr 1.00e-04   9.14 it/s  eta  0.89 h  Y/U/V 32.09/39.17/39.37  chroma 25.3%
 20,800/50,000  loss   2.2596  bpp 0.9528  psnr  30.47  aux    30.81  lr 1.00e-04   9.15 it/s  eta  0.89 h  Y/U/V 31.78/39.45/39.33  chroma 25.2%
 21,000/50,000  loss   2.2487  bpp 0.9474  psnr  30.48  aux    28.49  lr 1.00e-04   9.15 it/s  eta  0.88 h  Y/U/V 31.91/39.16/39.09  chroma 25.3%
 21,200/50,000  loss   2.2747  bpp 0.9437  psnr  30.37  aux    29.33  lr 1.00e-04   9.15 it/s  eta  0.87 h  Y/U/V 31.71/39.29/39.31  chroma 25.1%
 21,400/50,000  loss   2.2533  bpp 0.9462  psnr  30.48  aux    31.11  lr 1.00e-04   9.24 it/s  eta  0.86 h  Y/U/V 31.92/39.09/39.01  chroma 25.2%
 21,600/50,000  loss   2.2137  bpp 0.9430  psnr  30.58  aux    27.33  lr 1.00e-04   9.15 it/s  eta  0.86 h  Y/U/V 32.04/39.17/39.18  chroma 25.1%
 21,800/50,000  loss   2.2323  bpp 0.9377  psnr  30.42  aux    25.57  lr 1.00e-04   9.26 it/s  eta  0.85 h  Y/U/V 31.93/39.06/38.98  chroma 25.3%
 22,000/50,000  loss   2.2298  bpp 0.9466  psnr  30.55  aux    28.15  lr 1.00e-04   9.42 it/s  eta  0.83 h  Y/U/V 31.86/39.53/39.40  chroma 25.1%
        rtcheck  act 0.6806  vs est  +1.34%  vs est_q  +0.06%  (sigma grid +1.28%)  oor y 0.000% z 0.000% (uv y 0.000% z 0.000%)  worst y +13 B (+0.0%)  yhat exact  psnr 35.19  ok
        valid    loss   2.7899  bpp 0.9214  psnr  30.89
 22,200/50,000  loss   2.2413  bpp 0.9445  psnr  30.55  aux    32.85  lr 1.00e-04   8.53 it/s  eta  0.91 h  Y/U/V 31.91/39.44/39.33  chroma 25.2%
 22,400/50,000  loss   2.2496  bpp 0.9535  psnr  30.58  aux    33.21  lr 1.00e-04   9.18 it/s  eta  0.84 h  Y/U/V 32.00/39.06/39.19  chroma 25.1%
 22,600/50,000  loss   2.2611  bpp 0.9526  psnr  30.34  aux    28.24  lr 1.00e-04   9.14 it/s  eta  0.83 h  Y/U/V 31.76/39.03/38.81  chroma 25.2%
 22,800/50,000  loss   2.2320  bpp 0.9481  psnr  30.50  aux    29.75  lr 1.00e-04   9.18 it/s  eta  0.82 h  Y/U/V 31.93/39.22/39.19  chroma 25.2%
 23,000/50,000  loss   2.2552  bpp 0.9457  psnr  30.57  aux    28.15  lr 1.00e-04   9.19 it/s  eta  0.82 h  Y/U/V 32.04/38.98/39.21  chroma 25.1%
 23,200/50,000  loss   2.2167  bpp 0.9387  psnr  30.66  aux    28.74  lr 1.00e-04   9.16 it/s  eta  0.81 h  Y/U/V 32.01/39.56/39.55  chroma 25.1%
 23,400/50,000  loss   2.1962  bpp 0.9430  psnr  30.75  aux    24.21  lr 1.00e-04   9.14 it/s  eta  0.81 h  Y/U/V 32.11/39.78/39.42  chroma 25.2%
 23,600/50,000  loss   2.3314  bpp 0.9610  psnr  30.23  aux    25.36  lr 1.00e-04   9.15 it/s  eta  0.80 h  Y/U/V 31.58/39.10/39.18  chroma 25.0%
 23,800/50,000  loss   2.1919  bpp 0.9359  psnr  30.72  aux    28.90  lr 1.00e-04   9.24 it/s  eta  0.79 h  Y/U/V 32.13/39.26/39.45  chroma 25.4%
 24,000/50,000  loss   2.2401  bpp 0.9479  psnr  30.56  aux    28.49  lr 1.00e-04   9.36 it/s  eta  0.77 h  Y/U/V 31.95/39.38/39.25  chroma 25.2%
        rtcheck  act 0.6875  vs est  +1.31%  vs est_q  +0.06%  (sigma grid +1.25%)  oor y 0.000% z 0.000% (uv y 0.000% z 0.000%)  worst y +15 B (+0.0%)  yhat exact  psnr 37.05  ok
        valid    loss   2.7187  bpp 0.9360  psnr  31.69
 24,200/50,000  loss   2.2204  bpp 0.9426  psnr  30.59  aux    26.59  lr 1.00e-04   8.31 it/s  eta  0.86 h  Y/U/V 32.03/39.35/39.37  chroma 25.1%
 24,400/50,000  loss   2.2610  bpp 0.9530  psnr  30.52  aux    37.72  lr 1.00e-04   9.20 it/s  eta  0.77 h  Y/U/V 31.90/39.28/39.23  chroma 25.2%
 24,600/50,000  loss   2.2765  bpp 0.9550  psnr  30.44  aux    32.29  lr 1.00e-04   9.14 it/s  eta  0.77 h  Y/U/V 31.83/39.32/38.98  chroma 25.2%
 24,800/50,000  loss   2.1969  bpp 0.9423  psnr  30.67  aux    26.55  lr 1.00e-04   9.16 it/s  eta  0.76 h  Y/U/V 32.13/39.31/39.31  chroma 25.1%
 25,000/50,000  loss   2.2217  bpp 0.9490  psnr  30.62  aux    28.17  lr 1.00e-04   9.16 it/s  eta  0.76 h  Y/U/V 32.04/39.32/39.25  chroma 25.3%
 25,200/50,000  loss   2.1942  bpp 0.9355  psnr  30.81  aux    31.85  lr 1.00e-04   9.16 it/s  eta  0.75 h  Y/U/V 32.21/39.61/39.37  chroma 25.4%
 25,400/50,000  loss   2.2455  bpp 0.9519  psnr  30.55  aux    28.11  lr 1.00e-04   9.14 it/s  eta  0.75 h  Y/U/V 31.94/39.25/39.34  chroma 25.1%
 25,600/50,000  loss   2.2271  bpp 0.9587  psnr  30.64  aux    31.56  lr 1.00e-04   9.15 it/s  eta  0.74 h  Y/U/V 32.03/39.37/39.29  chroma 25.0%
 25,800/50,000  loss   2.1854  bpp 0.9404  psnr  30.77  aux    29.97  lr 1.00e-04   9.22 it/s  eta  0.73 h  Y/U/V 32.23/39.51/39.29  chroma 25.3%
 26,000/50,000  loss   2.2018  bpp 0.9378  psnr  30.77  aux    24.46  lr 1.00e-04   9.47 it/s  eta  0.70 h  Y/U/V 32.21/39.48/39.29  chroma 25.3%
        rtcheck  act 0.6961  vs est  +1.36%  vs est_q  -0.03%  (sigma grid +1.39%)  oor y 0.000% z 0.000% (uv y 0.000% z 0.000%)  worst y_uv +16 B (+0.2%)  yhat exact  psnr 36.91  ok
        valid    loss   2.7154  bpp 0.9311  psnr  31.67
 26,200/50,000  loss   2.2370  bpp 0.9527  psnr  30.55  aux    32.54  lr 1.00e-04   8.60 it/s  eta  0.77 h  Y/U/V 32.04/39.41/38.83  chroma 25.1%
 26,400/50,000  loss   2.3197  bpp 0.9705  psnr  30.26  aux    40.14  lr 1.00e-04   9.14 it/s  eta  0.72 h  Y/U/V 31.58/39.09/39.14  chroma 24.9%
 26,600/50,000  loss   2.2312  bpp 0.9504  psnr  30.58  aux    31.63  lr 1.00e-04   9.12 it/s  eta  0.71 h  Y/U/V 31.90/39.63/39.32  chroma 25.2%
 26,800/50,000  loss   2.1897  bpp 0.9464  psnr  30.74  aux    25.29  lr 1.00e-04   9.14 it/s  eta  0.71 h  Y/U/V 32.06/39.56/39.65  chroma 25.1%
 27,000/50,000  loss   2.2198  bpp 0.9494  psnr  30.68  aux    27.85  lr 1.00e-04   9.11 it/s  eta  0.70 h  Y/U/V 32.17/39.22/39.21  chroma 25.3%
 27,200/50,000  loss   2.2050  bpp 0.9508  psnr  30.69  aux    31.60  lr 1.00e-04   9.13 it/s  eta  0.69 h  Y/U/V 32.04/39.56/39.46  chroma 25.1%
 27,400/50,000  loss   2.1313  bpp 0.9347  psnr  30.95  aux    26.99  lr 1.00e-04   9.14 it/s  eta  0.69 h  Y/U/V 32.45/39.65/39.41  chroma 25.2%
 27,600/50,000  loss   2.2562  bpp 0.9546  psnr  30.49  aux    26.17  lr 1.00e-04   9.22 it/s  eta  0.67 h  Y/U/V 31.87/39.20/39.22  chroma 25.3%
 27,800/50,000  loss   2.2519  bpp 0.9597  psnr  30.58  aux    30.69  lr 1.00e-04   9.23 it/s  eta  0.67 h  Y/U/V 31.91/39.35/39.42  chroma 25.0%
 28,000/50,000  loss   2.2449  bpp 0.9582  psnr  30.53  aux    33.85  lr 1.00e-04   9.36 it/s  eta  0.65 h  Y/U/V 31.89/39.43/39.39  chroma 25.1%
        rtcheck  act 0.7055  vs est  +1.29%  vs est_q  -0.04%  (sigma grid +1.33%)  oor y 0.000% z 0.000% (uv y 0.000% z 0.000%)  worst y +9 B (+0.0%)  yhat exact  psnr 36.35  ok
        valid    loss   2.8233  bpp 0.9468  psnr  31.42
 28,200/50,000  loss   2.2047  bpp 0.9506  psnr  30.74  aux    36.36  lr 1.00e-04   8.44 it/s  eta  0.72 h  Y/U/V 32.17/39.55/39.33  chroma 25.2%
 28,400/50,000  loss   2.2365  bpp 0.9556  psnr  30.57  aux    28.17  lr 1.00e-04   9.15 it/s  eta  0.66 h  Y/U/V 31.91/39.31/39.57  chroma 24.7%
 28,600/50,000  loss   2.2232  bpp 0.9569  psnr  30.58  aux    32.17  lr 1.00e-04   9.15 it/s  eta  0.65 h  Y/U/V 32.00/39.28/39.24  chroma 25.2%
 28,800/50,000  loss   2.2163  bpp 0.9487  psnr  30.72  aux    29.27  lr 1.00e-04   9.17 it/s  eta  0.64 h  Y/U/V 32.15/39.44/39.19  chroma 25.3%
 29,000/50,000  loss   2.2426  bpp 0.9516  psnr  30.51  aux    24.63  lr 1.00e-04   9.15 it/s  eta  0.64 h  Y/U/V 31.89/39.22/39.25  chroma 25.1%
 29,200/50,000  loss   2.2129  bpp 0.9511  psnr  30.65  aux    31.57  lr 1.00e-04   9.21 it/s  eta  0.63 h  Y/U/V 32.12/39.46/39.17  chroma 25.0%
 29,400/50,000  loss   2.1814  bpp 0.9536  psnr  30.86  aux    31.11  lr 1.00e-04   9.13 it/s  eta  0.63 h  Y/U/V 32.33/39.46/39.25  chroma 25.4%
 29,600/50,000  loss   2.2070  bpp 0.9490  psnr  30.70  aux    27.45  lr 1.00e-04   9.14 it/s  eta  0.62 h  Y/U/V 32.12/39.46/39.50  chroma 25.0%
 29,800/50,000  loss   2.1744  bpp 0.9442  psnr  30.87  aux    33.72  lr 1.00e-04   9.23 it/s  eta  0.61 h  Y/U/V 32.26/39.73/39.58  chroma 25.2%
 30,000/50,000  loss   2.2426  bpp 0.9554  psnr  30.64  aux    23.76  lr 1.00e-04   9.37 it/s  eta  0.59 h  Y/U/V 32.08/39.38/39.16  chroma 25.3%
        rtcheck  act 0.6822  vs est  +1.29%  vs est_q  +0.02%  (sigma grid +1.27%)  oor y 0.000% z 0.000% (uv y 0.000% z 0.000%)  worst y +8 B (+0.0%)  yhat exact  psnr 35.05  ok
        valid    loss   2.8172  bpp 0.9307  psnr  30.45
 30,200/50,000  loss   2.2182  bpp 0.9532  psnr  30.60  aux    29.27  lr 1.00e-04   8.06 it/s  eta  0.68 h  Y/U/V 32.02/39.44/39.20  chroma 25.3%
 30,400/50,000  loss   2.2286  bpp 0.9577  psnr  30.58  aux    33.47  lr 1.00e-04   9.15 it/s  eta  0.60 h  Y/U/V 32.02/39.15/39.44  chroma 25.0%
 30,600/50,000  loss   2.2059  bpp 0.9541  psnr  30.76  aux    34.48  lr 1.00e-04   9.14 it/s  eta  0.59 h  Y/U/V 32.12/39.51/39.54  chroma 25.1%
 30,800/50,000  loss   2.2622  bpp 0.9724  psnr  30.52  aux    41.48  lr 1.00e-04   9.23 it/s  eta  0.58 h  Y/U/V 32.03/38.87/38.98  chroma 25.1%
 31,000/50,000  loss   2.1399  bpp 0.9353  psnr  30.95  aux    28.46  lr 1.00e-04   9.14 it/s  eta  0.58 h  Y/U/V 32.41/39.64/39.43  chroma 25.3%
 31,200/50,000  loss   2.2515  bpp 0.9622  psnr  30.54  aux    27.55  lr 1.00e-04   9.12 it/s  eta  0.57 h  Y/U/V 32.01/39.11/39.08  chroma 25.1%
 31,400/50,000  loss   2.1912  bpp 0.9516  psnr  30.86  aux    24.51  lr 1.00e-04   9.14 it/s  eta  0.57 h  Y/U/V 32.28/39.58/39.40  chroma 25.1%
 31,600/50,000  loss   2.2220  bpp 0.9616  psnr  30.70  aux    29.01  lr 1.00e-04   9.15 it/s  eta  0.56 h  Y/U/V 32.05/39.48/39.57  chroma 25.1%
 31,800/50,000  loss   2.2182  bpp 0.9561  psnr  30.55  aux    26.45  lr 1.00e-04   9.25 it/s  eta  0.55 h  Y/U/V 31.96/39.26/39.24  chroma 25.1%
 32,000/50,000  loss   2.1777  bpp 0.9441  psnr  30.90  aux    28.22  lr 1.00e-04   9.40 it/s  eta  0.53 h  Y/U/V 32.35/39.48/39.46  chroma 25.4%
        rtcheck  act 0.6930  vs est  +0.86%  vs est_q  -0.04%  (sigma grid +0.90%)  oor y 0.000% z 0.000% (uv y 0.000% z 0.000%)  worst y_uv +15 B (+0.2%)  yhat exact  psnr 37.03  ok
        valid    loss   2.6695  bpp 0.9343  psnr  31.75
 32,200/50,000  loss   2.1728  bpp 0.9484  psnr  30.81  aux    29.25  lr 1.00e-04   8.04 it/s  eta  0.61 h  Y/U/V 32.17/39.62/39.50  chroma 25.1%
 32,400/50,000  loss   2.2411  bpp 0.9646  psnr  30.62  aux    34.58  lr 1.00e-04   9.14 it/s  eta  0.53 h  Y/U/V 32.08/39.19/39.13  chroma 25.2%
 32,600/50,000  loss   2.1449  bpp 0.9410  psnr  31.00  aux    32.73  lr 1.00e-04   9.17 it/s  eta  0.53 h  Y/U/V 32.46/39.49/39.63  chroma 25.2%
 32,800/50,000  loss   2.2474  bpp 0.9669  psnr  30.46  aux    31.36  lr 1.00e-04   9.15 it/s  eta  0.52 h  Y/U/V 31.98/39.00/38.74  chroma 25.1%
 33,000/50,000  loss   2.1757  bpp 0.9529  psnr  30.81  aux    29.70  lr 1.00e-04   9.14 it/s  eta  0.52 h  Y/U/V 32.22/39.53/39.53  chroma 25.1%
 33,200/50,000  loss   2.2046  bpp 0.9637  psnr  30.76  aux    39.49  lr 1.00e-04   9.16 it/s  eta  0.51 h  Y/U/V 32.16/39.38/39.36  chroma 25.2%
 33,400/50,000  loss   2.2014  bpp 0.9505  psnr  30.71  aux    26.40  lr 1.00e-04   9.14 it/s  eta  0.50 h  Y/U/V 32.17/39.34/39.40  chroma 25.1%
 33,600/50,000  loss   2.2447  bpp 0.9591  psnr  30.53  aux    23.38  lr 1.00e-04   9.23 it/s  eta  0.49 h  Y/U/V 31.98/39.12/39.12  chroma 25.1%
 33,800/50,000  loss   2.2340  bpp 0.9672  psnr  30.60  aux    36.41  lr 1.00e-04   9.22 it/s  eta  0.49 h  Y/U/V 31.96/39.50/39.32  chroma 25.0%
 34,000/50,000  loss   2.1610  bpp 0.9458  psnr  30.84  aux    31.82  lr 1.00e-04   9.47 it/s  eta  0.47 h  Y/U/V 32.36/39.34/39.23  chroma 25.2%
        rtcheck  act 0.6864  vs est  +1.21%  vs est_q  -0.01%  (sigma grid +1.23%)  oor y 0.000% z 0.000% (uv y 0.000% z 0.000%)  worst y +14 B (+0.0%)  yhat exact  psnr 36.84  ok
        valid    loss   2.6975  bpp 0.9363  psnr  31.77
 34,200/50,000  loss   2.1870  bpp 0.9586  psnr  30.86  aux    32.15  lr 1.00e-04   8.41 it/s  eta  0.52 h  Y/U/V 32.29/39.68/39.40  chroma 25.0%
 34,400/50,000  loss   2.1861  bpp 0.9587  psnr  30.87  aux    37.07  lr 1.00e-04   9.12 it/s  eta  0.48 h  Y/U/V 32.31/39.43/39.54  chroma 25.1%
 34,600/50,000  loss   2.1594  bpp 0.9507  psnr  30.87  aux    23.41  lr 1.00e-04   9.12 it/s  eta  0.47 h  Y/U/V 32.31/39.45/39.38  chroma 25.0%
 34,800/50,000  loss   2.2153  bpp 0.9617  psnr  30.63  aux    29.81  lr 1.00e-04   9.12 it/s  eta  0.46 h  Y/U/V 32.04/39.45/39.46  chroma 25.0%
 35,000/50,000  loss   2.2112  bpp 0.9531  psnr  30.71  aux    25.52  lr 1.00e-04   9.14 it/s  eta  0.46 h  Y/U/V 32.23/39.16/38.97  chroma 25.0%
 35,200/50,000  loss   2.1909  bpp 0.9605  psnr  30.77  aux    36.34  lr 1.00e-04   9.12 it/s  eta  0.45 h  Y/U/V 32.22/39.34/39.39  chroma 25.1%
 35,400/50,000  loss   2.1873  bpp 0.9610  psnr  30.81  aux    36.11  lr 1.00e-04   9.24 it/s  eta  0.44 h  Y/U/V 32.34/39.23/39.37  chroma 25.3%
 35,600/50,000  loss   2.2202  bpp 0.9561  psnr  30.70  aux    27.45  lr 1.00e-04   9.22 it/s  eta  0.43 h  Y/U/V 32.03/39.41/39.47  chroma 24.8%
 35,800/50,000  loss   2.1564  bpp 0.9540  psnr  31.01  aux    35.42  lr 1.00e-04   9.12 it/s  eta  0.43 h  Y/U/V 32.43/39.78/39.68  chroma 25.2%
 36,000/50,000  loss   2.1762  bpp 0.9650  psnr  30.83  aux    33.56  lr 1.00e-04   9.56 it/s  eta  0.41 h  Y/U/V 32.25/39.40/39.55  chroma 25.0%
        rtcheck  act 0.6922  vs est  +0.95%  vs est_q  -0.01%  (sigma grid +0.96%)  oor y 0.000% z 0.000% (uv y 0.000% z 0.000%)  worst y +13 B (+0.0%)  yhat exact  psnr 36.60  ok
        valid    loss   2.7450  bpp 0.9501  psnr  31.32
 36,200/50,000  loss   2.1540  bpp 0.9463  psnr  30.94  aux    23.99  lr 1.00e-04   7.84 it/s  eta  0.49 h  Y/U/V 32.43/39.54/39.35  chroma 25.1%
 36,400/50,000  loss   2.2221  bpp 0.9665  psnr  30.66  aux    32.38  lr 1.00e-04   9.09 it/s  eta  0.42 h  Y/U/V 31.98/39.49/39.54  chroma 24.9%
 36,600/50,000  loss   2.2078  bpp 0.9627  psnr  30.67  aux    28.50  lr 1.00e-04   9.10 it/s  eta  0.41 h  Y/U/V 32.11/39.33/39.34  chroma 25.1%
 36,800/50,000  loss   2.1595  bpp 0.9567  psnr  31.00  aux    30.74  lr 1.00e-04   9.15 it/s  eta  0.40 h  Y/U/V 32.57/39.44/39.23  chroma 25.3%
 37,000/50,000  loss   2.1810  bpp 0.9579  psnr  30.99  aux    34.38  lr 1.00e-04   9.20 it/s  eta  0.39 h  Y/U/V 32.35/39.95/39.86  chroma 24.9%
 37,200/50,000  loss   2.1801  bpp 0.9592  psnr  30.74  aux    32.34  lr 1.00e-04   9.03 it/s  eta  0.39 h  Y/U/V 32.17/39.48/39.29  chroma 25.0%
 37,400/50,000  loss   2.1863  bpp 0.9599  psnr  30.76  aux    32.27  lr 1.00e-04   9.07 it/s  eta  0.39 h  Y/U/V 32.26/39.28/39.27  chroma 25.1%
 37,600/50,000  loss   2.1906  bpp 0.9625  psnr  30.87  aux    30.42  lr 1.00e-04   9.18 it/s  eta  0.38 h  Y/U/V 32.46/39.27/38.90  chroma 25.4%
 37,800/50,000  loss   2.1650  bpp 0.9553  psnr  30.89  aux    30.42  lr 1.00e-04   9.10 it/s  eta  0.37 h  Y/U/V 32.27/39.60/39.47  chroma 24.9%
 38,000/50,000  loss   2.1871  bpp 0.9637  psnr  30.77  aux    34.83  lr 1.00e-04   9.44 it/s  eta  0.35 h  Y/U/V 32.18/39.41/39.33  chroma 25.1%
        rtcheck  act 0.6967  vs est  +1.55%  vs est_q  -0.01%  (sigma grid +1.56%)  oor y 0.000% z 0.000% (uv y 0.000% z 0.000%)  worst y +12 B (+0.0%)  yhat exact  psnr 35.60  ok
        valid    loss   2.6472  bpp 0.9433  psnr  31.36
 38,200/50,000  loss   2.2032  bpp 0.9706  psnr  30.68  aux    29.54  lr 1.00e-04   8.30 it/s  eta  0.39 h  Y/U/V 32.14/39.43/39.24  chroma 24.9%
 38,400/50,000  loss   2.1465  bpp 0.9509  psnr  31.09  aux    34.48  lr 1.00e-04   9.28 it/s  eta  0.35 h  Y/U/V 32.58/39.54/39.53  chroma 25.4%
 38,600/50,000  loss   2.1811  bpp 0.9600  psnr  30.80  aux    27.11  lr 1.00e-04   9.31 it/s  eta  0.34 h  Y/U/V 32.22/39.42/39.54  chroma 25.1%
 38,800/50,000  loss   2.1827  bpp 0.9672  psnr  30.78  aux    36.10  lr 1.00e-04   9.12 it/s  eta  0.34 h  Y/U/V 32.29/39.40/39.06  chroma 25.2%
 39,000/50,000  loss   2.1875  bpp 0.9625  psnr  30.80  aux    29.04  lr 1.00e-04   9.13 it/s  eta  0.33 h  Y/U/V 32.23/39.38/39.43  chroma 25.0%
 39,200/50,000  loss   2.1487  bpp 0.9557  psnr  30.99  aux    31.79  lr 1.00e-04   9.13 it/s  eta  0.33 h  Y/U/V 32.49/39.48/39.58  chroma 25.0%
 39,400/50,000  loss   2.1516  bpp 0.9566  psnr  31.05  aux    33.72  lr 1.00e-04   9.09 it/s  eta  0.32 h  Y/U/V 32.51/39.68/39.51  chroma 25.1%
 39,600/50,000  loss   2.1778  bpp 0.9501  psnr  30.88  aux    27.34  lr 1.00e-04   9.22 it/s  eta  0.31 h  Y/U/V 32.36/39.59/39.33  chroma 25.1%
 39,800/50,000  loss   2.1892  bpp 0.9699  psnr  30.71  aux    31.07  lr 1.00e-04   9.12 it/s  eta  0.31 h  Y/U/V 32.22/39.19/39.22  chroma 25.0%
 40,000/50,000  loss   2.1969  bpp 0.9673  psnr  30.66  aux    28.39  lr 1.00e-04   9.65 it/s  eta  0.29 h  Y/U/V 32.08/39.40/39.28  chroma 24.9%
        rtcheck  act 0.6791  vs est  +0.73%  vs est_q  +0.04%  (sigma grid +0.69%)  oor y 0.000% z 0.000% (uv y 0.000% z 0.000%)  worst y +11 B (+0.0%)  yhat exact  psnr 36.84  ok
        valid    loss   2.6663  bpp 0.9359  psnr  31.79
 40,200/50,000  loss   2.2130  bpp 0.9612  psnr  30.70  aux    30.03  lr 1.00e-04   8.39 it/s  eta  0.32 h  Y/U/V 32.16/39.40/39.14  chroma 24.9%
 40,400/50,000  loss   2.1774  bpp 0.9665  psnr  30.85  aux    36.20  lr 1.00e-04   9.10 it/s  eta  0.29 h  Y/U/V 32.26/39.40/39.60  chroma 25.3%
 40,600/50,000  loss   2.1614  bpp 0.9474  psnr  30.97  aux    26.01  lr 1.00e-04   9.14 it/s  eta  0.29 h  Y/U/V 32.46/39.60/39.45  chroma 25.1%
 40,800/50,000  loss   2.1911  bpp 0.9728  psnr  30.79  aux    37.68  lr 1.00e-04   9.16 it/s  eta  0.28 h  Y/U/V 32.22/39.41/39.45  chroma 25.0%
 41,000/50,000  loss   2.1741  bpp 0.9686  psnr  30.94  aux    34.73  lr 1.00e-04   9.11 it/s  eta  0.27 h  Y/U/V 32.31/39.65/39.80  chroma 24.7%
 41,200/50,000  loss   2.1565  bpp 0.9514  psnr  30.92  aux    27.32  lr 1.00e-04   9.12 it/s  eta  0.27 h  Y/U/V 32.42/39.47/39.39  chroma 25.3%
 41,400/50,000  loss   2.1632  bpp 0.9622  psnr  30.97  aux    36.38  lr 1.00e-04   9.13 it/s  eta  0.26 h  Y/U/V 32.45/39.40/39.31  chroma 25.3%
 41,600/50,000  loss   2.1805  bpp 0.9670  psnr  30.83  aux    34.47  lr 1.00e-04   9.32 it/s  eta  0.25 h  Y/U/V 32.37/39.30/39.16  chroma 25.0%
 41,800/50,000  loss   2.1572  bpp 0.9611  psnr  30.95  aux    32.25  lr 1.00e-04   9.14 it/s  eta  0.25 h  Y/U/V 32.41/39.51/39.60  chroma 24.9%
 42,000/50,000  loss   2.2198  bpp 0.9756  psnr  30.69  aux    29.12  lr 1.00e-04   9.50 it/s  eta  0.23 h  Y/U/V 32.09/39.46/39.32  chroma 25.0%
        rtcheck  act 0.6782  vs est  +1.38%  vs est_q  +0.04%  (sigma grid +1.34%)  oor y 0.000% z 0.000% (uv y 0.000% z 0.000%)  worst y +14 B (+0.0%)  yhat exact  psnr 36.20  ok
        valid    loss   2.7002  bpp 0.9350  psnr  31.48
 42,200/50,000  loss   2.1611  bpp 0.9528  psnr  30.89  aux    23.02  lr 1.00e-04   8.44 it/s  eta  0.26 h  Y/U/V 32.37/39.56/39.51  chroma 25.3%
 42,400/50,000  loss   2.1304  bpp 0.9563  psnr  30.99  aux    36.28  lr 1.00e-04   9.14 it/s  eta  0.23 h  Y/U/V 32.44/39.54/39.59  chroma 25.2%
 42,600/50,000  loss   2.1662  bpp 0.9626  psnr  30.79  aux    29.86  lr 1.00e-04   9.14 it/s  eta  0.22 h  Y/U/V 32.23/39.47/39.36  chroma 25.0%
 42,800/50,000  loss   2.1499  bpp 0.9598  psnr  31.01  aux    34.08  lr 1.00e-04   9.11 it/s  eta  0.22 h  Y/U/V 32.49/39.72/39.39  chroma 25.1%
 43,000/50,000  loss   2.1497  bpp 0.9632  psnr  30.99  aux    37.41  lr 1.00e-04   9.13 it/s  eta  0.21 h  Y/U/V 32.47/39.44/39.51  chroma 25.1%
 43,200/50,000  loss   2.1831  bpp 0.9665  psnr  30.90  aux    29.25  lr 1.00e-04   9.19 it/s  eta  0.21 h  Y/U/V 32.33/39.44/39.64  chroma 25.0%
 43,400/50,000  loss   2.1512  bpp 0.9625  psnr  30.95  aux    32.07  lr 1.00e-04   9.12 it/s  eta  0.20 h  Y/U/V 32.49/39.43/39.20  chroma 25.0%
 43,600/50,000  loss   2.1833  bpp 0.9678  psnr  30.84  aux    30.92  lr 1.00e-04   9.22 it/s  eta  0.19 h  Y/U/V 32.39/39.19/39.12  chroma 25.2%
 43,800/50,000  loss   2.1811  bpp 0.9738  psnr  30.73  aux    32.66  lr 1.00e-04   9.10 it/s  eta  0.19 h  Y/U/V 32.17/39.29/39.51  chroma 24.8%
 44,000/50,000  loss   2.1212  bpp 0.9507  psnr  31.14  aux    38.11  lr 1.00e-04   9.51 it/s  eta  0.18 h  Y/U/V 32.59/39.80/39.89  chroma 25.0%
        rtcheck  act 0.6814  vs est  +1.03%  vs est_q  +0.02%  (sigma grid +1.01%)  oor y 0.000% z 0.000% (uv y 0.000% z 0.000%)  worst y +10 B (+0.0%)  yhat exact  psnr 36.56  ok
        valid    loss   2.7181  bpp 0.9377  psnr  31.32
 44,200/50,000  loss   2.1771  bpp 0.9724  psnr  30.91  aux    37.56  lr 1.00e-04   8.35 it/s  eta  0.19 h  Y/U/V 32.41/39.50/39.32  chroma 25.0%
 44,400/50,000  loss   2.1479  bpp 0.9542  psnr  30.93  aux    31.16  lr 1.00e-04   9.13 it/s  eta  0.17 h  Y/U/V 32.44/39.55/39.31  chroma 25.1%
 44,600/50,000  loss   2.1803  bpp 0.9697  psnr  30.89  aux    37.45  lr 1.00e-04   9.16 it/s  eta  0.16 h  Y/U/V 32.38/39.24/39.34  chroma 25.1%
 44,800/50,000  loss   2.1790  bpp 0.9631  psnr  30.79  aux    34.01  lr 1.00e-04   9.19 it/s  eta  0.16 h  Y/U/V 32.20/39.51/39.30  chroma 24.8%
 45,000/50,000  loss   2.1169  bpp 0.9524  psnr  31.16  aux    35.82  lr 1.00e-04   9.12 it/s  eta  0.15 h  Y/U/V 32.65/39.77/39.72  chroma 25.1%
 45,200/50,000  loss   2.1859  bpp 0.9736  psnr  30.80  aux    30.11  lr 9.96e-05   9.10 it/s  eta  0.15 h  Y/U/V 32.32/39.21/39.19  chroma 25.1%
 45,400/50,000  loss   2.1947  bpp 0.9748  psnr  30.86  aux    37.64  lr 9.86e-05   9.13 it/s  eta  0.14 h  Y/U/V 32.33/39.43/39.33  chroma 25.1%
 45,600/50,000  loss   2.1301  bpp 0.9572  psnr  31.09  aux    34.21  lr 9.69e-05   9.22 it/s  eta  0.13 h  Y/U/V 32.56/39.66/39.71  chroma 25.0%
 45,800/50,000  loss   2.1705  bpp 0.9665  psnr  30.81  aux    27.91  lr 9.44e-05   9.12 it/s  eta  0.13 h  Y/U/V 32.35/39.27/39.08  chroma 25.2%
 46,000/50,000  loss   2.1083  bpp 0.9565  psnr  31.20  aux    39.72  lr 9.14e-05   9.84 it/s  eta  0.11 h  Y/U/V 32.57/40.00/39.84  chroma 25.1%
        rtcheck  act 0.6876  vs est  +0.99%  vs est_q  +0.03%  (sigma grid +0.96%)  oor y 0.000% z 0.000% (uv y 0.000% z 0.000%)  worst y +9 B (+0.0%)  yhat exact  psnr 36.59  ok
        valid    loss   2.6825  bpp 0.9467  psnr  31.73
 46,200/50,000  loss   2.1375  bpp 0.9725  psnr  31.05  aux    31.68  lr 8.78e-05   8.45 it/s  eta  0.12 h  Y/U/V 32.52/39.66/39.62  chroma 24.9%
 46,400/50,000  loss   2.1301  bpp 0.9648  psnr  31.09  aux    35.73  lr 8.37e-05   9.18 it/s  eta  0.11 h  Y/U/V 32.46/39.80/39.89  chroma 24.9%
 46,600/50,000  loss   2.1170  bpp 0.9707  psnr  31.05  aux    22.68  lr 7.91e-05   9.12 it/s  eta  0.10 h  Y/U/V 32.46/39.80/39.72  chroma 24.8%
 46,800/50,000  loss   2.1219  bpp 0.9706  psnr  31.05  aux    23.41  lr 7.42e-05   9.14 it/s  eta  0.10 h  Y/U/V 32.49/39.68/39.64  chroma 24.8%
 47,000/50,000  loss   2.0970  bpp 0.9580  psnr  31.10  aux    22.58  lr 6.89e-05   9.12 it/s  eta  0.09 h  Y/U/V 32.54/39.71/39.70  chroma 25.1%
 47,200/50,000  loss   2.0912  bpp 0.9648  psnr  31.14  aux    20.38  lr 6.35e-05   9.15 it/s  eta  0.08 h  Y/U/V 32.56/39.63/39.97  chroma 25.0%
 47,400/50,000  loss   2.0615  bpp 0.9599  psnr  31.37  aux    18.55  lr 5.79e-05   9.11 it/s  eta  0.08 h  Y/U/V 32.77/40.02/40.08  chroma 25.1%
 47,600/50,000  loss   2.0866  bpp 0.9729  psnr  31.21  aux    16.97  lr 5.22e-05   9.24 it/s  eta  0.07 h  Y/U/V 32.59/39.95/39.99  chroma 24.6%
 47,800/50,000  loss   2.0565  bpp 0.9592  psnr  31.38  aux    13.87  lr 4.66e-05   9.20 it/s  eta  0.07 h  Y/U/V 32.75/40.00/40.30  chroma 25.0%
 48,000/50,000  loss   2.0766  bpp 0.9738  psnr  31.32  aux    14.35  lr 4.11e-05   9.51 it/s  eta  0.06 h  Y/U/V 32.70/40.04/40.02  chroma 24.8%
        rtcheck  act 0.6930  vs est  +0.98%  vs est_q  +0.01%  (sigma grid +0.97%)  oor y 0.000% z 0.000% (uv y 0.000% z 0.000%)  worst y +13 B (+0.0%)  yhat exact  psnr 36.99  ok
        valid    loss   2.4995  bpp 0.9514  psnr  32.15
 48,200/50,000  loss   2.0566  bpp 0.9653  psnr  31.35  aux    12.87  lr 3.59e-05   8.42 it/s  eta  0.06 h  Y/U/V 32.77/39.89/40.06  chroma 25.1%
 48,400/50,000  loss   2.0657  bpp 0.9769  psnr  31.37  aux    12.78  lr 3.09e-05   9.15 it/s  eta  0.05 h  Y/U/V 32.68/40.19/40.44  chroma 24.7%
 48,600/50,000  loss   2.0172  bpp 0.9626  psnr  31.54  aux    11.66  lr 2.63e-05   9.10 it/s  eta  0.04 h  Y/U/V 32.86/40.42/40.33  chroma 24.7%
 48,800/50,000  loss   2.0146  bpp 0.9678  psnr  31.67  aux    11.27  lr 2.22e-05   9.11 it/s  eta  0.04 h  Y/U/V 33.13/40.33/40.26  chroma 25.0%
 49,000/50,000  loss   2.0029  bpp 0.9695  psnr  31.62  aux    10.98  lr 1.86e-05   9.12 it/s  eta  0.03 h  Y/U/V 33.03/40.37/40.23  chroma 24.9%
 49,200/50,000  loss   2.0072  bpp 0.9693  psnr  31.55  aux    10.51  lr 1.56e-05   9.13 it/s  eta  0.02 h  Y/U/V 32.95/40.41/40.35  chroma 24.9%
 49,400/50,000  loss   2.0433  bpp 0.9668  psnr  31.34  aux    10.39  lr 1.32e-05   9.29 it/s  eta  0.02 h  Y/U/V 32.67/40.11/40.45  chroma 24.9%
 49,600/50,000  loss   2.0169  bpp 0.9724  psnr  31.59  aux    10.04  lr 1.14e-05   9.83 it/s  eta  0.01 h  Y/U/V 32.89/40.49/40.45  chroma 24.6%
 49,800/50,000  loss   2.0433  bpp 0.9798  psnr  31.36  aux     9.79  lr 1.04e-05  10.53 it/s  eta  0.01 h  Y/U/V 32.66/40.23/40.36  chroma 24.7%
 50,000/50,000  loss   2.0010  bpp 0.9703  psnr  31.60  aux     9.56  lr 1.00e-05  11.69 it/s  eta  0.00 h  Y/U/V 32.96/40.37/40.39  chroma 24.9%
        rtcheck  act 0.6950  vs est  +0.85%  vs est_q  +0.04%  (sigma grid +0.82%)  oor y 0.000% z 0.000% (uv y 0.000% z 0.000%)  worst y +14 B (+0.0%)  yhat exact  psnr 37.86  ok
        valid    loss   2.4394  bpp 0.9561  psnr  32.58

final    bpp 0.9561  psnr 32.58
gate     actual 0.6950 bpp
         vs estimate with quantised sigma: +0.04%   <- the coder/table gate, target +-0.5%
         vs estimate the loss saw:         +0.85%   (of which +0.82% is the 32-level sigma grid)
         out of table range: y 0.000%  z 0.000%
         per stream (bytes vs that stream's own estimate): y +0.03% (+13.9 B)  y_uv +0.07% (+6.0 B)  z +0.91% (+6.1 B)  z_uv -0.70% (-7.5 B)
         yhat bit-exact through the coder: True
wrote    checkpoints/sweep_w6/beta0.012/final.pt

==============================================================================
ladder summary   (act bpp and psnr are from the REAL bitstream)
------------------------------------------------------------------------------
    beta   lambda    steps  est bpp  act bpp    psnr   gap_q   oor y   oor z  exact     worst stream
   0.012      780   50,000   0.9561   0.6950   32.58   +0.04   0.000   0.000   True          y +14 B
------------------------------------------------------------------------------
gate:    every rate point agrees with its quantised-sigma estimate to within +-0.5%
valid:   /root/JPEC-AI/data/div2k/DIV2K_valid_HR

next: python -m jpegai.eval.runbench --neural checkpoints/sweep_w6 --codecs jpeg,webp,avif
