patched: in-RAM crops, num_workers=0, pin_memory on CUDA
ladder   sweep_w24  (full_w24, twobranch-mcm)
betas    0.012
steps    50,000 per point  ->  50,000 total
warm     yes (each point starts from the previous)
seed     checkpoints/ladder_p5  (same beta, weights only)
out      checkpoints/sweep_w24

[1/1] beta 0.012 (lambda*255^2 = 780)  warm start from ladder_p5/beta0.012
----------------------------------------------------------------------
in-RAM crops: _pack_256.npy (6400, 3, 256, 256) (mmap)
warm-start final.pt (twobranch-split @ step 50,000)
           117 tensors loaded, 28 initialised fresh (e.g. branch_y.mcm.nets.0.fuse.0.weight)

run      sweep_w24/beta0.012
device   cuda:0 NVIDIA RTX PRO 6000 Blackwell Server Edition (95 GiB)
beta     0.012  (== compressai lambda*255^2 780)
steps    0 -> 50,000   batch 8  crop 256
out      checkpoints/sweep_w24/beta0.012

TwoBranchCodec  internal 420  split-hyper+mcm4  luma=160/160  chroma=96/96  concat=256
  part                    params   kMAC/pxl
  g_a_y                2,051,840       47.8
  g_s_y                2,180,513      254.0
  h_a_y                1,152,800        1.5
  h_s_y                2,075,040        1.4
  g_a_uv               1,241,248       14.6
  g_s_uv               1,801,954       66.4
  h_a_uv                 415,200        0.5
  h_s_uv                 747,360        0.5
  eb_y                     9,760           
  eb_uv                    5,856           
  h_scale_y              642,720        0.2
  mcm_y                2,828,480        2.8
  h_scale_uv             232,032        0.1
  TOTAL               15,384,803      389.5   (58.7 MiB fp32)
  decoder                             325.2   <- compare to paper SOP 8 / BOP 28 / HOP 215
  tables               271.2 KiB

    200/50,000  loss   2.2689  bpp 0.9389  psnr  30.67  aux    10.05  lr 2.00e-05   7.18 it/s  eta  1.93 h  Y/U/V 31.86/39.86/40.06  chroma 24.5%
    400/50,000  loss   2.3047  bpp 0.9367  psnr  30.60  aux     9.51  lr 4.00e-05   9.05 it/s  eta  1.52 h  Y/U/V 31.80/39.77/39.81  chroma 24.6%
    600/50,000  loss   2.3109  bpp 0.9416  psnr  30.46  aux    10.85  lr 6.00e-05   8.97 it/s  eta  1.53 h  Y/U/V 31.69/39.61/39.73  chroma 24.6%
    800/50,000  loss   2.3281  bpp 0.9371  psnr  30.42  aux    12.57  lr 8.00e-05   8.92 it/s  eta  1.53 h  Y/U/V 31.77/39.21/39.26  chroma 24.6%
  1,000/50,000  loss   2.4189  bpp 0.9502  psnr  30.11  aux    17.74  lr 1.00e-04   8.73 it/s  eta  1.56 h  Y/U/V 31.53/38.96/38.64  chroma 24.5%
  1,200/50,000  loss   2.3918  bpp 0.9384  psnr  30.26  aux    25.21  lr 1.00e-04   8.78 it/s  eta  1.54 h  Y/U/V 31.59/39.05/39.17  chroma 24.5%
  1,400/50,000  loss   2.3647  bpp 0.9328  psnr  30.28  aux    22.98  lr 1.00e-04   9.12 it/s  eta  1.48 h  Y/U/V 31.85/38.73/38.55  chroma 25.0%
  1,600/50,000  loss   2.4780  bpp 0.9484  psnr  29.87  aux    22.37  lr 1.00e-04   8.79 it/s  eta  1.53 h  Y/U/V 31.34/38.79/38.16  chroma 24.4%
  1,800/50,000  loss   2.3960  bpp 0.9373  psnr  30.27  aux    29.23  lr 1.00e-04   8.85 it/s  eta  1.51 h  Y/U/V 31.71/38.99/38.72  chroma 24.8%
  2,000/50,000  loss   2.4442  bpp 0.9452  psnr  30.05  aux    29.75  lr 1.00e-04   9.17 it/s  eta  1.45 h  Y/U/V 31.47/38.74/38.83  chroma 24.6%
/tmp/uv-venv/lib/python3.13/site-packages/compressai/models/video/google.py:353: FutureWarning: `torch.cuda.amp.autocast(args...)` is deprecated. Please use `torch.amp.autocast('cuda', args...)` instead.
  @amp.autocast(enabled=False)
        rtcheck  act 0.7255  vs est  +1.57%  vs est_q  -0.29%  (sigma grid +1.86%)  oor y 0.000% z 0.000% (uv y 0.000% z 0.000%)  worst y +13 B (+0.0%)  yhat exact  psnr 34.99  ok
        valid    loss   3.0350  bpp 0.9442  psnr  30.25
  2,200/50,000  loss   2.4371  bpp 0.9485  psnr  30.03  aux    32.68  lr 1.00e-04   5.72 it/s  eta  2.32 h  Y/U/V 31.56/38.46/38.41  chroma 24.5%
  2,400/50,000  loss   2.4458  bpp 0.9335  psnr  30.12  aux    30.85  lr 1.00e-04   9.26 it/s  eta  1.43 h  Y/U/V 31.45/38.93/39.04  chroma 24.5%
  2,600/50,000  loss   2.5254  bpp 0.9511  psnr  29.62  aux    24.85  lr 1.00e-04   9.15 it/s  eta  1.44 h  Y/U/V 31.18/38.11/38.35  chroma 24.7%
  2,800/50,000  loss   2.3807  bpp 0.9337  psnr  30.21  aux    32.82  lr 1.00e-04   9.15 it/s  eta  1.43 h  Y/U/V 31.67/38.97/38.59  chroma 24.5%
  3,000/50,000  loss   2.4302  bpp 0.9409  psnr  30.19  aux    30.06  lr 1.00e-04   9.15 it/s  eta  1.43 h  Y/U/V 31.67/38.91/38.60  chroma 24.7%
  3,200/50,000  loss   2.4738  bpp 0.9429  psnr  30.01  aux    34.74  lr 1.00e-04   9.15 it/s  eta  1.42 h  Y/U/V 31.53/38.38/38.50  chroma 24.5%
  3,400/50,000  loss   2.4302  bpp 0.9342  psnr  30.12  aux    30.17  lr 1.00e-04   9.16 it/s  eta  1.41 h  Y/U/V 31.56/38.91/38.59  chroma 24.8%
  3,600/50,000  loss   2.4669  bpp 0.9498  psnr  29.88  aux    25.79  lr 1.00e-04   9.14 it/s  eta  1.41 h  Y/U/V 31.27/38.64/38.54  chroma 24.5%
  3,800/50,000  loss   2.4258  bpp 0.9347  psnr  30.03  aux    25.45  lr 1.00e-04   9.24 it/s  eta  1.39 h  Y/U/V 31.64/38.52/38.25  chroma 24.8%
  4,000/50,000  loss   2.4171  bpp 0.9408  psnr  30.16  aux    32.80  lr 1.00e-04   9.67 it/s  eta  1.32 h  Y/U/V 31.54/38.92/38.87  chroma 24.4%
        rtcheck  act 0.7087  vs est  +1.66%  vs est_q  -0.07%  (sigma grid +1.73%)  oor y 0.000% z 0.000% (uv y 0.000% z 0.000%)  worst y +9 B (+0.0%)  yhat exact  psnr 36.82  ok
        valid    loss   2.9243  bpp 0.9226  psnr  31.21
  4,200/50,000  loss   2.4303  bpp 0.9437  psnr  30.10  aux    33.14  lr 1.00e-04   8.35 it/s  eta  1.52 h  Y/U/V 31.55/38.78/38.71  chroma 24.5%
  4,400/50,000  loss   2.4347  bpp 0.9395  psnr  30.17  aux    31.12  lr 1.00e-04   9.14 it/s  eta  1.39 h  Y/U/V 31.67/38.78/38.81  chroma 25.0%
  4,600/50,000  loss   2.4436  bpp 0.9402  psnr  30.11  aux    30.62  lr 1.00e-04   9.17 it/s  eta  1.37 h  Y/U/V 31.49/38.98/38.78  chroma 24.6%
  4,800/50,000  loss   2.4091  bpp 0.9434  psnr  30.24  aux    26.71  lr 1.00e-04   9.14 it/s  eta  1.37 h  Y/U/V 31.60/39.08/39.02  chroma 24.5%
  5,000/50,000  loss   2.3967  bpp 0.9422  psnr  30.22  aux    26.62  lr 1.00e-04   9.15 it/s  eta  1.37 h  Y/U/V 31.64/38.95/38.78  chroma 25.0%
  5,200/50,000  loss   2.4011  bpp 0.9367  psnr  30.25  aux    27.10  lr 1.00e-04   9.15 it/s  eta  1.36 h  Y/U/V 31.65/39.04/38.86  chroma 24.5%
  5,400/50,000  loss   2.4321  bpp 0.9518  psnr  30.09  aux    30.03  lr 1.00e-04   9.12 it/s  eta  1.36 h  Y/U/V 31.52/38.87/38.69  chroma 24.3%
  5,600/50,000  loss   2.3892  bpp 0.9407  psnr  30.32  aux    26.76  lr 1.00e-04   9.21 it/s  eta  1.34 h  Y/U/V 31.82/38.74/38.78  chroma 24.7%
  5,800/50,000  loss   2.4261  bpp 0.9428  psnr  30.07  aux    23.96  lr 1.00e-04   9.24 it/s  eta  1.33 h  Y/U/V 31.58/38.53/38.75  chroma 24.5%
  6,000/50,000  loss   2.4223  bpp 0.9467  psnr  30.05  aux    32.39  lr 1.00e-04   9.55 it/s  eta  1.28 h  Y/U/V 31.64/38.55/38.38  chroma 24.6%
        rtcheck  act 0.7053  vs est  +1.46%  vs est_q  -0.14%  (sigma grid +1.60%)  oor y 0.000% z 0.000% (uv y 0.000% z 0.000%)  worst y +13 B (+0.0%)  yhat exact  psnr 35.09  ok
        valid    loss   3.1526  bpp 0.9248  psnr  30.38
  6,200/50,000  loss   2.4374  bpp 0.9473  psnr  30.11  aux    27.35  lr 1.00e-04   8.44 it/s  eta  1.44 h  Y/U/V 31.64/38.76/38.53  chroma 24.6%
  6,400/50,000  loss   2.3777  bpp 0.9372  psnr  30.29  aux    20.80  lr 1.00e-04   9.16 it/s  eta  1.32 h  Y/U/V 31.82/38.71/38.82  chroma 24.5%
  6,600/50,000  loss   2.3662  bpp 0.9396  psnr  30.37  aux    32.31  lr 1.00e-04   9.13 it/s  eta  1.32 h  Y/U/V 31.73/39.31/39.13  chroma 24.6%
  6,800/50,000  loss   2.4198  bpp 0.9474  psnr  30.26  aux    28.37  lr 1.00e-04   9.16 it/s  eta  1.31 h  Y/U/V 31.72/39.01/38.73  chroma 24.7%
  7,000/50,000  loss   2.4764  bpp 0.9551  psnr  30.01  aux    32.68  lr 1.00e-04   9.12 it/s  eta  1.31 h  Y/U/V 31.42/38.72/38.70  chroma 24.2%
  7,200/50,000  loss   2.4158  bpp 0.9399  psnr  30.19  aux    26.37  lr 1.00e-04   9.22 it/s  eta  1.29 h  Y/U/V 31.71/38.65/38.88  chroma 24.7%
  7,400/50,000  loss   2.4345  bpp 0.9532  psnr  30.11  aux    25.60  lr 1.00e-04   9.16 it/s  eta  1.29 h  Y/U/V 31.58/38.74/38.62  chroma 24.6%
  7,600/50,000  loss   2.4437  bpp 0.9525  psnr  30.15  aux    30.54  lr 1.00e-04   9.16 it/s  eta  1.29 h  Y/U/V 31.58/39.01/38.77  chroma 24.4%
  7,800/50,000  loss   2.3386  bpp 0.9296  psnr  30.39  aux    28.21  lr 1.00e-04   9.24 it/s  eta  1.27 h  Y/U/V 31.96/38.85/38.54  chroma 24.7%
  8,000/50,000  loss   2.3734  bpp 0.9422  psnr  30.26  aux    27.12  lr 1.00e-04   9.54 it/s  eta  1.22 h  Y/U/V 31.77/38.78/38.68  chroma 24.8%
        rtcheck  act 0.7082  vs est  +1.14%  vs est_q  -0.09%  (sigma grid +1.23%)  oor y 0.000% z 0.000% (uv y 0.000% z 0.000%)  worst y +20 B (+0.0%)  yhat exact  psnr 35.66  ok
        valid    loss   3.0015  bpp 0.9400  psnr  31.08
  8,200/50,000  loss   2.3902  bpp 0.9444  psnr  30.24  aux    29.74  lr 1.00e-04   8.39 it/s  eta  1.38 h  Y/U/V 31.66/38.95/38.94  chroma 24.5%
  8,400/50,000  loss   2.3741  bpp 0.9424  psnr  30.26  aux    26.76  lr 1.00e-04   9.14 it/s  eta  1.26 h  Y/U/V 31.71/39.05/38.70  chroma 24.6%
  8,600/50,000  loss   2.4244  bpp 0.9552  psnr  30.11  aux    27.99  lr 1.00e-04   9.15 it/s  eta  1.26 h  Y/U/V 31.62/38.49/38.65  chroma 24.4%
  8,800/50,000  loss   2.4129  bpp 0.9469  psnr  30.18  aux    28.47  lr 1.00e-04   9.22 it/s  eta  1.24 h  Y/U/V 31.72/38.64/38.43  chroma 24.8%
  9,000/50,000  loss   2.4232  bpp 0.9496  psnr  30.13  aux    28.28  lr 1.00e-04   9.15 it/s  eta  1.24 h  Y/U/V 31.56/38.85/38.88  chroma 24.2%
  9,200/50,000  loss   2.3507  bpp 0.9403  psnr  30.40  aux    27.47  lr 1.00e-04   9.15 it/s  eta  1.24 h  Y/U/V 31.81/39.05/38.96  chroma 24.7%
  9,400/50,000  loss   2.3955  bpp 0.9486  psnr  30.22  aux    20.38  lr 1.00e-04   9.15 it/s  eta  1.23 h  Y/U/V 31.72/38.85/38.55  chroma 24.8%
  9,600/50,000  loss   2.4154  bpp 0.9507  psnr  30.11  aux    33.00  lr 1.00e-04   9.14 it/s  eta  1.23 h  Y/U/V 31.67/38.54/38.53  chroma 24.7%
  9,800/50,000  loss   2.3741  bpp 0.9452  psnr  30.36  aux    31.96  lr 1.00e-04   9.24 it/s  eta  1.21 h  Y/U/V 31.85/38.96/38.74  chroma 24.7%
 10,000/50,000  loss   2.4195  bpp 0.9483  psnr  30.15  aux    22.92  lr 1.00e-04   9.53 it/s  eta  1.17 h  Y/U/V 31.56/38.93/38.74  chroma 24.5%
        rtcheck  act 0.7048  vs est  +1.47%  vs est_q  -0.02%  (sigma grid +1.50%)  oor y 0.000% z 0.000% (uv y 0.000% z 0.000%)  worst y_uv +18 B (+0.2%)  yhat exact  psnr 36.66  ok
        valid    loss   2.9573  bpp 0.9311  psnr  30.73
 10,200/50,000  loss   2.3984  bpp 0.9488  psnr  30.30  aux    26.79  lr 1.00e-04   8.13 it/s  eta  1.36 h  Y/U/V 31.83/38.75/38.68  chroma 24.8%
 10,400/50,000  loss   2.3908  bpp 0.9503  psnr  30.20  aux    28.28  lr 1.00e-04   9.15 it/s  eta  1.20 h  Y/U/V 31.65/38.87/38.58  chroma 24.4%
 10,600/50,000  loss   2.3765  bpp 0.9504  psnr  30.27  aux    25.72  lr 1.00e-04   9.14 it/s  eta  1.20 h  Y/U/V 31.80/38.68/38.93  chroma 24.7%
 10,800/50,000  loss   2.4243  bpp 0.9579  psnr  30.20  aux    27.64  lr 1.00e-04   9.11 it/s  eta  1.19 h  Y/U/V 31.64/38.98/38.57  chroma 24.6%
 11,000/50,000  loss   2.3743  bpp 0.9429  psnr  30.33  aux    28.12  lr 1.00e-04   9.14 it/s  eta  1.18 h  Y/U/V 31.82/38.98/38.67  chroma 24.7%
 11,200/50,000  loss   2.3711  bpp 0.9416  psnr  30.30  aux    22.17  lr 1.00e-04   9.14 it/s  eta  1.18 h  Y/U/V 31.88/38.79/38.56  chroma 24.6%
 11,400/50,000  loss   2.3302  bpp 0.9512  psnr  30.54  aux    30.94  lr 1.00e-04   9.15 it/s  eta  1.17 h  Y/U/V 32.01/39.20/38.85  chroma 24.4%
 11,600/50,000  loss   2.4423  bpp 0.9529  psnr  30.06  aux    25.15  lr 1.00e-04   9.13 it/s  eta  1.17 h  Y/U/V 31.47/38.77/38.88  chroma 24.4%
 11,800/50,000  loss   2.3715  bpp 0.9468  psnr  30.31  aux    26.69  lr 1.00e-04   9.29 it/s  eta  1.14 h  Y/U/V 31.92/38.87/38.41  chroma 24.7%
 12,000/50,000  loss   2.3793  bpp 0.9514  psnr  30.36  aux    33.53  lr 1.00e-04   9.55 it/s  eta  1.10 h  Y/U/V 31.88/38.87/38.59  chroma 24.8%
        rtcheck  act 0.6975  vs est  +1.27%  vs est_q  -0.04%  (sigma grid +1.30%)  oor y 0.000% z 0.000% (uv y 0.000% z 0.000%)  worst y +13 B (+0.0%)  yhat exact  psnr 36.81  ok
        valid    loss   2.8613  bpp 0.9300  psnr  31.49
 12,200/50,000  loss   2.3946  bpp 0.9522  psnr  30.39  aux    31.94  lr 1.00e-04   8.37 it/s  eta  1.25 h  Y/U/V 31.82/38.93/39.07  chroma 24.7%
 12,400/50,000  loss   2.4018  bpp 0.9599  psnr  30.06  aux    26.11  lr 1.00e-04   9.14 it/s  eta  1.14 h  Y/U/V 31.55/38.58/38.65  chroma 24.3%
 12,600/50,000  loss   2.3813  bpp 0.9503  psnr  30.26  aux    30.55  lr 1.00e-04   9.12 it/s  eta  1.14 h  Y/U/V 31.76/38.83/38.81  chroma 24.6%
 12,800/50,000  loss   2.3487  bpp 0.9410  psnr  30.49  aux    31.70  lr 1.00e-04   9.13 it/s  eta  1.13 h  Y/U/V 32.00/39.20/38.76  chroma 24.8%
 13,000/50,000  loss   2.3897  bpp 0.9506  psnr  30.36  aux    27.49  lr 1.00e-04   9.14 it/s  eta  1.12 h  Y/U/V 31.91/39.01/38.68  chroma 24.7%
 13,200/50,000  loss   2.3898  bpp 0.9553  psnr  30.28  aux    28.47  lr 1.00e-04   9.14 it/s  eta  1.12 h  Y/U/V 31.83/38.72/38.50  chroma 24.5%
 13,400/50,000  loss   2.3626  bpp 0.9494  psnr  30.37  aux    29.12  lr 1.00e-04   9.21 it/s  eta  1.10 h  Y/U/V 31.74/39.12/39.05  chroma 24.4%
 13,600/50,000  loss   2.3352  bpp 0.9482  psnr  30.35  aux    32.21  lr 1.00e-04   9.13 it/s  eta  1.11 h  Y/U/V 31.96/38.65/38.55  chroma 24.8%
 13,800/50,000  loss   2.3247  bpp 0.9443  psnr  30.56  aux    23.95  lr 1.00e-04   9.24 it/s  eta  1.09 h  Y/U/V 32.06/39.28/38.91  chroma 24.6%
 14,000/50,000  loss   2.3322  bpp 0.9360  psnr  30.49  aux    25.25  lr 1.00e-04   9.52 it/s  eta  1.05 h  Y/U/V 32.07/39.01/38.87  chroma 24.9%
        rtcheck  act 0.7074  vs est  +1.20%  vs est_q  -0.06%  (sigma grid +1.26%)  oor y 0.000% z 0.000% (uv y 0.000% z 0.000%)  worst y +17 B (+0.0%)  yhat exact  psnr 36.28  ok
        valid    loss   2.9930  bpp 0.9391  psnr  31.29
 14,200/50,000  loss   2.4025  bpp 0.9617  psnr  30.18  aux    30.37  lr 1.00e-04   8.42 it/s  eta  1.18 h  Y/U/V 31.67/38.64/38.76  chroma 24.6%
 14,400/50,000  loss   2.4020  bpp 0.9664  psnr  30.18  aux    28.94  lr 1.00e-04   9.17 it/s  eta  1.08 h  Y/U/V 31.70/38.62/38.76  chroma 24.4%
 14,600/50,000  loss   2.3766  bpp 0.9572  psnr  30.31  aux    32.42  lr 1.00e-04   9.13 it/s  eta  1.08 h  Y/U/V 31.84/38.97/38.53  chroma 24.6%
 14,800/50,000  loss   2.3754  bpp 0.9513  psnr  30.46  aux    23.59  lr 1.00e-04   9.13 it/s  eta  1.07 h  Y/U/V 31.88/39.22/39.09  chroma 24.6%
 15,000/50,000  loss   2.3875  bpp 0.9594  psnr  30.32  aux    24.18  lr 1.00e-04   9.23 it/s  eta  1.05 h  Y/U/V 31.82/38.84/38.69  chroma 24.7%
 15,200/50,000  loss   2.2958  bpp 0.9362  psnr  30.55  aux    26.68  lr 1.00e-04   9.16 it/s  eta  1.06 h  Y/U/V 32.12/39.20/38.91  chroma 24.5%
 15,400/50,000  loss   2.3740  bpp 0.9544  psnr  30.28  aux    28.65  lr 1.00e-04   9.16 it/s  eta  1.05 h  Y/U/V 31.79/39.05/38.58  chroma 24.4%
 15,600/50,000  loss   2.3797  bpp 0.9607  psnr  30.29  aux    27.18  lr 1.00e-04   9.18 it/s  eta  1.04 h  Y/U/V 31.78/38.93/38.74  chroma 24.7%
 15,800/50,000  loss   2.3907  bpp 0.9548  psnr  30.32  aux    23.80  lr 1.00e-04   9.26 it/s  eta  1.03 h  Y/U/V 31.88/38.71/38.80  chroma 24.8%
 16,000/50,000  loss   2.2954  bpp 0.9423  psnr  30.61  aux    29.92  lr 1.00e-04   9.66 it/s  eta  0.98 h  Y/U/V 32.18/39.25/38.76  chroma 24.7%
        rtcheck  act 0.6900  vs est  +1.19%  vs est_q  +0.04%  (sigma grid +1.15%)  oor y 0.001% z 0.000% (uv y 0.000% z 0.000%)  worst y +13 B (+0.0%)  yhat exact  psnr 36.99  ok
        valid    loss   2.7975  bpp 0.9227  psnr  31.54
 16,200/50,000  loss   2.3434  bpp 0.9522  psnr  30.41  aux    25.98  lr 1.00e-04   8.19 it/s  eta  1.15 h  Y/U/V 31.93/39.04/38.62  chroma 24.5%
 16,400/50,000  loss   2.3743  bpp 0.9504  psnr  30.33  aux    26.13  lr 1.00e-04   9.13 it/s  eta  1.02 h  Y/U/V 31.86/38.76/38.90  chroma 24.7%
 16,600/50,000  loss   2.3777  bpp 0.9592  psnr  30.30  aux    29.99  lr 1.00e-04   9.24 it/s  eta  1.00 h  Y/U/V 31.84/38.84/38.75  chroma 24.5%
 16,800/50,000  loss   2.3515  bpp 0.9539  psnr  30.45  aux    32.15  lr 1.00e-04   9.17 it/s  eta  1.01 h  Y/U/V 31.86/39.17/39.14  chroma 24.7%
 17,000/50,000  loss   2.3949  bpp 0.9728  psnr  30.26  aux    33.07  lr 1.00e-04   9.15 it/s  eta  1.00 h  Y/U/V 31.80/38.67/38.76  chroma 24.6%
 17,200/50,000  loss   2.3189  bpp 0.9452  psnr  30.42  aux    25.58  lr 1.00e-04   9.15 it/s  eta  1.00 h  Y/U/V 31.94/39.12/38.68  chroma 24.7%
 17,400/50,000  loss   2.3416  bpp 0.9447  psnr  30.44  aux    25.20  lr 1.00e-04   9.15 it/s  eta  0.99 h  Y/U/V 32.03/38.72/38.72  chroma 24.7%
 17,600/50,000  loss   2.3344  bpp 0.9496  psnr  30.33  aux    26.65  lr 1.00e-04   9.16 it/s  eta  0.98 h  Y/U/V 31.89/38.75/38.67  chroma 24.6%
 17,800/50,000  loss   2.3378  bpp 0.9526  psnr  30.37  aux    28.06  lr 1.00e-04   9.25 it/s  eta  0.97 h  Y/U/V 31.93/38.85/38.70  chroma 24.5%
 18,000/50,000  loss   2.3472  bpp 0.9597  psnr  30.49  aux    32.28  lr 1.00e-04   9.64 it/s  eta  0.92 h  Y/U/V 32.02/38.94/39.09  chroma 24.5%
        rtcheck  act 0.6970  vs est  +0.52%  vs est_q  -0.07%  (sigma grid +0.59%)  oor y 0.000% z 0.000% (uv y 0.000% z 0.000%)  worst y +13 B (+0.0%)  yhat exact  psnr 36.50  ok
        valid    loss   2.8709  bpp 0.9330  psnr  31.02
 18,200/50,000  loss   2.3814  bpp 0.9534  psnr  30.17  aux    26.25  lr 1.00e-04   8.53 it/s  eta  1.04 h  Y/U/V 31.68/38.68/38.53  chroma 24.8%
 18,400/50,000  loss   2.3265  bpp 0.9492  psnr  30.58  aux    28.67  lr 1.00e-04   9.14 it/s  eta  0.96 h  Y/U/V 32.19/39.11/38.62  chroma 24.7%
 18,600/50,000  loss   2.3006  bpp 0.9481  psnr  30.65  aux    34.22  lr 1.00e-04   9.13 it/s  eta  0.96 h  Y/U/V 32.09/39.40/39.08  chroma 24.7%
 18,800/50,000  loss   2.3457  bpp 0.9598  psnr  30.46  aux    27.49  lr 1.00e-04   9.14 it/s  eta  0.95 h  Y/U/V 32.06/38.68/38.69  chroma 24.8%
 19,000/50,000  loss   2.3883  bpp 0.9649  psnr  30.28  aux    28.80  lr 1.00e-04   9.15 it/s  eta  0.94 h  Y/U/V 31.86/38.64/38.64  chroma 24.5%
 19,200/50,000  loss   2.3230  bpp 0.9493  psnr  30.42  aux    26.25  lr 1.00e-04   9.18 it/s  eta  0.93 h  Y/U/V 31.93/39.07/38.78  chroma 24.4%
 19,400/50,000  loss   2.3640  bpp 0.9609  psnr  30.33  aux    30.48  lr 1.00e-04   9.16 it/s  eta  0.93 h  Y/U/V 31.82/39.00/38.71  chroma 24.5%
 19,600/50,000  loss   2.3178  bpp 0.9557  psnr  30.60  aux    34.58  lr 1.00e-04   9.14 it/s  eta  0.92 h  Y/U/V 32.15/39.00/38.92  chroma 24.7%
 19,800/50,000  loss   2.3846  bpp 0.9552  psnr  30.29  aux    18.05  lr 1.00e-04   9.32 it/s  eta  0.90 h  Y/U/V 31.84/38.86/38.81  chroma 24.5%
 20,000/50,000  loss   2.3039  bpp 0.9490  psnr  30.64  aux    22.71  lr 1.00e-04   9.47 it/s  eta  0.88 h  Y/U/V 32.27/39.15/38.74  chroma 24.9%
        rtcheck  act 0.6944  vs est  +1.09%  vs est_q  +0.04%  (sigma grid +1.05%)  oor y 0.001% z 0.000% (uv y 0.000% z 0.000%)  worst y +16 B (+0.0%)  yhat exact  psnr 36.35  ok
        valid    loss   2.7623  bpp 0.9329  psnr  31.42
 20,200/50,000  loss   2.3253  bpp 0.9555  psnr  30.51  aux    29.25  lr 1.00e-04   8.37 it/s  eta  0.99 h  Y/U/V 32.07/38.91/38.72  chroma 24.6%
 20,400/50,000  loss   2.3479  bpp 0.9569  psnr  30.35  aux    24.57  lr 1.00e-04   9.15 it/s  eta  0.90 h  Y/U/V 31.82/38.99/38.96  chroma 24.6%
 20,600/50,000  loss   2.3045  bpp 0.9455  psnr  30.50  aux    27.45  lr 1.00e-04   9.16 it/s  eta  0.89 h  Y/U/V 32.17/38.67/38.67  chroma 24.8%
 20,800/50,000  loss   2.3492  bpp 0.9675  psnr  30.44  aux    30.65  lr 1.00e-04   9.16 it/s  eta  0.89 h  Y/U/V 31.86/39.04/39.16  chroma 24.7%
 21,000/50,000  loss   2.3584  bpp 0.9602  psnr  30.28  aux    26.63  lr 1.00e-04   9.15 it/s  eta  0.88 h  Y/U/V 31.93/38.70/38.23  chroma 24.7%
 21,200/50,000  loss   2.3615  bpp 0.9571  psnr  30.22  aux    27.26  lr 1.00e-04   9.17 it/s  eta  0.87 h  Y/U/V 31.85/38.52/38.53  chroma 24.5%
 21,400/50,000  loss   2.3429  bpp 0.9582  psnr  30.40  aux    33.09  lr 1.00e-04   9.25 it/s  eta  0.86 h  Y/U/V 31.98/38.90/38.57  chroma 24.6%
 21,600/50,000  loss   2.3042  bpp 0.9552  psnr  30.55  aux    29.45  lr 1.00e-04   9.16 it/s  eta  0.86 h  Y/U/V 32.11/38.91/38.97  chroma 24.6%
 21,800/50,000  loss   2.3314  bpp 0.9512  psnr  30.21  aux    27.71  lr 1.00e-04   9.25 it/s  eta  0.85 h  Y/U/V 32.04/38.33/38.26  chroma 24.8%
 22,000/50,000  loss   2.3198  bpp 0.9583  psnr  30.46  aux    26.27  lr 1.00e-04   9.59 it/s  eta  0.81 h  Y/U/V 31.94/39.03/38.95  chroma 24.5%
        rtcheck  act 0.6983  vs est  +1.28%  vs est_q  -0.00%  (sigma grid +1.29%)  oor y 0.000% z 0.000% (uv y 0.000% z 0.000%)  worst y +12 B (+0.0%)  yhat exact  psnr 35.79  ok
        valid    loss   2.8788  bpp 0.9333  psnr  31.10
 22,200/50,000  loss   2.3273  bpp 0.9527  psnr  30.43  aux    26.08  lr 1.00e-04   8.46 it/s  eta  0.91 h  Y/U/V 31.96/39.15/38.80  chroma 24.6%
 22,400/50,000  loss   2.3468  bpp 0.9671  psnr  30.50  aux    37.60  lr 1.00e-04   9.16 it/s  eta  0.84 h  Y/U/V 32.08/38.80/38.79  chroma 24.5%
 22,600/50,000  loss   2.3525  bpp 0.9643  psnr  30.27  aux    25.54  lr 1.00e-04   9.15 it/s  eta  0.83 h  Y/U/V 31.89/38.66/38.25  chroma 24.6%
 22,800/50,000  loss   2.2999  bpp 0.9624  psnr  30.59  aux    37.20  lr 1.00e-04   9.21 it/s  eta  0.82 h  Y/U/V 32.08/39.16/39.08  chroma 24.6%
 23,000/50,000  loss   2.3207  bpp 0.9572  psnr  30.59  aux    25.00  lr 1.00e-04   9.15 it/s  eta  0.82 h  Y/U/V 32.14/38.87/39.09  chroma 24.6%
 23,200/50,000  loss   2.2958  bpp 0.9516  psnr  30.64  aux    27.63  lr 1.00e-04   9.16 it/s  eta  0.81 h  Y/U/V 32.14/39.30/39.02  chroma 24.6%
 23,400/50,000  loss   2.2826  bpp 0.9568  psnr  30.68  aux    29.38  lr 1.00e-04   9.14 it/s  eta  0.81 h  Y/U/V 32.22/39.35/38.89  chroma 24.6%
 23,600/50,000  loss   2.4196  bpp 0.9751  psnr  30.14  aux    25.13  lr 1.00e-04   9.16 it/s  eta  0.80 h  Y/U/V 31.76/38.54/38.42  chroma 24.5%
 23,800/50,000  loss   2.2779  bpp 0.9488  psnr  30.66  aux    25.05  lr 1.00e-04   9.23 it/s  eta  0.79 h  Y/U/V 32.25/38.75/38.98  chroma 24.7%
 24,000/50,000  loss   2.3378  bpp 0.9627  psnr  30.56  aux    27.18  lr 1.00e-04   9.44 it/s  eta  0.76 h  Y/U/V 32.08/38.97/39.09  chroma 24.6%
        rtcheck  act 0.6941  vs est  +1.48%  vs est_q  +0.07%  (sigma grid +1.41%)  oor y 0.000% z 0.000% (uv y 0.000% z 0.000%)  worst y +15 B (+0.0%)  yhat exact  psnr 37.21  ok
        valid    loss   2.7777  bpp 0.9452  psnr  31.62
 24,200/50,000  loss   2.3006  bpp 0.9554  psnr  30.64  aux    32.37  lr 1.00e-04   8.48 it/s  eta  0.84 h  Y/U/V 32.20/39.19/38.86  chroma 24.5%
 24,400/50,000  loss   2.3424  bpp 0.9640  psnr  30.47  aux    27.53  lr 1.00e-04   9.20 it/s  eta  0.77 h  Y/U/V 32.03/38.88/38.69  chroma 24.7%
 24,600/50,000  loss   2.3722  bpp 0.9664  psnr  30.26  aux    28.13  lr 1.00e-04   9.14 it/s  eta  0.77 h  Y/U/V 31.92/38.76/38.19  chroma 24.7%
 24,800/50,000  loss   2.2947  bpp 0.9560  psnr  30.56  aux    24.83  lr 1.00e-04   9.14 it/s  eta  0.77 h  Y/U/V 32.19/38.97/38.69  chroma 24.6%
 25,000/50,000  loss   2.3194  bpp 0.9643  psnr  30.54  aux    30.79  lr 1.00e-04   9.15 it/s  eta  0.76 h  Y/U/V 32.11/38.94/38.92  chroma 24.7%
 25,200/50,000  loss   2.2955  bpp 0.9484  psnr  30.68  aux    31.92  lr 1.00e-04   9.17 it/s  eta  0.75 h  Y/U/V 32.28/39.04/38.88  chroma 24.8%
 25,400/50,000  loss   2.3262  bpp 0.9672  psnr  30.56  aux    31.36  lr 1.00e-04   9.13 it/s  eta  0.75 h  Y/U/V 32.05/39.04/39.18  chroma 24.5%
 25,600/50,000  loss   2.3181  bpp 0.9727  psnr  30.54  aux    33.82  lr 1.00e-04   9.16 it/s  eta  0.74 h  Y/U/V 32.09/39.00/38.82  chroma 24.4%
 25,800/50,000  loss   2.2638  bpp 0.9542  psnr  30.76  aux    35.46  lr 1.00e-04   9.24 it/s  eta  0.73 h  Y/U/V 32.35/39.25/38.95  chroma 24.7%
 26,000/50,000  loss   2.2704  bpp 0.9509  psnr  30.72  aux    24.79  lr 1.00e-04   9.51 it/s  eta  0.70 h  Y/U/V 32.31/39.06/38.98  chroma 24.8%
        rtcheck  act 0.7006  vs est  +1.45%  vs est_q  -0.02%  (sigma grid +1.48%)  oor y 0.000% z 0.000% (uv y 0.000% z 0.000%)  worst y +14 B (+0.0%)  yhat exact  psnr 35.45  ok
        valid    loss   2.8851  bpp 0.9448  psnr  30.70
 26,200/50,000  loss   2.3334  bpp 0.9641  psnr  30.48  aux    25.72  lr 1.00e-04   8.29 it/s  eta  0.80 h  Y/U/V 32.04/39.11/38.77  chroma 24.5%
 26,400/50,000  loss   2.3883  bpp 0.9804  psnr  30.28  aux    34.37  lr 1.00e-04   9.15 it/s  eta  0.72 h  Y/U/V 31.76/38.66/38.80  chroma 24.3%
 26,600/50,000  loss   2.3243  bpp 0.9647  psnr  30.49  aux    28.08  lr 1.00e-04   9.15 it/s  eta  0.71 h  Y/U/V 31.99/38.98/38.95  chroma 24.5%
 26,800/50,000  loss   2.2799  bpp 0.9629  psnr  30.69  aux    36.22  lr 1.00e-04   9.15 it/s  eta  0.70 h  Y/U/V 32.21/38.93/39.37  chroma 24.4%
 27,000/50,000  loss   2.3050  bpp 0.9646  psnr  30.62  aux    30.60  lr 1.00e-04   9.11 it/s  eta  0.70 h  Y/U/V 32.29/38.92/38.77  chroma 24.8%
 27,200/50,000  loss   2.2945  bpp 0.9653  psnr  30.67  aux    29.18  lr 1.00e-04   9.13 it/s  eta  0.69 h  Y/U/V 32.17/39.18/39.06  chroma 24.6%
 27,400/50,000  loss   2.2199  bpp 0.9509  psnr  30.90  aux    28.30  lr 1.00e-04   9.16 it/s  eta  0.69 h  Y/U/V 32.60/39.21/38.90  chroma 24.6%
 27,600/50,000  loss   2.3321  bpp 0.9681  psnr  30.47  aux    28.69  lr 1.00e-04   9.22 it/s  eta  0.67 h  Y/U/V 32.05/38.81/38.85  chroma 24.7%
 27,800/50,000  loss   2.2900  bpp 0.9704  psnr  30.64  aux    26.29  lr 1.00e-04   9.23 it/s  eta  0.67 h  Y/U/V 32.15/39.09/39.00  chroma 24.4%
 28,000/50,000  loss   2.3269  bpp 0.9702  psnr  30.42  aux    28.63  lr 1.00e-04   9.42 it/s  eta  0.65 h  Y/U/V 31.99/38.90/38.74  chroma 24.5%
        rtcheck  act 0.7100  vs est  +1.41%  vs est_q  -0.03%  (sigma grid +1.44%)  oor y 0.000% z 0.000% (uv y 0.000% z 0.000%)  worst y +14 B (+0.0%)  yhat exact  psnr 36.27  ok
        valid    loss   2.8182  bpp 0.9544  psnr  31.51
 28,200/50,000  loss   2.2568  bpp 0.9587  psnr  30.77  aux    28.02  lr 1.00e-04   8.49 it/s  eta  0.71 h  Y/U/V 32.36/39.43/38.86  chroma 24.6%
 28,400/50,000  loss   2.3148  bpp 0.9715  psnr  30.52  aux    29.97  lr 1.00e-04   9.16 it/s  eta  0.65 h  Y/U/V 32.06/38.73/39.14  chroma 24.2%
 28,600/50,000  loss   2.3216  bpp 0.9709  psnr  30.44  aux    27.61  lr 1.00e-04   9.15 it/s  eta  0.65 h  Y/U/V 32.04/38.69/38.82  chroma 24.6%
 28,800/50,000  loss   2.2836  bpp 0.9635  psnr  30.75  aux    30.80  lr 1.00e-04   9.17 it/s  eta  0.64 h  Y/U/V 32.28/39.32/38.89  chroma 24.6%
 29,000/50,000  loss   2.3308  bpp 0.9706  psnr  30.51  aux    33.79  lr 1.00e-04   9.13 it/s  eta  0.64 h  Y/U/V 32.06/38.88/38.85  chroma 24.5%
 29,200/50,000  loss   2.3112  bpp 0.9666  psnr  30.52  aux    26.15  lr 1.00e-04   9.22 it/s  eta  0.63 h  Y/U/V 32.21/38.80/38.60  chroma 24.4%
 29,400/50,000  loss   2.2559  bpp 0.9696  psnr  30.84  aux    33.39  lr 1.00e-04   9.17 it/s  eta  0.62 h  Y/U/V 32.50/39.06/38.91  chroma 24.8%
 29,600/50,000  loss   2.3044  bpp 0.9696  psnr  30.62  aux    36.00  lr 1.00e-04   9.13 it/s  eta  0.62 h  Y/U/V 32.23/38.92/39.20  chroma 24.3%
 29,800/50,000  loss   2.2386  bpp 0.9595  psnr  30.86  aux    34.80  lr 1.00e-04   9.25 it/s  eta  0.61 h  Y/U/V 32.49/38.97/39.20  chroma 24.6%
 30,000/50,000  loss   2.3230  bpp 0.9730  psnr  30.62  aux    24.03  lr 1.00e-04   9.43 it/s  eta  0.59 h  Y/U/V 32.24/39.12/38.81  chroma 24.6%
        rtcheck  act 0.6978  vs est  +1.65%  vs est_q  -0.04%  (sigma grid +1.69%)  oor y 0.000% z 0.000% (uv y 0.000% z 0.000%)  worst y +12 B (+0.0%)  yhat exact  psnr 37.10  ok
        valid    loss   2.8044  bpp 0.9509  psnr  31.84
 30,200/50,000  loss   2.2871  bpp 0.9691  psnr  30.65  aux    31.10  lr 1.00e-04   8.31 it/s  eta  0.66 h  Y/U/V 32.21/39.24/38.84  chroma 24.6%
 30,400/50,000  loss   2.2745  bpp 0.9706  psnr  30.71  aux    31.73  lr 1.00e-04   9.15 it/s  eta  0.60 h  Y/U/V 32.31/39.06/38.99  chroma 24.4%
 30,600/50,000  loss   2.3057  bpp 0.9695  psnr  30.65  aux    33.70  lr 1.00e-04   9.13 it/s  eta  0.59 h  Y/U/V 32.17/39.19/38.98  chroma 24.4%
 30,800/50,000  loss   2.3076  bpp 0.9820  psnr  30.57  aux    30.35  lr 1.00e-04   9.23 it/s  eta  0.58 h  Y/U/V 32.25/38.50/38.83  chroma 24.5%
 31,000/50,000  loss   2.2091  bpp 0.9489  psnr  30.91  aux    25.48  lr 1.00e-04   9.16 it/s  eta  0.58 h  Y/U/V 32.56/39.30/38.99  chroma 24.7%
 31,200/50,000  loss   2.3215  bpp 0.9796  psnr  30.57  aux    34.17  lr 1.00e-04   9.14 it/s  eta  0.57 h  Y/U/V 32.21/38.89/38.68  chroma 24.5%
 31,400/50,000  loss   2.2638  bpp 0.9700  psnr  30.80  aux    31.07  lr 1.00e-04   9.16 it/s  eta  0.56 h  Y/U/V 32.42/39.26/38.81  chroma 24.5%
 31,600/50,000  loss   2.2914  bpp 0.9797  psnr  30.72  aux    33.25  lr 1.00e-04   9.17 it/s  eta  0.56 h  Y/U/V 32.25/39.14/39.14  chroma 24.4%
 31,800/50,000  loss   2.2899  bpp 0.9737  psnr  30.61  aux    30.01  lr 1.00e-04   9.24 it/s  eta  0.55 h  Y/U/V 32.17/38.98/38.92  chroma 24.5%
 32,000/50,000  loss   2.2476  bpp 0.9597  psnr  30.97  aux    29.56  lr 1.00e-04   9.39 it/s  eta  0.53 h  Y/U/V 32.47/39.44/39.30  chroma 24.7%
        rtcheck  act 0.7052  vs est  +1.14%  vs est_q  -0.05%  (sigma grid +1.19%)  oor y 0.000% z 0.000% (uv y 0.000% z 0.000%)  worst y +15 B (+0.0%)  yhat exact  psnr 36.83  ok
        valid    loss   2.7575  bpp 0.9507  psnr  31.61
 32,200/50,000  loss   2.2447  bpp 0.9615  psnr  30.79  aux    22.04  lr 1.00e-04   8.57 it/s  eta  0.58 h  Y/U/V 32.26/39.32/39.30  chroma 24.5%
 32,400/50,000  loss   2.3088  bpp 0.9791  psnr  30.57  aux    33.19  lr 1.00e-04   9.18 it/s  eta  0.53 h  Y/U/V 32.27/38.79/38.63  chroma 24.6%
 32,600/50,000  loss   2.2263  bpp 0.9563  psnr  30.89  aux    31.17  lr 1.00e-04   9.16 it/s  eta  0.53 h  Y/U/V 32.60/38.94/39.00  chroma 24.6%
 32,800/50,000  loss   2.3261  bpp 0.9841  psnr  30.53  aux    31.53  lr 1.00e-04   9.14 it/s  eta  0.52 h  Y/U/V 32.15/38.88/38.63  chroma 24.5%
 33,000/50,000  loss   2.2334  bpp 0.9683  psnr  30.83  aux    29.56  lr 1.00e-04   9.14 it/s  eta  0.52 h  Y/U/V 32.43/39.11/39.11  chroma 24.4%
 33,200/50,000  loss   2.2886  bpp 0.9781  psnr  30.63  aux    32.43  lr 1.00e-04   9.14 it/s  eta  0.51 h  Y/U/V 32.24/38.92/38.86  chroma 24.5%
 33,400/50,000  loss   2.2472  bpp 0.9643  psnr  30.83  aux    27.17  lr 1.00e-04   9.16 it/s  eta  0.50 h  Y/U/V 32.44/39.20/39.13  chroma 24.5%
 33,600/50,000  loss   2.3094  bpp 0.9739  psnr  30.57  aux    21.16  lr 1.00e-04   9.19 it/s  eta  0.50 h  Y/U/V 32.16/38.88/38.87  chroma 24.5%
 33,800/50,000  loss   2.2928  bpp 0.9822  psnr  30.64  aux    34.89  lr 1.00e-04   9.28 it/s  eta  0.48 h  Y/U/V 32.20/38.97/39.04  chroma 24.5%
 34,000/50,000  loss   2.2227  bpp 0.9600  psnr  30.90  aux    25.18  lr 1.00e-04   9.36 it/s  eta  0.47 h  Y/U/V 32.47/39.38/39.19  chroma 24.6%
        rtcheck  act 0.7025  vs est  +0.85%  vs est_q  -0.01%  (sigma grid +0.85%)  oor y 0.000% z 0.000% (uv y 0.000% z 0.000%)  worst y +17 B (+0.0%)  yhat exact  psnr 36.71  ok
        valid    loss   2.9492  bpp 0.9646  psnr  31.35
 34,200/50,000  loss   2.2814  bpp 0.9753  psnr  30.75  aux    27.23  lr 1.00e-04   8.40 it/s  eta  0.52 h  Y/U/V 32.30/39.08/39.24  chroma 24.3%
 34,400/50,000  loss   2.2709  bpp 0.9733  psnr  30.77  aux    35.09  lr 1.00e-04   9.16 it/s  eta  0.47 h  Y/U/V 32.43/38.89/38.97  chroma 24.4%
 34,600/50,000  loss   2.2400  bpp 0.9657  psnr  30.83  aux    24.74  lr 1.00e-04   9.15 it/s  eta  0.47 h  Y/U/V 32.46/39.03/39.13  chroma 24.4%
 34,800/50,000  loss   2.2842  bpp 0.9792  psnr  30.71  aux    32.90  lr 1.00e-04   9.13 it/s  eta  0.46 h  Y/U/V 32.26/39.29/39.08  chroma 24.4%
 35,000/50,000  loss   2.2740  bpp 0.9709  psnr  30.76  aux    31.21  lr 1.00e-04   9.14 it/s  eta  0.46 h  Y/U/V 32.40/39.29/38.74  chroma 24.5%
 35,200/50,000  loss   2.2550  bpp 0.9766  psnr  30.84  aux    35.43  lr 1.00e-04   9.12 it/s  eta  0.45 h  Y/U/V 32.40/39.28/39.10  chroma 24.5%
 35,400/50,000  loss   2.2468  bpp 0.9753  psnr  30.84  aux    37.86  lr 1.00e-04   9.18 it/s  eta  0.44 h  Y/U/V 32.54/39.03/38.91  chroma 24.7%
 35,600/50,000  loss   2.2903  bpp 0.9734  psnr  30.70  aux    30.95  lr 1.00e-04   9.20 it/s  eta  0.43 h  Y/U/V 32.20/39.21/38.98  chroma 24.2%
 35,800/50,000  loss   2.2248  bpp 0.9675  psnr  30.98  aux    25.92  lr 1.00e-04   9.20 it/s  eta  0.43 h  Y/U/V 32.59/39.35/39.13  chroma 24.6%
 36,000/50,000  loss   2.2495  bpp 0.9785  psnr  30.69  aux    28.10  lr 1.00e-04   9.45 it/s  eta  0.41 h  Y/U/V 32.36/38.75/38.86  chroma 24.3%
        rtcheck  act 0.7032  vs est  +1.23%  vs est_q  -0.04%  (sigma grid +1.27%)  oor y 0.000% z 0.000% (uv y 0.000% z 0.000%)  worst y +8 B (+0.0%)  yhat exact  psnr 36.13  ok
        valid    loss   2.7659  bpp 0.9578  psnr  31.17
 36,200/50,000  loss   2.2330  bpp 0.9659  psnr  30.96  aux    34.96  lr 1.00e-04   8.83 it/s  eta  0.43 h  Y/U/V 32.62/39.13/39.22  chroma 24.4%
 36,400/50,000  loss   2.3232  bpp 0.9878  psnr  30.52  aux    38.55  lr 1.00e-04   9.10 it/s  eta  0.41 h  Y/U/V 32.15/38.73/38.80  chroma 24.3%
 36,600/50,000  loss   2.2546  bpp 0.9752  psnr  30.73  aux    26.79  lr 1.00e-04   9.09 it/s  eta  0.41 h  Y/U/V 32.33/39.05/39.05  chroma 24.4%
 36,800/50,000  loss   2.2386  bpp 0.9732  psnr  30.99  aux    29.28  lr 1.00e-04   9.08 it/s  eta  0.40 h  Y/U/V 32.69/39.24/38.90  chroma 24.6%
 37,000/50,000  loss   2.2442  bpp 0.9712  psnr  31.00  aux    30.68  lr 1.00e-04   9.14 it/s  eta  0.40 h  Y/U/V 32.54/39.47/39.52  chroma 24.3%
 37,200/50,000  loss   2.2475  bpp 0.9717  psnr  30.74  aux    26.60  lr 1.00e-04   9.08 it/s  eta  0.39 h  Y/U/V 32.35/39.08/38.94  chroma 24.4%
 37,400/50,000  loss   2.2539  bpp 0.9765  psnr  30.73  aux    34.46  lr 1.00e-04   9.11 it/s  eta  0.38 h  Y/U/V 32.46/38.94/38.68  chroma 24.5%
 37,600/50,000  loss   2.2408  bpp 0.9772  psnr  30.91  aux    25.63  lr 1.00e-04   9.18 it/s  eta  0.38 h  Y/U/V 32.65/39.01/38.77  chroma 24.7%
 37,800/50,000  loss   2.2567  bpp 0.9693  psnr  30.74  aux    32.61  lr 1.00e-04   9.09 it/s  eta  0.37 h  Y/U/V 32.37/39.13/38.56  chroma 24.3%
 38,000/50,000  loss   2.2687  bpp 0.9791  psnr  30.73  aux    33.43  lr 1.00e-04   9.33 it/s  eta  0.36 h  Y/U/V 32.33/39.15/38.81  chroma 24.5%
        rtcheck  act 0.6946  vs est  +1.57%  vs est_q  +0.01%  (sigma grid +1.56%)  oor y 0.000% z 0.000% (uv y 0.000% z 0.000%)  worst y +15 B (+0.0%)  yhat exact  psnr 36.55  ok
        valid    loss   2.7227  bpp 0.9520  psnr  31.78
 38,200/50,000  loss   2.2783  bpp 0.9846  psnr  30.71  aux    29.80  lr 1.00e-04   8.54 it/s  eta  0.38 h  Y/U/V 32.32/39.15/38.88  chroma 24.2%
 38,400/50,000  loss   2.2180  bpp 0.9657  psnr  30.97  aux    34.64  lr 1.00e-04   9.12 it/s  eta  0.35 h  Y/U/V 32.71/38.96/39.00  chroma 24.8%
 38,600/50,000  loss   2.2683  bpp 0.9750  psnr  30.76  aux    23.80  lr 1.00e-04   9.45 it/s  eta  0.34 h  Y/U/V 32.36/39.03/39.22  chroma 24.5%
 38,800/50,000  loss   2.2455  bpp 0.9765  psnr  30.74  aux    27.58  lr 1.00e-04   9.12 it/s  eta  0.34 h  Y/U/V 32.43/38.96/38.73  chroma 24.5%
 39,000/50,000  loss   2.2659  bpp 0.9800  psnr  30.81  aux    37.48  lr 1.00e-04   9.14 it/s  eta  0.33 h  Y/U/V 32.34/39.21/39.21  chroma 24.4%
 39,200/50,000  loss   2.2053  bpp 0.9714  psnr  31.05  aux    38.05  lr 1.00e-04   9.14 it/s  eta  0.33 h  Y/U/V 32.71/39.40/39.14  chroma 24.4%
 39,400/50,000  loss   2.2032  bpp 0.9698  psnr  31.14  aux    32.66  lr 1.00e-04   9.10 it/s  eta  0.32 h  Y/U/V 32.73/39.57/39.27  chroma 24.5%
 39,600/50,000  loss   2.2542  bpp 0.9679  psnr  30.80  aux    26.67  lr 1.00e-04   9.22 it/s  eta  0.31 h  Y/U/V 32.53/39.18/38.65  chroma 24.5%
 39,800/50,000  loss   2.2598  bpp 0.9851  psnr  30.66  aux    35.60  lr 1.00e-04   9.12 it/s  eta  0.31 h  Y/U/V 32.41/38.59/38.81  chroma 24.4%
 40,000/50,000  loss   2.2656  bpp 0.9823  psnr  30.68  aux    24.45  lr 1.00e-04   9.45 it/s  eta  0.29 h  Y/U/V 32.17/39.26/39.16  chroma 24.4%
        rtcheck  act 0.6980  vs est  +1.08%  vs est_q  +0.03%  (sigma grid +1.05%)  oor y 0.000% z 0.000% (uv y 0.000% z 0.000%)  worst y +13 B (+0.0%)  yhat exact  psnr 37.03  ok
        valid    loss   2.7206  bpp 0.9538  psnr  31.70
 40,200/50,000  loss   2.2682  bpp 0.9780  psnr  30.73  aux    32.83  lr 1.00e-04   8.58 it/s  eta  0.32 h  Y/U/V 32.38/39.09/38.76  chroma 24.4%
 40,400/50,000  loss   2.2359  bpp 0.9816  psnr  30.82  aux    33.77  lr 1.00e-04   9.11 it/s  eta  0.29 h  Y/U/V 32.45/38.86/39.25  chroma 24.6%
 40,600/50,000  loss   2.2081  bpp 0.9636  psnr  30.91  aux    33.91  lr 1.00e-04   9.15 it/s  eta  0.29 h  Y/U/V 32.74/38.98/38.67  chroma 24.4%
 40,800/50,000  loss   2.2654  bpp 0.9874  psnr  30.73  aux    36.01  lr 1.00e-04   9.14 it/s  eta  0.28 h  Y/U/V 32.36/38.86/39.12  chroma 24.3%
 41,000/50,000  loss   2.2457  bpp 0.9860  psnr  30.88  aux    32.00  lr 1.00e-04   9.11 it/s  eta  0.27 h  Y/U/V 32.44/39.29/39.28  chroma 24.1%
 41,200/50,000  loss   2.2513  bpp 0.9726  psnr  30.90  aux    32.79  lr 1.00e-04   9.12 it/s  eta  0.27 h  Y/U/V 32.60/39.12/38.94  chroma 24.7%
 41,400/50,000  loss   2.2394  bpp 0.9739  psnr  30.92  aux    29.09  lr 1.00e-04   9.12 it/s  eta  0.26 h  Y/U/V 32.50/39.18/39.22  chroma 24.6%
 41,600/50,000  loss   2.2478  bpp 0.9794  psnr  30.88  aux    25.36  lr 1.00e-04   9.32 it/s  eta  0.25 h  Y/U/V 32.53/39.16/38.93  chroma 24.4%
 41,800/50,000  loss   2.2519  bpp 0.9782  psnr  30.92  aux    30.36  lr 1.00e-04   9.17 it/s  eta  0.25 h  Y/U/V 32.49/39.20/39.34  chroma 24.3%
 42,000/50,000  loss   2.2895  bpp 0.9909  psnr  30.69  aux    34.13  lr 1.00e-04   9.38 it/s  eta  0.24 h  Y/U/V 32.31/39.04/38.80  chroma 24.4%
        rtcheck  act 0.6963  vs est  +1.18%  vs est_q  +0.02%  (sigma grid +1.16%)  oor y 0.000% z 0.000% (uv y 0.000% z 0.000%)  worst y +9 B (+0.0%)  yhat exact  psnr 36.49  ok
        valid    loss   2.6634  bpp 0.9517  psnr  31.84
 42,200/50,000  loss   2.2184  bpp 0.9680  psnr  30.93  aux    24.12  lr 1.00e-04   8.54 it/s  eta  0.25 h  Y/U/V 32.62/39.19/38.92  chroma 24.6%
 42,400/50,000  loss   2.2170  bpp 0.9738  psnr  30.86  aux    32.38  lr 1.00e-04   9.13 it/s  eta  0.23 h  Y/U/V 32.55/38.86/38.96  chroma 24.5%
 42,600/50,000  loss   2.2376  bpp 0.9801  psnr  30.86  aux    38.89  lr 1.00e-04   9.15 it/s  eta  0.22 h  Y/U/V 32.44/39.25/39.17  chroma 24.4%
 42,800/50,000  loss   2.2240  bpp 0.9734  psnr  30.96  aux    30.42  lr 1.00e-04   9.11 it/s  eta  0.22 h  Y/U/V 32.65/39.11/38.95  chroma 24.4%
 43,000/50,000  loss   2.2005  bpp 0.9779  psnr  30.98  aux    33.77  lr 1.00e-04   9.14 it/s  eta  0.21 h  Y/U/V 32.66/39.20/38.94  chroma 24.4%
 43,200/50,000  loss   2.2509  bpp 0.9811  psnr  30.89  aux    32.20  lr 1.00e-04   9.19 it/s  eta  0.21 h  Y/U/V 32.47/39.12/39.28  chroma 24.3%
 43,400/50,000  loss   2.2240  bpp 0.9788  psnr  30.96  aux    29.89  lr 1.00e-04   9.13 it/s  eta  0.20 h  Y/U/V 32.64/39.30/38.97  chroma 24.3%
 43,600/50,000  loss   2.2644  bpp 0.9850  psnr  30.86  aux    34.33  lr 1.00e-04   9.21 it/s  eta  0.19 h  Y/U/V 32.51/39.10/38.92  chroma 24.6%
 43,800/50,000  loss   2.2454  bpp 0.9862  psnr  30.80  aux    29.89  lr 1.00e-04   9.11 it/s  eta  0.19 h  Y/U/V 32.36/39.12/39.28  chroma 24.2%
 44,000/50,000  loss   2.1866  bpp 0.9631  psnr  31.11  aux    31.39  lr 1.00e-04   9.38 it/s  eta  0.18 h  Y/U/V 32.76/39.36/39.34  chroma 24.4%
        rtcheck  act 0.6889  vs est  +1.20%  vs est_q  +0.02%  (sigma grid +1.18%)  oor y 0.000% z 0.000% (uv y 0.000% z 0.000%)  worst y +12 B (+0.0%)  yhat exact  psnr 36.07  ok
        valid    loss   2.8083  bpp 0.9500  psnr  31.57
 44,200/50,000  loss   2.2331  bpp 0.9869  psnr  30.94  aux    33.33  lr 1.00e-04   8.52 it/s  eta  0.19 h  Y/U/V 32.63/39.12/38.94  chroma 24.5%
 44,400/50,000  loss   2.1986  bpp 0.9709  psnr  31.08  aux    38.09  lr 1.00e-04   9.15 it/s  eta  0.17 h  Y/U/V 32.69/39.44/39.27  chroma 24.5%
 44,600/50,000  loss   2.2442  bpp 0.9820  psnr  30.95  aux    33.03  lr 1.00e-04   9.15 it/s  eta  0.16 h  Y/U/V 32.56/39.10/39.19  chroma 24.4%
 44,800/50,000  loss   2.2541  bpp 0.9790  psnr  30.75  aux    30.61  lr 1.00e-04   9.19 it/s  eta  0.16 h  Y/U/V 32.30/39.25/39.14  chroma 24.1%
 45,000/50,000  loss   2.1801  bpp 0.9679  psnr  31.12  aux    36.86  lr 1.00e-04   9.13 it/s  eta  0.15 h  Y/U/V 32.80/39.37/39.23  chroma 24.4%
 45,200/50,000  loss   2.2624  bpp 0.9900  psnr  30.73  aux    28.85  lr 9.96e-05   9.11 it/s  eta  0.15 h  Y/U/V 32.45/38.63/38.79  chroma 24.5%
 45,400/50,000  loss   2.2628  bpp 0.9920  psnr  30.88  aux    36.18  lr 9.86e-05   9.11 it/s  eta  0.14 h  Y/U/V 32.56/39.04/39.04  chroma 24.4%
 45,600/50,000  loss   2.2014  bpp 0.9715  psnr  31.04  aux    22.61  lr 9.69e-05   9.27 it/s  eta  0.13 h  Y/U/V 32.72/39.30/39.07  chroma 24.3%
 45,800/50,000  loss   2.2396  bpp 0.9827  psnr  30.82  aux    28.78  lr 9.44e-05   9.11 it/s  eta  0.13 h  Y/U/V 32.50/38.89/38.98  chroma 24.6%
 46,000/50,000  loss   2.1582  bpp 0.9686  psnr  31.20  aux    30.25  lr 9.14e-05   9.47 it/s  eta  0.12 h  Y/U/V 32.78/39.69/39.31  chroma 24.4%
        rtcheck  act 0.6981  vs est  +1.18%  vs est_q  +0.02%  (sigma grid +1.15%)  oor y 0.000% z 0.000% (uv y 0.000% z 0.000%)  worst y +13 B (+0.0%)  yhat exact  psnr 36.46  ok
        valid    loss   2.6577  bpp 0.9601  psnr  31.50
 46,200/50,000  loss   2.2225  bpp 0.9886  psnr  30.97  aux    34.00  lr 8.78e-05   7.62 it/s  eta  0.14 h  Y/U/V 32.67/39.10/39.05  chroma 24.2%
 46,400/50,000  loss   2.2035  bpp 0.9797  psnr  31.06  aux    30.75  lr 8.37e-05   9.21 it/s  eta  0.11 h  Y/U/V 32.59/39.36/39.57  chroma 24.2%
 46,600/50,000  loss   2.1854  bpp 0.9854  psnr  31.01  aux    23.10  lr 7.91e-05   9.10 it/s  eta  0.10 h  Y/U/V 32.64/39.34/39.22  chroma 24.1%
 46,800/50,000  loss   2.1946  bpp 0.9867  psnr  31.06  aux    24.98  lr 7.42e-05   9.13 it/s  eta  0.10 h  Y/U/V 32.61/39.50/39.38  chroma 24.1%
 47,000/50,000  loss   2.1579  bpp 0.9740  psnr  31.13  aux    24.54  lr 6.89e-05   9.14 it/s  eta  0.09 h  Y/U/V 32.75/39.40/39.36  chroma 24.5%
 47,200/50,000  loss   2.1596  bpp 0.9797  psnr  31.12  aux    20.66  lr 6.35e-05   9.14 it/s  eta  0.09 h  Y/U/V 32.72/39.26/39.47  chroma 24.4%
 47,400/50,000  loss   2.1198  bpp 0.9749  psnr  31.38  aux    18.52  lr 5.79e-05   9.12 it/s  eta  0.08 h  Y/U/V 32.97/39.69/39.62  chroma 24.5%
 47,600/50,000  loss   2.1512  bpp 0.9899  psnr  31.24  aux    18.51  lr 5.22e-05   9.24 it/s  eta  0.07 h  Y/U/V 32.79/39.64/39.62  chroma 23.9%
 47,800/50,000  loss   2.1202  bpp 0.9754  psnr  31.42  aux    15.05  lr 4.66e-05   9.13 it/s  eta  0.07 h  Y/U/V 32.96/39.71/39.96  chroma 24.3%
 48,000/50,000  loss   2.1366  bpp 0.9901  psnr  31.36  aux    14.30  lr 4.11e-05   9.44 it/s  eta  0.06 h  Y/U/V 32.90/39.80/39.66  chroma 24.1%
        rtcheck  act 0.6982  vs est  +0.91%  vs est_q  +0.04%  (sigma grid +0.87%)  oor y 0.000% z 0.000% (uv y 0.000% z 0.000%)  worst y +15 B (+0.0%)  yhat exact  psnr 37.74  ok
        valid    loss   2.5482  bpp 0.9662  psnr  32.40
 48,200/50,000  loss   2.1124  bpp 0.9812  psnr  31.40  aux    12.68  lr 3.59e-05   8.53 it/s  eta  0.06 h  Y/U/V 32.97/39.61/39.75  chroma 24.4%
 48,400/50,000  loss   2.1262  bpp 0.9923  psnr  31.42  aux    12.67  lr 3.09e-05   9.16 it/s  eta  0.05 h  Y/U/V 32.89/39.92/40.13  chroma 24.0%
 48,600/50,000  loss   2.0756  bpp 0.9783  psnr  31.59  aux    11.87  lr 2.63e-05   9.11 it/s  eta  0.04 h  Y/U/V 33.06/40.10/40.05  chroma 24.0%
 48,800/50,000  loss   2.0691  bpp 0.9827  psnr  31.71  aux    11.24  lr 2.22e-05   9.14 it/s  eta  0.04 h  Y/U/V 33.33/40.06/39.95  chroma 24.3%
 49,000/50,000  loss   2.0573  bpp 0.9849  psnr  31.68  aux    11.00  lr 1.86e-05   9.13 it/s  eta  0.03 h  Y/U/V 33.23/40.14/39.98  chroma 24.2%
 49,200/50,000  loss   2.0632  bpp 0.9847  psnr  31.61  aux    10.73  lr 1.56e-05   9.11 it/s  eta  0.02 h  Y/U/V 33.16/40.13/40.05  chroma 24.2%
 49,400/50,000  loss   2.1040  bpp 0.9825  psnr  31.40  aux    10.41  lr 1.32e-05   9.32 it/s  eta  0.02 h  Y/U/V 32.87/39.83/40.17  chroma 24.2%
 49,600/50,000  loss   2.0743  bpp 0.9881  psnr  31.66  aux    10.25  lr 1.14e-05   9.74 it/s  eta  0.01 h  Y/U/V 33.10/40.24/40.20  chroma 23.9%
 49,800/50,000  loss   2.1023  bpp 0.9957  psnr  31.42  aux    10.06  lr 1.04e-05  10.53 it/s  eta  0.01 h  Y/U/V 32.87/39.98/40.09  chroma 24.0%
 50,000/50,000  loss   2.0573  bpp 0.9858  psnr  31.65  aux     9.52  lr 1.00e-05  11.27 it/s  eta  0.00 h  Y/U/V 33.16/40.08/40.11  chroma 24.2%
        rtcheck  act 0.7076  vs est  +0.85%  vs est_q  +0.03%  (sigma grid +0.82%)  oor y 0.000% z 0.000% (uv y 0.000% z 0.000%)  worst y +15 B (+0.0%)  yhat exact  psnr 37.98  ok
        valid    loss   2.4978  bpp 0.9728  psnr  32.63

final    bpp 0.9728  psnr 32.63
gate     actual 0.7076 bpp
         vs estimate with quantised sigma: +0.03%   <- the coder/table gate, target +-0.5%
         vs estimate the loss saw:         +0.85%   (of which +0.82% is the 32-level sigma grid)
         out of table range: y 0.000%  z 0.000%
         per stream (bytes vs that stream's own estimate): y +0.04% (+14.6 B)  y_uv +0.09% (+8.0 B)  z +1.01% (+6.5 B)  z_uv -1.33% (-15.9 B)
         yhat bit-exact through the coder: True
wrote    checkpoints/sweep_w24/beta0.012/final.pt

==============================================================================
ladder summary   (act bpp and psnr are from the REAL bitstream)
------------------------------------------------------------------------------
    beta   lambda    steps  est bpp  act bpp    psnr   gap_q   oor y   oor z  exact     worst stream
   0.012      780   50,000   0.9728   0.7076   32.63   +0.03   0.000   0.000   True          y +15 B
------------------------------------------------------------------------------
gate:    every rate point agrees with its quantised-sigma estimate to within +-0.5%
valid:   /root/JPEC-AI/data/div2k/DIV2K_valid_HR

next: python -m jpegai.eval.runbench --neural checkpoints/sweep_w24 --codecs jpeg,webp,avif
